Archive member included to satisfy reference by file (symbol)

C:/Program Files/SEGGER/SEGGER Embedded Studio 8.24/lib/libc_v7em_fpv4_sp_d16_hard_t_le_eabi_balanced.a(fileops.o)
                              Output/nrf52832_xxaa/Obj/ss_twr_init/main.o (puts)
C:/Program Files/SEGGER/SEGGER Embedded Studio 8.24/lib/libc_v7em_fpv4_sp_d16_hard_t_le_eabi_balanced.a(floatops.o)
                              Output/nrf52832_xxaa/Obj/ss_twr_init/hybrid_scalable.o (sqrt)
C:/Program Files/SEGGER/SEGGER Embedded Studio 8.24/lib/libc_v7em_fpv4_sp_d16_hard_t_le_eabi_balanced.a(floatasmops_arm.o)
                              Output/nrf52832_xxaa/Obj/ss_twr_init/hybrid_scalable.o (__aeabi_dadd)
C:/Program Files/SEGGER/SEGGER Embedded Studio 8.24/lib/libc_v7em_fpv4_sp_d16_hard_t_le_eabi_balanced.a(prinops.o)
                              Output/nrf52832_xxaa/Obj/ss_twr_init/hybrid_scalable.o (printf)
C:/Program Files/SEGGER/SEGGER Embedded Studio 8.24/lib/libc_v7em_fpv4_sp_d16_hard_t_le_eabi_balanced.a(__SEGGER_RTL_vfprintf_short_float_long.o)
                              (__SEGGER_RTL_vfprintf_short_float_long)
C:/Program Files/SEGGER/SEGGER Embedded Studio 8.24/lib/libc_v7em_fpv4_sp_d16_hard_t_le_eabi_balanced.a(__SEGGER_RTL_vfscanf_int.o)
                              (__SEGGER_RTL_vfscanf_int)
C:/Program Files/SEGGER/SEGGER Embedded Studio 8.24/lib/libc_v7em_fpv4_sp_d16_hard_t_le_eabi_balanced.a(errno.o)
                              C:/Program Files/SEGGER/SEGGER Embedded Studio 8.24/lib/libc_v7em_fpv4_sp_d16_hard_t_le_eabi_balanced.a(fileops.o) (__aeabi_errno_addr)
C:/Program Files/SEGGER/SEGGER Embedded Studio 8.24/lib/libc_v7em_fpv4_sp_d16_hard_t_le_eabi_balanced.a(intops.o)
                              C:/Program Files/SEGGER/SEGGER Embedded Studio 8.24/lib/libc_v7em_fpv4_sp_d16_hard_t_le_eabi_balanced.a(__SEGGER_RTL_vfprintf_short_float_long.o) (abs)
C:/Program Files/SEGGER/SEGGER Embedded Studio 8.24/lib/libc_v7em_fpv4_sp_d16_hard_t_le_eabi_balanced.a(utilops.o)
                              C:/Program Files/SEGGER/SEGGER Embedded Studio 8.24/lib/libc_v7em_fpv4_sp_d16_hard_t_le_eabi_balanced.a(__SEGGER_RTL_vfprintf_short_float_long.o) (__SEGGER_RTL_pow10f)
C:/Program Files/SEGGER/SEGGER Embedded Studio 8.24/lib/libc_v7em_fpv4_sp_d16_hard_t_le_eabi_balanced.a(intasmops_arm.o)
                              C:/Program Files/SEGGER/SEGGER Embedded Studio 8.24/lib/libc_v7em_fpv4_sp_d16_hard_t_le_eabi_balanced.a(intops.o) (__aeabi_ldivmod)
C:/Program Files/SEGGER/SEGGER Embedded Studio 8.24/lib/prinops_rtt_v7em_fpv4_sp_d16_hard_t_le_eabi_balanced.a(prinops_rtt.o)
                              C:/Program Files/SEGGER/SEGGER Embedded Studio 8.24/lib/libc_v7em_fpv4_sp_d16_hard_t_le_eabi_balanced.a(fileops.o) (__SEGGER_RTL_X_file_stat)
C:/Program Files/SEGGER/SEGGER Embedded Studio 8.24/lib/heapops_disable_interrupts_locking_v7em_fpv4_sp_d16_hard_t_le_eabi_balanced.a(heapops.o)
                              C:/Program Files/SEGGER/SEGGER Embedded Studio 8.24/lib/libc_v7em_fpv4_sp_d16_hard_t_le_eabi_balanced.a(prinops.o) (free)
C:/Program Files/SEGGER/SEGGER Embedded Studio 8.24/lib/strops_unaligned_v7em_fpv4_sp_d16_hard_t_le_eabi_balanced.a(strops.o)
                              Output/nrf52832_xxaa/Obj/ss_twr_init/ss_init_main.o (memcmp)
C:/Program Files/SEGGER/SEGGER Embedded Studio 8.24/lib/strops_unaligned_v7em_fpv4_sp_d16_hard_t_le_eabi_balanced.a(strasmops_arm.o)
                              C:/Program Files/SEGGER/SEGGER Embedded Studio 8.24/lib/strops_unaligned_v7em_fpv4_sp_d16_hard_t_le_eabi_balanced.a(strops.o) (strcmp)
C:/Program Files/SEGGER/SEGGER Embedded Studio 8.24/lib/mbops_timeops_v7em_fpv4_sp_d16_hard_t_le_eabi_balanced.a(mbops.o)
                              C:/Program Files/SEGGER/SEGGER Embedded Studio 8.24/lib/libc_v7em_fpv4_sp_d16_hard_t_le_eabi_balanced.a(prinops.o) (__SEGGER_RTL_current_locale)
C:/Program Files/SEGGER/SEGGER Embedded Studio 8.24/lib/mbops_timeops_v7em_fpv4_sp_d16_hard_t_le_eabi_balanced.a(timeops.o)
                              C:/Program Files/SEGGER/SEGGER Embedded Studio 8.24/lib/mbops_timeops_v7em_fpv4_sp_d16_hard_t_le_eabi_balanced.a(mbops.o) (__SEGGER_RTL_string_list_encode)
C:/Program Files/SEGGER/SEGGER Embedded Studio 8.24/lib/libc_v7em_fpv4_sp_d16_hard_t_le_eabi_balanced.a(execops.o)
                              C:/Program Files/SEGGER/SEGGER Embedded Studio 8.24/lib/strops_unaligned_v7em_fpv4_sp_d16_hard_t_le_eabi_balanced.a(strops.o) (__SEGGER_RTL_constraint_violation)
C:/Program Files/SEGGER/SEGGER Embedded Studio 8.24/lib/libc_v7em_fpv4_sp_d16_hard_t_le_eabi_balanced.a(execops_arm.o)
                              C:/Program Files/SEGGER/SEGGER Embedded Studio 8.24/lib/libc_v7em_fpv4_sp_d16_hard_t_le_eabi_balanced.a(execops.o) (__aeabi_SIGABRT)
C:/Program Files/SEGGER/SEGGER Embedded Studio 8.24/lib/libc_v7em_fpv4_sp_d16_hard_t_le_eabi_balanced.a(sortops.o)
[...]
Memory Configuration

Name             Origin             Length             Attributes
UNPLACED_SECTIONS 0x00000000         0x00000000         xw
FLASH            0x00000000         0x00080000         xr
SRAM             0x20000000         0x00010000         xw
*default*        0x00000000         0xffffffff

Linker script and memory map

                0x00000000                        __FLASH_segment_start__ = 0x0
                0x00080000                        __FLASH_segment_end__ = 0x80000
                0x00080000                        __FLASH_segment_size__ = 0x80000
                0x20000000                        __SRAM_segment_start__ = 0x20000000
                0x20010000                        __SRAM_segment_end__ = 0x20010000
                0x00010000                        __SRAM_segment_size__ = 0x10000
                0x00000400                        __HEAPSIZE__ = 0x400
                0x000071bc                        __SEGGER_RTL_vfprintf = __SEGGER_RTL_vfprintf_short_float_long
                0x00000000                        __SEGGER_RTL_vfscanf = __SEGGER_RTL_vfscanf_int
                0x00000000                        __STACKSIZE_PROCESS__ = 0x0
                0x00000400                        __STACKSIZE__ = 0x400
                0x20000000                        __vectors_ram_load_start__ = ALIGN (__SRAM_segment_start__, 0x100)

.vectors_ram    0x20000000        0x0
                0x20000000                        __vectors_ram_start__ = .
 *(.vectors_ram .vectors_ram.*)
                0x20000000                        __vectors_ram_end__ = (__vectors_ram_start__ + SIZEOF (.vectors_ram))
                0x00000000                        __vectors_ram_size__ = SIZEOF (.vectors_ram)
                0x20000000                        __vectors_ram_load_end__ = __vectors_ram_end__
                0x00000001                        . = ASSERT (((__vectors_ram_start__ == __vectors_ram_end__) || ((__vectors_ram_end__ - __SRAM_segment_start__) <= __SRAM_segment_size__)), error: .vectors_ram is too large to fit in SRAM memory segment)
                0x00000000                        __vectors_load_start__ = ALIGN (__FLASH_segment_start__, 0x100)

.vectors        0x00000000       0xd8
                0x00000000                        __vectors_start__ = .
 *(.vectors .vectors.*)
 .vectors       0x00000000       0xd8 Output/nrf52832_xxaa/Obj/ss_twr_init/ses_nrf52_startup.o
                0x00000000                _vectors
                0x000000d8                        __vectors_end__ = (__vectors_start__ + SIZEOF (.vectors))
                0x000000d8                        __vectors_size__ = SIZEOF (.vectors)
                0x000000d8                        __vectors_load_end__ = __vectors_end__
                0x00000001                        . = ASSERT (((__vectors_start__ == __vectors_end__) || ((__vectors_end__ - __FLASH_segment_start__) <= __FLASH_segment_size__)), error: .vectors is too large to fit in FLASH memory segment)
                0x000000d8                        __init_load_start__ = ALIGN (__vectors_end__, 0x4)

.init           0x000000d8      0x1d8
                0x000000d8                        __init_start__ = .
 *(.init .init.*)
 .init          0x000000d8       0x6c Output/nrf52832_xxaa/Obj/ss_twr_init/ses_nrf52_startup.o
                0x000000d8                NMI_Handler
                0x000000da                HardFault_Handler
                0x000000dc                MemoryManagement_Handler
                0x000000de                BusFault_Handler
                0x000000e0                UsageFault_Handler
                0x000000e4                DebugMon_Handler
                0x000000e8                SysTick_Handler
                0x000000ec                RADIO_IRQHandler
                0x000000f0                SPIM0_SPIS0_TWIM0_TWIS0_SPI0_TWI0_IRQHandler
                0x000000f4                NFCT_IRQHandler
                0x000000f8                SAADC_IRQHandler
                0x000000fa                TIMER0_IRQHandler
                0x000000fc                TIMER1_IRQHandler
                0x000000fe                TIMER2_IRQHandler
                0x00000100                RTC0_IRQHandler
                0x00000102                TEMP_IRQHandler
                0x00000104                RNG_IRQHandler
                0x00000106                ECB_IRQHandler
                0x00000108                CCM_AAR_IRQHandler
                0x0000010a                WDT_IRQHandler
                0x0000010e                QDEC_IRQHandler
                0x00000110                COMP_LPCOMP_IRQHandler
                0x00000112                SWI0_EGU0_IRQHandler
                0x00000114                SWI1_EGU1_IRQHandler
                0x00000116                SWI2_EGU2_IRQHandler
                0x00000118                SWI3_EGU3_IRQHandler
                0x0000011a                SWI4_EGU4_IRQHandler
                0x0000011c                SWI5_EGU5_IRQHandler
                0x0000011e                TIMER3_IRQHandler
                0x00000120                TIMER4_IRQHandler
                0x00000122                PWM0_IRQHandler
                0x00000124                PDM_IRQHandler
                0x00000126                MWU_IRQHandler
                0x00000128                PWM1_IRQHandler
                0x0000012a                PWM2_IRQHandler
                0x0000012c                SPIM2_SPIS2_SPI2_IRQHandler
                0x0000012e                RTC2_IRQHandler
                0x00000130                I2S_IRQHandler
                0x00000132                reset_handler
 .init          0x00000144      0x16c Output/nrf52832_xxaa/Obj/ss_twr_init/thumb_crt0.o
                0x00000144                _start
                0x00000200                exit
                0x000002b0                        __init_end__ = (__init_start__ + SIZEOF (.init))
                0x000001d8                        __init_size__ = SIZEOF (.init)
                0x000002b0                        __init_load_end__ = __init_end__
                0x00000001                        . = ASSERT (((__init_start__ == __init_end__) || ((__init_end__ - __FLASH_segment_start__) <= __FLASH_segment_size__)), error: .init is too large to fit in FLASH memory segment)
                0x000002b0                        __init_rodata_load_start__ = ALIGN (__init_end__, 0x4)

.init_rodata    0x000002b0        0x0
                0x000002b0                        __init_rodata_start__ = .
 *(.init_rodata .init_rodata.*)
                0x000002b0                        __init_rodata_end__ = (__init_rodata_start__ + SIZEOF (.init_rodata))
                0x00000000                        __init_rodata_size__ = SIZEOF (.init_rodata)
                0x000002b0                        __init_rodata_load_end__ = __init_rodata_end__
                0x00000001                        . = ASSERT (((__init_rodata_start__ == __init_rodata_end__) || ((__init_rodata_end__ - __FLASH_segment_start__) <= __FLASH_segment_size__)), error: .init_rodata is too large to fit in FLASH memory segment)
                0x000002b0                        __text_load_start__ = ALIGN (__init_rodata_end__, 0x4)

.text           0x000002b0     0x7ed8
                0x000002b0                        __text_start__ = .
 *(.text .text.* .gnu.linkonce.t.* .glue_7t .glue_7 .gcc_except_table .ARM.extab* .gnu.linkonce.armextab.*)
 .glue_7        0x000002b0        0x0 linker stubs
 .glue_7t       0x000002b0        0x0 linker stubs
 .text.nrf_gpio_pin_port_decode
                0x000002b0        0xe Output/nrf52832_xxaa/Obj/ss_twr_init/main.o
 .text.nrf_gpio_cfg
                0x000002be       0x62 Output/nrf52832_xxaa/Obj/ss_twr_init/main.o
 .text.nrf_gpio_cfg_output
                0x00000320       0x22 Output/nrf52832_xxaa/Obj/ss_twr_init/main.o
 .text.nrf_gpio_cfg_input
                0x00000342       0x2a Output/nrf52832_xxaa/Obj/ss_twr_init/main.o
 .text.led_toggle_task_function
                0x0000036c       0x36 Output/nrf52832_xxaa/Obj/ss_twr_init/main.o
 .text.led_toggle_timer_callback
                0x000003a2       0x32 Output/nrf52832_xxaa/Obj/ss_twr_init/main.o
 .text.main     0x000003d4      0x18c Output/nrf52832_xxaa/Obj/ss_twr_init/main.o
                0x000003d4                main
 .text.ss_init_run
                0x00000560      0x268 Output/nrf52832_xxaa/Obj/ss_twr_init/ss_init_main.o
                0x00000560                ss_init_run
 .text.resp_msg_get_ts
                0x000007c8       0x42 Output/nrf52832_xxaa/Obj/ss_twr_init/ss_init_main.o
 *fill*         0x0000080a        0x2 
 .text.ss_initiator_task_function
                0x0000080c       0x6c Output/nrf52832_xxaa/Obj/ss_twr_init/ss_init_main.o
                0x0000080c                ss_initiator_task_function
 .text.dwt_initialise
                0x00000878      0x184 Output/nrf52832_xxaa/Obj/ss_twr_init/deca_device.o
                0x00000878                dwt_initialise
 .text.dwt_readdevid
                0x000009fc       0x10 Output/nrf52832_xxaa/Obj/ss_twr_init/deca_device.o
                0x000009fc                dwt_readdevid
 .text.dwt_configure
                0x00000a0c      0x304 Output/nrf52832_xxaa/Obj/ss_twr_init/deca_device.o
                0x00000a0c                dwt_configure
 .text.dwt_setrxantennadelay
                0x00000d10       0x22 Output/nrf52832_xxaa/Obj/ss_twr_init/deca_device.o
                0x00000d10                dwt_setrxantennadelay
 .text.dwt_settxantennadelay
                0x00000d32       0x20 Output/nrf52832_xxaa/Obj/ss_twr_init/deca_device.o
                0x00000d32                dwt_settxantennadelay
 .text.dwt_writetxdata
                0x00000d52       0x46 Output/nrf52832_xxaa/Obj/ss_twr_init/deca_device.o
                0x00000d52                dwt_writetxdata
 .text.dwt_writetxfctrl
                0x00000d98       0x44 Output/nrf52832_xxaa/Obj/ss_twr_init/deca_device.o
                0x00000d98                dwt_writetxfctrl
 .text.dwt_readrxdata
                0x00000ddc       0x2a Output/nrf52832_xxaa/Obj/ss_twr_init/deca_device.o
                0x00000ddc                dwt_readrxdata
 .text.dwt_readcarrierintegrator
                0x00000e06       0x60 Output/nrf52832_xxaa/Obj/ss_twr_init/deca_device.o
                0x00000e06                dwt_readcarrierintegrator
 .text.dwt_readtxtimestamplo32
                0x00000e66       0x10 Output/nrf52832_xxaa/Obj/ss_twr_init/deca_device.o
                0x00000e66                dwt_readtxtimestamplo32
 .text.dwt_readrxtimestamplo32
                0x00000e76       0x10 Output/nrf52832_xxaa/Obj/ss_twr_init/deca_device.o
                0x00000e76                dwt_readrxtimestamplo32
 .text.dwt_writetodevice
                0x00000e86       0xbc Output/nrf52832_xxaa/Obj/ss_twr_init/deca_device.o
                0x00000e86                dwt_writetodevice
 .text.dwt_readfromdevice
                0x00000f42       0xb6 Output/nrf52832_xxaa/Obj/ss_twr_init/deca_device.o
                0x00000f42                dwt_readfromdevice
 .text.dwt_read32bitoffsetreg
                0x00000ff8       0x48 Output/nrf52832_xxaa/Obj/ss_twr_init/deca_device.o
                0x00000ff8                dwt_read32bitoffsetreg
 .text.dwt_read16bitoffsetreg
                0x00001040       0x3c Output/nrf52832_xxaa/Obj/ss_twr_init/deca_device.o
                0x00001040                dwt_read16bitoffsetreg
 .text.dwt_read8bitoffsetreg
                0x0000107c       0x26 Output/nrf52832_xxaa/Obj/ss_twr_init/deca_device.o
                0x0000107c                dwt_read8bitoffsetreg
 .text.dwt_write8bitoffsetreg
                0x000010a2       0x28 Output/nrf52832_xxaa/Obj/ss_twr_init/deca_device.o
                0x000010a2                dwt_write8bitoffsetreg
 .text.dwt_write16bitoffsetreg
                0x000010ca       0x3e Output/nrf52832_xxaa/Obj/ss_twr_init/deca_device.o
                0x000010ca                dwt_write16bitoffsetreg
 .text.dwt_write32bitoffsetreg
                0x00001108       0x48 Output/nrf52832_xxaa/Obj/ss_twr_init/deca_device.o
                0x00001108                dwt_write32bitoffsetreg
 .text._dwt_otpread
                0x00001150       0x3c Output/nrf52832_xxaa/Obj/ss_twr_init/deca_device.o
                0x00001150                _dwt_otpread
 .text._dwt_aonarrayupload
                0x0000118c       0x1a Output/nrf52832_xxaa/Obj/ss_twr_init/deca_device.o
                0x0000118c                _dwt_aonarrayupload
 .text._dwt_configlde
                0x000011a6       0x3e Output/nrf52832_xxaa/Obj/ss_twr_init/deca_device.o
                0x000011a6                _dwt_configlde
 .text._dwt_loaducodefromrom
                0x000011e4       0x24 Output/nrf52832_xxaa/Obj/ss_twr_init/deca_device.o
                0x000011e4                _dwt_loaducodefromrom
 .text.dwt_setrxaftertxdelay
                0x00001208       0x36 Output/nrf52832_xxaa/Obj/ss_twr_init/deca_device.o
                0x00001208                dwt_setrxaftertxdelay
 .text.dwt_setleds
                0x0000123e       0xbe Output/nrf52832_xxaa/Obj/ss_twr_init/deca_device.o
                0x0000123e                dwt_setleds
 .text._dwt_enableclocks
                0x000012fc      0x158 Output/nrf52832_xxaa/Obj/ss_twr_init/deca_device.o
                0x000012fc                _dwt_enableclocks
 .text._dwt_disablesequencing
                0x00001454       0x16 Output/nrf52832_xxaa/Obj/ss_twr_init/deca_device.o
                0x00001454                _dwt_disablesequencing
 *fill*         0x0000146a        0x2 
 .text.dwt_starttx
                0x0000146c       0xd4 Output/nrf52832_xxaa/Obj/ss_twr_init/deca_device.o
                0x0000146c                dwt_starttx
 .text.dwt_setrxtimeout
                0x00001540       0x90 Output/nrf52832_xxaa/Obj/ss_twr_init/deca_device.o
                0x00001540                dwt_setrxtimeout
 .text.dwt_rxreset
                0x000015d0       0x1a Output/nrf52832_xxaa/Obj/ss_twr_init/deca_device.o
                0x000015d0                dwt_rxreset
 *fill*         0x000015ea        0x2 
 .text.dwt_softreset
                0x000015ec       0x48 Output/nrf52832_xxaa/Obj/ss_twr_init/deca_device.o
                0x000015ec                dwt_softreset
 .text.dwt_setxtaltrim
                0x00001634       0x34 Output/nrf52832_xxaa/Obj/ss_twr_init/deca_device.o
                0x00001634                dwt_setxtaltrim
 .text.nrf_gpio_pin_port_decode
                0x00001668        0xe Output/nrf52832_xxaa/Obj/ss_twr_init/port_platform.o
 .text.nrf_gpio_cfg
                0x00001676       0x62 Output/nrf52832_xxaa/Obj/ss_twr_init/port_platform.o
 .text.nrf_gpio_cfg_output
                0x000016d8       0x22 Output/nrf52832_xxaa/Obj/ss_twr_init/port_platform.o
 .text.nrf_gpio_cfg_input
                0x000016fa       0x2a Output/nrf52832_xxaa/Obj/ss_twr_init/port_platform.o
 .text.nrf_gpio_pin_clear
                0x00001724       0x28 Output/nrf52832_xxaa/Obj/ss_twr_init/port_platform.o
 .text.nrf_gpio_port_out_clear
                0x0000174c       0x14 Output/nrf52832_xxaa/Obj/ss_twr_init/port_platform.o
 .text.nrf_delay_us
                0x00001760       0xa0 Output/nrf52832_xxaa/Obj/ss_twr_init/port_platform.o
 .text.nrf_delay_ms
                0x00001800       0x1e Output/nrf52832_xxaa/Obj/ss_twr_init/port_platform.o
 *fill*         0x0000181e        0x2 
 .text.spi_event_handler
                0x00001820       0x18 Output/nrf52832_xxaa/Obj/ss_twr_init/port_platform.o
                0x00001820                spi_event_handler
 .text.readfromspi
                0x00001838      0x140 Output/nrf52832_xxaa/Obj/ss_twr_init/port_platform.o
                0x00001838                readfromspi
 .text.writetospi
                0x00001978      0x12c Output/nrf52832_xxaa/Obj/ss_twr_init/port_platform.o
                0x00001978                writetospi
 .text.reset_DW1000
                0x00001aa4       0x26 Output/nrf52832_xxaa/Obj/ss_twr_init/port_platform.o
                0x00001aa4                reset_DW1000
 *fill*         0x00001aca        0x2 
 .text.port_set_dw1000_slowrate
                0x00001acc       0x48 Output/nrf52832_xxaa/Obj/ss_twr_init/port_platform.o
                0x00001acc                port_set_dw1000_slowrate
 .text.port_set_dw1000_fastrate
                0x00001b14       0x4c Output/nrf52832_xxaa/Obj/ss_twr_init/port_platform.o
                0x00001b14                port_set_dw1000_fastrate
 .text.deca_sleep
                0x00001b60       0x14 Output/nrf52832_xxaa/Obj/ss_twr_init/port_platform.o
                0x00001b60                deca_sleep
 .text.pvPortMalloc
                0x00001b74       0x88 Output/nrf52832_xxaa/Obj/ss_twr_init/heap_1.o
                0x00001b74                pvPortMalloc
 .text.vPortFree
                0x00001bfc        0xa Output/nrf52832_xxaa/Obj/ss_twr_init/heap_1.o
                0x00001bfc                vPortFree
 .text.vListInitialise
                0x00001c06       0x36 Output/nrf52832_xxaa/Obj/ss_twr_init/list.o
                0x00001c06                vListInitialise
 .text.vListInitialiseItem
                0x00001c3c       0x10 Output/nrf52832_xxaa/Obj/ss_twr_init/list.o
                0x00001c3c                vListInitialiseItem
 .text.vListInsertEnd
                0x00001c4c       0x3e Output/nrf52832_xxaa/Obj/ss_twr_init/list.o
                0x00001c4c                vListInsertEnd
 .text.vListInsert
                0x00001c8a       0x68 Output/nrf52832_xxaa/Obj/ss_twr_init/list.o
                0x00001c8a                vListInsert
 .text.uxListRemove
                0x00001cf2       0x4a Output/nrf52832_xxaa/Obj/ss_twr_init/list.o
                0x00001cf2                uxListRemove
 .text.vPortStartFirstTask
                0x00001d3c       0x20 Output/nrf52832_xxaa/Obj/ss_twr_init/port.o
                0x00001d3c                vPortStartFirstTask
 .text.SVC_Handler
                0x00001d5c       0x24 Output/nrf52832_xxaa/Obj/ss_twr_init/port.o
                0x00001d5c                SVC_Handler
 .text.PendSV_Handler
                0x00001d80       0x64 Output/nrf52832_xxaa/Obj/ss_twr_init/port.o
                0x00001d80                PendSV_Handler
 .text.__NVIC_SetPriority
                0x00001de4       0x50 Output/nrf52832_xxaa/Obj/ss_twr_init/port_cmsis.o
 .text.pxPortInitialiseStack
                0x00001e34       0x60 Output/nrf52832_xxaa/Obj/ss_twr_init/port_cmsis.o
                0x00001e34                pxPortInitialiseStack
 .text.prvTaskExitError
                0x00001e94       0x10 Output/nrf52832_xxaa/Obj/ss_twr_init/port_cmsis.o
 .text.xPortStartScheduler
                0x00001ea4       0x4c Output/nrf52832_xxaa/Obj/ss_twr_init/port_cmsis.o
                0x00001ea4                xPortStartScheduler
 .text.vPortEnterCritical
                0x00001ef0       0x24 Output/nrf52832_xxaa/Obj/ss_twr_init/port_cmsis.o
                0x00001ef0                vPortEnterCritical
 .text.vPortExitCritical
                0x00001f14       0x2c Output/nrf52832_xxaa/Obj/ss_twr_init/port_cmsis.o
                0x00001f14                vPortExitCritical
 .text.vPortEnableVFP
                0x00001f40       0x18 Output/nrf52832_xxaa/Obj/ss_twr_init/port_cmsis.o
 .text.__NVIC_EnableIRQ
                0x00001f58       0x34 Output/nrf52832_xxaa/Obj/ss_twr_init/port_cmsis_systick.o
 .text.__NVIC_SetPriority
                0x00001f8c       0x50 Output/nrf52832_xxaa/Obj/ss_twr_init/port_cmsis_systick.o
 .text.ulPortRaiseBASEPRI
                0x00001fdc       0x20 Output/nrf52832_xxaa/Obj/ss_twr_init/port_cmsis_systick.o
 .text.nrf_rtc_int_enable
                0x00001ffc       0x14 Output/nrf52832_xxaa/Obj/ss_twr_init/port_cmsis_systick.o
 .text.nrf_rtc_event_clear
                0x00002010       0x2a Output/nrf52832_xxaa/Obj/ss_twr_init/port_cmsis_systick.o
 .text.nrf_rtc_counter_get
                0x0000203a       0x10 Output/nrf52832_xxaa/Obj/ss_twr_init/port_cmsis_systick.o
 .text.nrf_rtc_prescaler_set
                0x0000204a       0x14 Output/nrf52832_xxaa/Obj/ss_twr_init/port_cmsis_systick.o
 .text.nrf_rtc_task_trigger
                0x0000205e       0x1e Output/nrf52832_xxaa/Obj/ss_twr_init/port_cmsis_systick.o
 .text.nrf_rtc_event_enable
                0x0000207c       0x14 Output/nrf52832_xxaa/Obj/ss_twr_init/port_cmsis_systick.o
 .text.RTC1_IRQHandler
                0x00002090       0x88 Output/nrf52832_xxaa/Obj/ss_twr_init/port_cmsis_systick.o
                0x00002090                RTC1_IRQHandler
 .text.vPortSetupTimerInterrupt
                0x00002118       0x48 Output/nrf52832_xxaa/Obj/ss_twr_init/port_cmsis_systick.o
                0x00002118                vPortSetupTimerInterrupt
 .text.ulPortRaiseBASEPRI
                0x00002160       0x20 Output/nrf52832_xxaa/Obj/ss_twr_init/queue.o
 .text.xQueueGenericReset
                0x00002180       0xb8 Output/nrf52832_xxaa/Obj/ss_twr_init/queue.o
                0x00002180                xQueueGenericReset
 .text.xQueueGenericCreate
                0x00002238       0x7a Output/nrf52832_xxaa/Obj/ss_twr_init/queue.o
                0x00002238                xQueueGenericCreate
 *fill*         0x000022b2        0x2 
 .text.xQueueGenericSend
                0x000022b4      0x154 Output/nrf52832_xxaa/Obj/ss_twr_init/queue.o
                0x000022b4                xQueueGenericSend
 .text.xQueueGenericSendFromISR
                0x00002408       0x8c Output/nrf52832_xxaa/Obj/ss_twr_init/queue.o
                0x00002408                xQueueGenericSendFromISR
 .text.xQueueGenericReceive
                0x00002494      0x1a0 Output/nrf52832_xxaa/Obj/ss_twr_init/queue.o
                0x00002494                xQueueGenericReceive
 .text.prvCopyDataToQueue
                0x00002634       0xd4 Output/nrf52832_xxaa/Obj/ss_twr_init/queue.o
 .text.prvCopyDataFromQueue
                0x00002708       0x4a Output/nrf52832_xxaa/Obj/ss_twr_init/queue.o
 .text.prvUnlockQueue
                0x00002752       0x96 Output/nrf52832_xxaa/Obj/ss_twr_init/queue.o
 .text.prvIsQueueEmpty
                0x000027e8       0x2a Output/nrf52832_xxaa/Obj/ss_twr_init/queue.o
 .text.prvIsQueueFull
                0x00002812       0x2e Output/nrf52832_xxaa/Obj/ss_twr_init/queue.o
 .text.vQueueAddToRegistry
                0x00002840       0x48 Output/nrf52832_xxaa/Obj/ss_twr_init/queue.o
                0x00002840                vQueueAddToRegistry
 .text.vQueueWaitForMessageRestricted
                0x00002888       0x56 Output/nrf52832_xxaa/Obj/ss_twr_init/queue.o
                0x00002888                vQueueWaitForMessageRestricted
 *fill*         0x000028de        0x2 
 .text.xTaskGenericCreate
                0x000028e0      0x154 Output/nrf52832_xxaa/Obj/ss_twr_init/tasks.o
                0x000028e0                xTaskGenericCreate
 .text.vTaskDelay
                0x00002a34       0x68 Output/nrf52832_xxaa/Obj/ss_twr_init/tasks.o
                0x00002a34                vTaskDelay
 .text.vTaskStartScheduler
                0x00002a9c       0x6c Output/nrf52832_xxaa/Obj/ss_twr_init/tasks.o
                0x00002a9c                vTaskStartScheduler
 .text.vTaskSuspendAll
                0x00002b08       0x14 Output/nrf52832_xxaa/Obj/ss_twr_init/tasks.o
                0x00002b08                vTaskSuspendAll
 .text.xTaskResumeAll
                0x00002b1c      0x110 Output/nrf52832_xxaa/Obj/ss_twr_init/tasks.o
                0x00002b1c                xTaskResumeAll
 .text.xTaskGetTickCount
                0x00002c2c       0x14 Output/nrf52832_xxaa/Obj/ss_twr_init/tasks.o
                0x00002c2c                xTaskGetTickCount
 .text.xTaskIncrementTick
                0x00002c40      0x13c Output/nrf52832_xxaa/Obj/ss_twr_init/tasks.o
                0x00002c40                xTaskIncrementTick
 .text.vTaskSwitchContext
                0x00002d7c       0x90 Output/nrf52832_xxaa/Obj/ss_twr_init/tasks.o
                0x00002d7c                vTaskSwitchContext
 .text.vTaskPlaceOnEventList
                0x00002e0c       0x60 Output/nrf52832_xxaa/Obj/ss_twr_init/tasks.o
                0x00002e0c                vTaskPlaceOnEventList
 .text.vTaskPlaceOnEventListRestricted
                0x00002e6c       0x44 Output/nrf52832_xxaa/Obj/ss_twr_init/tasks.o
                0x00002e6c                vTaskPlaceOnEventListRestricted
 .text.xTaskRemoveFromEventList
                0x00002eb0       0xa8 Output/nrf52832_xxaa/Obj/ss_twr_init/tasks.o
                0x00002eb0                xTaskRemoveFromEventList
 .text.vTaskSetTimeOutState
                0x00002f58       0x24 Output/nrf52832_xxaa/Obj/ss_twr_init/tasks.o
                0x00002f58                vTaskSetTimeOutState
 .text.xTaskCheckForTimeOut
                0x00002f7c       0x88 Output/nrf52832_xxaa/Obj/ss_twr_init/tasks.o
                0x00002f7c                xTaskCheckForTimeOut
 .text.vTaskMissedYield
                0x00003004       0x10 Output/nrf52832_xxaa/Obj/ss_twr_init/tasks.o
                0x00003004                vTaskMissedYield
 .text.prvIdleTask
                0x00003014       0x34 Output/nrf52832_xxaa/Obj/ss_twr_init/tasks.o
 .text.prvInitialiseTCBVariables
                0x00003048       0xa6 Output/nrf52832_xxaa/Obj/ss_twr_init/tasks.o
 *fill*         0x000030ee        0x2 
 .text.prvInitialiseTaskLists
                0x000030f0       0x7c Output/nrf52832_xxaa/Obj/ss_twr_init/tasks.o
 .text.prvCheckTasksWaitingTermination
                0x0000316c       0x78 Output/nrf52832_xxaa/Obj/ss_twr_init/tasks.o
 .text.prvAddCurrentTaskToDelayedList
                0x000031e4       0x6c Output/nrf52832_xxaa/Obj/ss_twr_init/tasks.o
 .text.prvAllocateTCBAndStack
                0x00003250       0x70 Output/nrf52832_xxaa/Obj/ss_twr_init/tasks.o
 .text.prvDeleteTCB
                0x000032c0       0x1e Output/nrf52832_xxaa/Obj/ss_twr_init/tasks.o
 *fill*         0x000032de        0x2 
 .text.prvResetNextTaskUnblockTime
                0x000032e0       0x40 Output/nrf52832_xxaa/Obj/ss_twr_init/tasks.o
 .text.xTaskGetSchedulerState
                0x00003320       0x34 Output/nrf52832_xxaa/Obj/ss_twr_init/tasks.o
                0x00003320                xTaskGetSchedulerState
 .text.vTaskPriorityInherit
                0x00003354       0xbc Output/nrf52832_xxaa/Obj/ss_twr_init/tasks.o
                0x00003354                vTaskPriorityInherit
 .text.xTaskPriorityDisinherit
                0x00003410       0x98 Output/nrf52832_xxaa/Obj/ss_twr_init/tasks.o
                0x00003410                xTaskPriorityDisinherit
 .text.pvTaskIncrementMutexHeldCount
                0x000034a8       0x20 Output/nrf52832_xxaa/Obj/ss_twr_init/tasks.o
                0x000034a8                pvTaskIncrementMutexHeldCount
 .text.xTimerCreateTimerTask
                0x000034c8       0x4c Output/nrf52832_xxaa/Obj/ss_twr_init/timers.o
                0x000034c8                xTimerCreateTimerTask
 .text.xTimerCreate
                0x00003514       0x5c Output/nrf52832_xxaa/Obj/ss_twr_init/timers.o
                0x00003514                xTimerCreate
 .text.xTimerGenericCommand
                0x00003570       0x78 Output/nrf52832_xxaa/Obj/ss_twr_init/timers.o
                0x00003570                xTimerGenericCommand
 .text.prvProcessExpiredTimer
                0x000035e8       0x64 Output/nrf52832_xxaa/Obj/ss_twr_init/timers.o
 .text.prvTimerTask
                0x0000364c       0x20 Output/nrf52832_xxaa/Obj/ss_twr_init/timers.o
 .text.prvProcessTimerOrBlockTask
                0x0000366c       0x80 Output/nrf52832_xxaa/Obj/ss_twr_init/timers.o
 .text.prvGetNextExpireTime
                0x000036ec       0x40 Output/nrf52832_xxaa/Obj/ss_twr_init/timers.o
 .text.prvSampleTimeNow
                0x0000372c       0x3c Output/nrf52832_xxaa/Obj/ss_twr_init/timers.o
 .text.prvInsertTimerInActiveList
                0x00003768       0x84 Output/nrf52832_xxaa/Obj/ss_twr_init/timers.o
 .text.prvProcessReceivedCommands
                0x000037ec      0x104 Output/nrf52832_xxaa/Obj/ss_twr_init/timers.o
 .text.prvSwitchTimerLists
                0x000038f0       0xa4 Output/nrf52832_xxaa/Obj/ss_twr_init/timers.o
 .text.prvCheckForValidListAndQueue
                0x00003994       0x6c Output/nrf52832_xxaa/Obj/ss_twr_init/timers.o
 .text.__NVIC_SystemReset
                0x00003a00       0x28 Output/nrf52832_xxaa/Obj/ss_twr_init/system_nrf52.o
 .text.SystemCoreClockUpdate
                0x00003a28       0x14 Output/nrf52832_xxaa/Obj/ss_twr_init/system_nrf52.o
                0x00003a28                SystemCoreClockUpdate
 .text.SystemInit
                0x00003a3c      0x2c0 Output/nrf52832_xxaa/Obj/ss_twr_init/system_nrf52.o
                0x00003a3c                SystemInit
 .text.errata_12
                0x00003cfc       0x58 Output/nrf52832_xxaa/Obj/ss_twr_init/system_nrf52.o
 .text.errata_16
                0x00003d54       0x38 Output/nrf52832_xxaa/Obj/ss_twr_init/system_nrf52.o
 .text.errata_31
                0x00003d8c       0x58 Output/nrf52832_xxaa/Obj/ss_twr_init/system_nrf52.o
 .text.errata_32
                0x00003de4       0x38 Output/nrf52832_xxaa/Obj/ss_twr_init/system_nrf52.o
 .text.errata_36
                0x00003e1c       0x58 Output/nrf52832_xxaa/Obj/ss_twr_init/system_nrf52.o
 .text.errata_37
                0x00003e74       0x38 Output/nrf52832_xxaa/Obj/ss_twr_init/system_nrf52.o
 .text.errata_57
                0x00003eac       0x38 Output/nrf52832_xxaa/Obj/ss_twr_init/system_nrf52.o
 .text.errata_66
                0x00003ee4       0x38 Output/nrf52832_xxaa/Obj/ss_twr_init/system_nrf52.o
 .text.errata_108
                0x00003f1c       0x58 Output/nrf52832_xxaa/Obj/ss_twr_init/system_nrf52.o
 .text.errata_136
                0x00003f74       0x58 Output/nrf52832_xxaa/Obj/ss_twr_init/system_nrf52.o
 .text.nrf_clock_int_enable
                0x00003fcc       0x14 Output/nrf52832_xxaa/Obj/ss_twr_init/nrf_drv_clock.o
 .text.nrf_clock_int_disable
                0x00003fe0       0x14 Output/nrf52832_xxaa/Obj/ss_twr_init/nrf_drv_clock.o
 .text.nrf_clock_task_trigger
                0x00003ff4       0x1a Output/nrf52832_xxaa/Obj/ss_twr_init/nrf_drv_clock.o
 .text.nrf_clock_event_clear
                0x0000400e       0x28 Output/nrf52832_xxaa/Obj/ss_twr_init/nrf_drv_clock.o
 .text.nrf_clock_event_check
                0x00004036       0x22 Output/nrf52832_xxaa/Obj/ss_twr_init/nrf_drv_clock.o
 .text.lfclk_start
                0x00004058       0x1a Output/nrf52832_xxaa/Obj/ss_twr_init/nrf_drv_clock.o
 .text.item_enqueue
                0x00004072       0x38 Output/nrf52832_xxaa/Obj/ss_twr_init/nrf_drv_clock.o
 .text.item_dequeue
                0x000040aa       0x20 Output/nrf52832_xxaa/Obj/ss_twr_init/nrf_drv_clock.o
 *fill*         0x000040ca        0x2 
 .text.nrf_drv_clock_lfclk_request
                0x000040cc       0x78 Output/nrf52832_xxaa/Obj/ss_twr_init/nrf_drv_clock.o
                0x000040cc                nrf_drv_clock_lfclk_request
 .text.clock_clk_started_notify
                0x00004144       0x4c Output/nrf52832_xxaa/Obj/ss_twr_init/nrf_drv_clock.o
 .text.POWER_CLOCK_IRQHandler
                0x00004190       0x5c Output/nrf52832_xxaa/Obj/ss_twr_init/nrf_drv_clock.o
                0x00004190                POWER_CLOCK_IRQHandler
 .text.__NVIC_EnableIRQ
                0x000041ec       0x34 Output/nrf52832_xxaa/Obj/ss_twr_init/nrf_drv_common.o
 .text.__NVIC_ClearPendingIRQ
                0x00004220       0x38 Output/nrf52832_xxaa/Obj/ss_twr_init/nrf_drv_common.o
 .text.__NVIC_SetPriority
                0x00004258       0x50 Output/nrf52832_xxaa/Obj/ss_twr_init/nrf_drv_common.o
 .text.nrf_drv_common_irq_enable
                0x000042a8       0x3e Output/nrf52832_xxaa/Obj/ss_twr_init/nrf_drv_common.o
                0x000042a8                nrf_drv_common_irq_enable
 .text.nrf_gpiote_event_is_set
                0x000042e6       0x2a Output/nrf52832_xxaa/Obj/ss_twr_init/nrf_drv_gpiote.o
 .text.nrf_gpiote_event_clear
                0x00004310       0x36 Output/nrf52832_xxaa/Obj/ss_twr_init/nrf_drv_gpiote.o
 .text.nrf_gpiote_event_addr_get
                0x00004346       0x1a Output/nrf52832_xxaa/Obj/ss_twr_init/nrf_drv_gpiote.o
 .text.nrf_gpiote_int_is_enabled
                0x00004360       0x18 Output/nrf52832_xxaa/Obj/ss_twr_init/nrf_drv_gpiote.o
 .text.nrf_gpiote_event_pin_get
                0x00004378       0x20 Output/nrf52832_xxaa/Obj/ss_twr_init/nrf_drv_gpiote.o
 .text.nrf_gpiote_event_polarity_get
                0x00004398       0x24 Output/nrf52832_xxaa/Obj/ss_twr_init/nrf_drv_gpiote.o
 .text.nrf_gpio_pin_port_decode
                0x000043bc        0xe Output/nrf52832_xxaa/Obj/ss_twr_init/nrf_drv_gpiote.o
 .text.nrf_gpio_cfg_sense_set
                0x000043ca       0x5a Output/nrf52832_xxaa/Obj/ss_twr_init/nrf_drv_gpiote.o
 .text.nrf_gpio_pin_sense_get
                0x00004424       0x2c Output/nrf52832_xxaa/Obj/ss_twr_init/nrf_drv_gpiote.o
 .text.nrf_gpio_port_in_read
                0x00004450       0x10 Output/nrf52832_xxaa/Obj/ss_twr_init/nrf_drv_gpiote.o
 .text.nrf_gpio_ports_read
                0x00004460       0x50 Output/nrf52832_xxaa/Obj/ss_twr_init/nrf_drv_gpiote.o
 .text.nrf_bitmask_bit_is_set
                0x000044b0       0x30 Output/nrf52832_xxaa/Obj/ss_twr_init/nrf_drv_gpiote.o
 .text.nrf_bitmask_bit_set
                0x000044e0       0x40 Output/nrf52832_xxaa/Obj/ss_twr_init/nrf_drv_gpiote.o
 .text.channel_port_get
                0x00004520       0x1c Output/nrf52832_xxaa/Obj/ss_twr_init/nrf_drv_gpiote.o
 .text.channel_handler_get
                0x0000453c       0x18 Output/nrf52832_xxaa/Obj/ss_twr_init/nrf_drv_gpiote.o
 .text.GPIOTE_IRQHandler
                0x00004554      0x2e0 Output/nrf52832_xxaa/Obj/ss_twr_init/nrf_drv_gpiote.o
                0x00004554                GPIOTE_IRQHandler
 .text.__NVIC_DisableIRQ
                0x00004834       0x44 Output/nrf52832_xxaa/Obj/ss_twr_init/nrf_drv_spi.o
 .text.nrf_spi_event_clear
                0x00004878       0x2a Output/nrf52832_xxaa/Obj/ss_twr_init/nrf_drv_spi.o
 .text.nrf_spi_event_check
                0x000048a2       0x24 Output/nrf52832_xxaa/Obj/ss_twr_init/nrf_drv_spi.o
 .text.nrf_spi_int_enable
                0x000048c6       0x14 Output/nrf52832_xxaa/Obj/ss_twr_init/nrf_drv_spi.o
 .text.nrf_spi_int_disable
                0x000048da       0x14 Output/nrf52832_xxaa/Obj/ss_twr_init/nrf_drv_spi.o
 .text.nrf_spi_enable
                0x000048ee       0x12 Output/nrf52832_xxaa/Obj/ss_twr_init/nrf_drv_spi.o
 .text.nrf_spi_disable
                0x00004900       0x12 Output/nrf52832_xxaa/Obj/ss_twr_init/nrf_drv_spi.o
 .text.nrf_spi_pins_set
                0x00004912       0x28 Output/nrf52832_xxaa/Obj/ss_twr_init/nrf_drv_spi.o
 .text.nrf_spi_txd_set
                0x0000493a       0x1a Output/nrf52832_xxaa/Obj/ss_twr_init/nrf_drv_spi.o
 .text.nrf_spi_rxd_get
                0x00004954       0x12 Output/nrf52832_xxaa/Obj/ss_twr_init/nrf_drv_spi.o
 .text.nrf_spi_frequency_set
                0x00004966       0x14 Output/nrf52832_xxaa/Obj/ss_twr_init/nrf_drv_spi.o
 .text.nrf_spi_configure
                0x0000497a       0x64 Output/nrf52832_xxaa/Obj/ss_twr_init/nrf_drv_spi.o
 .text.nrf_drv_common_irq_disable
                0x000049de       0x1c Output/nrf52832_xxaa/Obj/ss_twr_init/nrf_drv_spi.o
 .text.nrf_gpio_pin_port_decode
                0x000049fa        0xe Output/nrf52832_xxaa/Obj/ss_twr_init/nrf_drv_spi.o
 .text.nrf_gpio_cfg
                0x00004a08       0x62 Output/nrf52832_xxaa/Obj/ss_twr_init/nrf_drv_spi.o
 .text.nrf_gpio_cfg_output
                0x00004a6a       0x22 Output/nrf52832_xxaa/Obj/ss_twr_init/nrf_drv_spi.o
 .text.nrf_gpio_cfg_input
                0x00004a8c       0x2a Output/nrf52832_xxaa/Obj/ss_twr_init/nrf_drv_spi.o
 .text.nrf_gpio_pin_set
                0x00004ab6       0x28 Output/nrf52832_xxaa/Obj/ss_twr_init/nrf_drv_spi.o
 .text.nrf_gpio_pin_clear
                0x00004ade       0x28 Output/nrf52832_xxaa/Obj/ss_twr_init/nrf_drv_spi.o
 .text.nrf_gpio_port_out_set
                0x00004b06       0x14 Output/nrf52832_xxaa/Obj/ss_twr_init/nrf_drv_spi.o
 .text.nrf_gpio_port_out_clear
                0x00004b1a       0x14 Output/nrf52832_xxaa/Obj/ss_twr_init/nrf_drv_spi.o
 *fill*         0x00004b2e        0x2 
 .text.nrf_drv_spi_init
                0x00004b30      0x188 Output/nrf52832_xxaa/Obj/ss_twr_init/nrf_drv_spi.o
                0x00004b30                nrf_drv_spi_init
 .text.nrf_drv_spi_uninit
                0x00004cb8       0x60 Output/nrf52832_xxaa/Obj/ss_twr_init/nrf_drv_spi.o
                0x00004cb8                nrf_drv_spi_uninit
 .text.nrf_drv_spi_transfer
                0x00004d18       0x3e Output/nrf52832_xxaa/Obj/ss_twr_init/nrf_drv_spi.o
                0x00004d18                nrf_drv_spi_transfer
 .text.finish_transfer
                0x00004d56       0x3e Output/nrf52832_xxaa/Obj/ss_twr_init/nrf_drv_spi.o
 .text.transfer_byte
                0x00004d94      0x106 Output/nrf52832_xxaa/Obj/ss_twr_init/nrf_drv_spi.o
 .text.spi_xfer
                0x00004e9a       0xca Output/nrf52832_xxaa/Obj/ss_twr_init/nrf_drv_spi.o
 .text.nrf_drv_spi_xfer
                0x00004f64       0xc4 Output/nrf52832_xxaa/Obj/ss_twr_init/nrf_drv_spi.o
                0x00004f64                nrf_drv_spi_xfer
 .text.irq_handler_spi
                0x00005028       0x34 Output/nrf52832_xxaa/Obj/ss_twr_init/nrf_drv_spi.o
 .text.SPIM1_SPIS1_TWIM1_TWIS1_SPI1_TWI1_IRQHandler
                0x0000505c       0x20 Output/nrf52832_xxaa/Obj/ss_twr_init/nrf_drv_spi.o
                0x0000505c                SPIM1_SPIS1_TWIM1_TWIS1_SPI1_TWI1_IRQHandler
 .text.nrf_uart_event_clear
                0x0000507c       0x2a Output/nrf52832_xxaa/Obj/ss_twr_init/nrf_drv_uart.o
 .text.nrf_uart_event_check
                0x000050a6       0x24 Output/nrf52832_xxaa/Obj/ss_twr_init/nrf_drv_uart.o
 .text.nrf_uart_int_enable
                0x000050ca       0x14 Output/nrf52832_xxaa/Obj/ss_twr_init/nrf_drv_uart.o
 .text.nrf_uart_int_enable_check
                0x000050de       0x20 Output/nrf52832_xxaa/Obj/ss_twr_init/nrf_drv_uart.o
 .text.nrf_uart_int_disable
                0x000050fe       0x14 Output/nrf52832_xxaa/Obj/ss_twr_init/nrf_drv_uart.o
 .text.nrf_uart_errorsrc_get_and_clear
                0x00005112       0x1c Output/nrf52832_xxaa/Obj/ss_twr_init/nrf_drv_uart.o
 .text.nrf_uart_enable
                0x0000512e       0x12 Output/nrf52832_xxaa/Obj/ss_twr_init/nrf_drv_uart.o
 .text.nrf_uart_txrx_pins_set
                0x00005140       0x1e Output/nrf52832_xxaa/Obj/ss_twr_init/nrf_drv_uart.o
 .text.nrf_uart_hwfc_pins_set
                0x0000515e       0x1e Output/nrf52832_xxaa/Obj/ss_twr_init/nrf_drv_uart.o
 .text.nrf_uart_rxd_get
                0x0000517c       0x12 Output/nrf52832_xxaa/Obj/ss_twr_init/nrf_drv_uart.o
 .text.nrf_uart_txd_set
                0x0000518e       0x1a Output/nrf52832_xxaa/Obj/ss_twr_init/nrf_drv_uart.o
 .text.nrf_uart_task_trigger
                0x000051a8       0x1c Output/nrf52832_xxaa/Obj/ss_twr_init/nrf_drv_uart.o
 .text.nrf_uart_configure
                0x000051c4       0x2a Output/nrf52832_xxaa/Obj/ss_twr_init/nrf_drv_uart.o
 .text.nrf_uart_baudrate_set
                0x000051ee       0x14 Output/nrf52832_xxaa/Obj/ss_twr_init/nrf_drv_uart.o
 .text.nrf_uarte_event_clear
                0x00005202       0x2a Output/nrf52832_xxaa/Obj/ss_twr_init/nrf_drv_uart.o
 .text.nrf_uarte_event_check
                0x0000522c       0x24 Output/nrf52832_xxaa/Obj/ss_twr_init/nrf_drv_uart.o
 .text.nrf_uarte_shorts_enable
                0x00005250       0x1c Output/nrf52832_xxaa/Obj/ss_twr_init/nrf_drv_uart.o
 .text.nrf_uarte_shorts_disable
                0x0000526c       0x1e Output/nrf52832_xxaa/Obj/ss_twr_init/nrf_drv_uart.o
 .text.nrf_uarte_int_enable
                0x0000528a       0x14 Output/nrf52832_xxaa/Obj/ss_twr_init/nrf_drv_uart.o
 .text.nrf_uarte_int_disable
                0x0000529e       0x14 Output/nrf52832_xxaa/Obj/ss_twr_init/nrf_drv_uart.o
 .text.nrf_uarte_errorsrc_get_and_clear
                0x000052b2       0x1c Output/nrf52832_xxaa/Obj/ss_twr_init/nrf_drv_uart.o
 .text.nrf_uarte_enable
                0x000052ce       0x12 Output/nrf52832_xxaa/Obj/ss_twr_init/nrf_drv_uart.o
 .text.nrf_uarte_txrx_pins_set
                0x000052e0       0x1e Output/nrf52832_xxaa/Obj/ss_twr_init/nrf_drv_uart.o
 .text.nrf_uarte_hwfc_pins_set
                0x000052fe       0x1e Output/nrf52832_xxaa/Obj/ss_twr_init/nrf_drv_uart.o
 .text.nrf_uarte_task_trigger
                0x0000531c       0x1c Output/nrf52832_xxaa/Obj/ss_twr_init/nrf_drv_uart.o
 .text.nrf_uarte_configure
                0x00005338       0x2a Output/nrf52832_xxaa/Obj/ss_twr_init/nrf_drv_uart.o
 .text.nrf_uarte_baudrate_set
                0x00005362       0x14 Output/nrf52832_xxaa/Obj/ss_twr_init/nrf_drv_uart.o
 .text.nrf_uarte_tx_buffer_set
                0x00005376       0x24 Output/nrf52832_xxaa/Obj/ss_twr_init/nrf_drv_uart.o
 .text.nrf_uarte_tx_amount_get
                0x0000539a       0x10 Output/nrf52832_xxaa/Obj/ss_twr_init/nrf_drv_uart.o
 .text.nrf_uarte_rx_buffer_set
                0x000053aa       0x24 Output/nrf52832_xxaa/Obj/ss_twr_init/nrf_drv_uart.o
 .text.nrf_uarte_rx_amount_get
                0x000053ce       0x10 Output/nrf52832_xxaa/Obj/ss_twr_init/nrf_drv_uart.o
 .text.nrf_drv_get_IRQn
                0x000053de       0x16 Output/nrf52832_xxaa/Obj/ss_twr_init/nrf_drv_uart.o
 .text.nrf_drv_is_in_RAM
                0x000053f4       0x1c Output/nrf52832_xxaa/Obj/ss_twr_init/nrf_drv_uart.o
 .text.nrf_gpio_pin_port_decode
                0x00005410        0xe Output/nrf52832_xxaa/Obj/ss_twr_init/nrf_drv_uart.o
 .text.nrf_gpio_cfg
                0x0000541e       0x62 Output/nrf52832_xxaa/Obj/ss_twr_init/nrf_drv_uart.o
 .text.nrf_gpio_cfg_output
                0x00005480       0x22 Output/nrf52832_xxaa/Obj/ss_twr_init/nrf_drv_uart.o
 .text.nrf_gpio_cfg_input
                0x000054a2       0x2a Output/nrf52832_xxaa/Obj/ss_twr_init/nrf_drv_uart.o
 .text.nrf_gpio_pin_set
                0x000054cc       0x28 Output/nrf52832_xxaa/Obj/ss_twr_init/nrf_drv_uart.o
 .text.nrf_gpio_port_out_set
                0x000054f4       0x14 Output/nrf52832_xxaa/Obj/ss_twr_init/nrf_drv_uart.o
 .text.apply_config
                0x00005508      0x160 Output/nrf52832_xxaa/Obj/ss_twr_init/nrf_drv_uart.o
 .text.interrupts_enable
                0x00005668       0xd4 Output/nrf52832_xxaa/Obj/ss_twr_init/nrf_drv_uart.o
 .text.uart_enable
                0x0000573c       0x3c Output/nrf52832_xxaa/Obj/ss_twr_init/nrf_drv_uart.o
 .text.nrf_drv_uart_init
                0x00005778       0x90 Output/nrf52832_xxaa/Obj/ss_twr_init/nrf_drv_uart.o
                0x00005778                nrf_drv_uart_init
 .text.tx_byte  0x00005808       0x46 Output/nrf52832_xxaa/Obj/ss_twr_init/nrf_drv_uart.o
 *fill*         0x0000584e        0x2 
 .text.nrf_drv_uart_tx_for_uart
                0x00005850       0xe4 Output/nrf52832_xxaa/Obj/ss_twr_init/nrf_drv_uart.o
 .text.nrf_drv_uart_tx_for_uarte
                0x00005934       0xbc Output/nrf52832_xxaa/Obj/ss_twr_init/nrf_drv_uart.o
 .text.nrf_drv_uart_tx
                0x000059f0       0xa0 Output/nrf52832_xxaa/Obj/ss_twr_init/nrf_drv_uart.o
                0x000059f0                nrf_drv_uart_tx
 .text.nrf_drv_uart_tx_in_progress
                0x00005a90       0x28 Output/nrf52832_xxaa/Obj/ss_twr_init/nrf_drv_uart.o
                0x00005a90                nrf_drv_uart_tx_in_progress
 .text.rx_enable
                0x00005ab8       0x36 Output/nrf52832_xxaa/Obj/ss_twr_init/nrf_drv_uart.o
 .text.rx_byte  0x00005aee       0x54 Output/nrf52832_xxaa/Obj/ss_twr_init/nrf_drv_uart.o
 *fill*         0x00005b42        0x2 
 .text.nrf_drv_uart_rx_for_uart
                0x00005b44      0x158 Output/nrf52832_xxaa/Obj/ss_twr_init/nrf_drv_uart.o
 .text.nrf_drv_uart_rx_for_uarte
                0x00005c9c      0x130 Output/nrf52832_xxaa/Obj/ss_twr_init/nrf_drv_uart.o
 .text.nrf_drv_uart_rx
                0x00005dcc      0x158 Output/nrf52832_xxaa/Obj/ss_twr_init/nrf_drv_uart.o
                0x00005dcc                nrf_drv_uart_rx
 .text.nrf_drv_uart_rx_enable
                0x00005f24       0x54 Output/nrf52832_xxaa/Obj/ss_twr_init/nrf_drv_uart.o
                0x00005f24                nrf_drv_uart_rx_enable
 .text.rx_done_event
                0x00005f78       0x36 Output/nrf52832_xxaa/Obj/ss_twr_init/nrf_drv_uart.o
 .text.tx_done_event
                0x00005fae       0x3c Output/nrf52832_xxaa/Obj/ss_twr_init/nrf_drv_uart.o
 .text.uart_irq_handler
                0x00005fea      0x1d2 Output/nrf52832_xxaa/Obj/ss_twr_init/nrf_drv_uart.o
 .text.uarte_irq_handler
                0x000061bc      0x160 Output/nrf52832_xxaa/Obj/ss_twr_init/nrf_drv_uart.o
 .text.UARTE0_UART0_IRQHandler
                0x0000631c       0x28 Output/nrf52832_xxaa/Obj/ss_twr_init/nrf_drv_uart.o
                0x0000631c                UARTE0_UART0_IRQHandler
 .text.app_error_handler_bare
                0x00006344       0x2a Output/nrf52832_xxaa/Obj/ss_twr_init/app_error.o
                0x00006344                app_error_handler_bare
 *fill*         0x0000636e        0x2 
 .text.__NVIC_SystemReset
                0x00006370       0x28 Output/nrf52832_xxaa/Obj/ss_twr_init/app_error_weak.o
 .text.app_error_fault_handler
                0x00006398       0x20 Output/nrf52832_xxaa/Obj/ss_twr_init/app_error_weak.o
                0x00006398                app_error_fault_handler
 .text.fifo_length
                0x000063b8       0x18 Output/nrf52832_xxaa/Obj/ss_twr_init/app_fifo.o
 .text.fifo_put
                0x000063d0       0x30 Output/nrf52832_xxaa/Obj/ss_twr_init/app_fifo.o
 .text.fifo_peek
                0x00006400       0x2e Output/nrf52832_xxaa/Obj/ss_twr_init/app_fifo.o
 .text.fifo_get
                0x0000642e       0x24 Output/nrf52832_xxaa/Obj/ss_twr_init/app_fifo.o
 .text.app_fifo_init
                0x00006452       0x58 Output/nrf52832_xxaa/Obj/ss_twr_init/app_fifo.o
                0x00006452                app_fifo_init
 .text.app_fifo_put
                0x000064aa       0x36 Output/nrf52832_xxaa/Obj/ss_twr_init/app_fifo.o
                0x000064aa                app_fifo_put
 .text.app_fifo_get
                0x000064e0       0x2a Output/nrf52832_xxaa/Obj/ss_twr_init/app_fifo.o
                0x000064e0                app_fifo_get
 .text.fifo_length
                0x0000650a       0x18 Output/nrf52832_xxaa/Obj/ss_twr_init/app_uart_fifo.o
 *fill*         0x00006522        0x2 
 .text.uart_event_handler
                0x00006524       0xfc Output/nrf52832_xxaa/Obj/ss_twr_init/app_uart_fifo.o
 .text.app_uart_init
                0x00006620      0x128 Output/nrf52832_xxaa/Obj/ss_twr_init/app_uart_fifo.o
                0x00006620                app_uart_init
 .text.app_util_disable_irq
                0x00006748       0x18 Output/nrf52832_xxaa/Obj/ss_twr_init/app_util_platform.o
                0x00006748                app_util_disable_irq
 .text.app_util_enable_irq
                0x00006760       0x20 Output/nrf52832_xxaa/Obj/ss_twr_init/app_util_platform.o
                0x00006760                app_util_enable_irq
 .text.app_util_critical_region_enter
                0x00006780       0x12 Output/nrf52832_xxaa/Obj/ss_twr_init/app_util_platform.o
                0x00006780                app_util_critical_region_enter
 .text.app_util_critical_region_exit
                0x00006792       0x16 Output/nrf52832_xxaa/Obj/ss_twr_init/app_util_platform.o
                0x00006792                app_util_critical_region_exit
 .text._DoInit  0x000067a8       0x9c Output/nrf52832_xxaa/Obj/ss_twr_init/SEGGER_RTT.o
 .text._WriteBlocking
                0x00006844       0xb2 Output/nrf52832_xxaa/Obj/ss_twr_init/SEGGER_RTT.o
 .text._WriteNoCheck
                0x000068f6       0x7e Output/nrf52832_xxaa/Obj/ss_twr_init/SEGGER_RTT.o
 .text._GetAvailWriteSpace
                0x00006974       0x3c Output/nrf52832_xxaa/Obj/ss_twr_init/SEGGER_RTT.o
 .text.SEGGER_RTT_WriteNoLock
                0x000069b0       0xa0 Output/nrf52832_xxaa/Obj/ss_twr_init/SEGGER_RTT.o
                0x000069b0                SEGGER_RTT_WriteNoLock
 .text.SEGGER_RTT_Write
                0x00006a50       0x3c Output/nrf52832_xxaa/Obj/ss_twr_init/SEGGER_RTT.o
                0x00006a50                SEGGER_RTT_Write
 .text.boUART_Init
                0x00006a8c       0x48 Output/nrf52832_xxaa/Obj/ss_twr_init/UART.o
                0x00006a8c                boUART_Init
 .text.vUartErrorHandle
                0x00006ad4       0x34 Output/nrf52832_xxaa/Obj/ss_twr_init/UART.o
 .text.vHandleUartInternalErrors
                0x00006b08        0xa Output/nrf52832_xxaa/Obj/ss_twr_init/UART.o
 .text.libc.putchar
                0x00006b12        0xe C:/Program Files/SEGGER/SEGGER Embedded Studio 8.24/lib/libc_v7em_fpv4_sp_d16_hard_t_le_eabi_balanced.a(fileops.o)
                0x00006b12                putchar
 .text.libc.fputc
                0x00006b20       0x22 C:/Program Files/SEGGER/SEGGER Embedded Studio 8.24/lib/libc_v7em_fpv4_sp_d16_hard_t_le_eabi_balanced.a(fileops.o)
                0x00006b20                fputc
 .text.libc.puts
                0x00006b42       0x30 C:/Program Files/SEGGER/SEGGER Embedded Studio 8.24/lib/libc_v7em_fpv4_sp_d16_hard_t_le_eabi_balanced.a(fileops.o)
                0x00006b42                puts
 .text.libc.fwrite
                0x00006b72       0x2e C:/Program Files/SEGGER/SEGGER Embedded Studio 8.24/lib/libc_v7em_fpv4_sp_d16_hard_t_le_eabi_balanced.a(fileops.o)
                0x00006b72                fwrite
 .text.libc.__SEGGER_RTL_float32_isnan
                0x00006ba0       0x10 C:/Program Files/SEGGER/SEGGER Embedded Studio 8.24/lib/libc_v7em_fpv4_sp_d16_hard_t_le_eabi_balanced.a(floatops.o)
                0x00006ba0                __SEGGER_RTL_float32_isnan
 .text.libc.__SEGGER_RTL_float32_isinf
                0x00006bb0       0x14 C:/Program Files/SEGGER/SEGGER Embedded Studio 8.24/lib/libc_v7em_fpv4_sp_d16_hard_t_le_eabi_balanced.a(floatops.o)
                0x00006bb0                __SEGGER_RTL_float32_isinf
 .text.libc.__SEGGER_RTL_float32_isnormal
                0x00006bc4       0x1a C:/Program Files/SEGGER/SEGGER Embedded Studio 8.24/lib/libc_v7em_fpv4_sp_d16_hard_t_le_eabi_balanced.a(floatops.o)
                0x00006bc4                __SEGGER_RTL_float32_isnormal
 .text.libc.__SEGGER_RTL_float32_signbit
                0x00006bde        0x8 C:/Program Files/SEGGER/SEGGER Embedded Studio 8.24/lib/libc_v7em_fpv4_sp_d16_hard_t_le_eabi_balanced.a(floatops.o)
                0x00006bde                __SEGGER_RTL_float32_signbit
 .text.libc.ldexpf
                0x00006be6       0x3c C:/Program Files/SEGGER/SEGGER Embedded Studio 8.24/lib/libc_v7em_fpv4_sp_d16_hard_t_le_eabi_balanced.a(floatops.o)
                0x00006be6                ldexpf
 .text.libc.frexpf
                0x00006c22       0x2e C:/Program Files/SEGGER/SEGGER Embedded Studio 8.24/lib/libc_v7em_fpv4_sp_d16_hard_t_le_eabi_balanced.a(floatops.o)
                0x00006c22                frexpf
 .text.libc.fmodf
                0x00006c50      0x114 C:/Program Files/SEGGER/SEGGER Embedded Studio 8.24/lib/libc_v7em_fpv4_sp_d16_hard_t_le_eabi_balanced.a(floatops.o)
                0x00006c50                fmodf
 .text.libc.floorf
                0x00006d64       0x68 C:/Program Files/SEGGER/SEGGER Embedded Studio 8.24/lib/libc_v7em_fpv4_sp_d16_hard_t_le_eabi_balanced.a(floatops.o)
                0x00006d64                floorf
 .text.libc.__aeabi_dmul
                0x00006dcc      0x130 C:/Program Files/SEGGER/SEGGER Embedded Studio 8.24/lib/libc_v7em_fpv4_sp_d16_hard_t_le_eabi_balanced.a(floatasmops_arm.o)
                0x00006dcc                __aeabi_dmul
 .text.libc.__aeabi_f2ulz
                0x00006efc       0x40 C:/Program Files/SEGGER/SEGGER Embedded Studio 8.24/lib/libc_v7em_fpv4_sp_d16_hard_t_le_eabi_balanced.a(floatasmops_arm.o)
                0x00006efc                __aeabi_f2ulz
 .text.libc.__aeabi_i2d
                0x00006f3c       0x24 C:/Program Files/SEGGER/SEGGER Embedded Studio 8.24/lib/libc_v7em_fpv4_sp_d16_hard_t_le_eabi_balanced.a(floatasmops_arm.o)
                0x00006f3c                __aeabi_i2d
 .text.libc.__aeabi_ul2f
                0x00006f60       0x54 C:/Program Files/SEGGER/SEGGER Embedded Studio 8.24/lib/libc_v7em_fpv4_sp_d16_hard_t_le_eabi_balanced.a(floatasmops_arm.o)
                0x00006f60                __aeabi_ul2f
 .text.libc.__aeabi_f2d
                0x00006fb4       0x34 C:/Program Files/SEGGER/SEGGER Embedded Studio 8.24/lib/libc_v7em_fpv4_sp_d16_hard_t_le_eabi_balanced.a(floatasmops_arm.o)
                0x00006fb4                __aeabi_f2d
 .text.libc.__aeabi_d2f
                0x00006fe8       0x4c C:/Program Files/SEGGER/SEGGER Embedded Studio 8.24/lib/libc_v7em_fpv4_sp_d16_hard_t_le_eabi_balanced.a(floatasmops_arm.o)
                0x00006fe8                __aeabi_d2f
 .text.libc.__SEGGER_RTL_putc
                0x00007034       0x84 C:/Program Files/SEGGER/SEGGER Embedded Studio 8.24/lib/libc_v7em_fpv4_sp_d16_hard_t_le_eabi_balanced.a(prinops.o)
                0x00007034                __SEGGER_RTL_putc
 .text.libc.__SEGGER_RTL_prin_flush
                0x000070b8       0x1a C:/Program Files/SEGGER/SEGGER Embedded Studio 8.24/lib/libc_v7em_fpv4_sp_d16_hard_t_le_eabi_balanced.a(prinops.o)
                0x000070b8                __SEGGER_RTL_prin_flush
 .text.libc.__SEGGER_RTL_print_padding
                0x000070d2       0x1c C:/Program Files/SEGGER/SEGGER Embedded Studio 8.24/lib/libc_v7em_fpv4_sp_d16_hard_t_le_eabi_balanced.a(prinops.o)
                0x000070d2                __SEGGER_RTL_print_padding
 .text.libc.__SEGGER_RTL_pre_padding
                0x000070ee       0x12 C:/Program Files/SEGGER/SEGGER Embedded Studio 8.24/lib/libc_v7em_fpv4_sp_d16_hard_t_le_eabi_balanced.a(prinops.o)
                0x000070ee                __SEGGER_RTL_pre_padding
 .text.libc.vfprintf
                0x00007100       0x1c C:/Program Files/SEGGER/SEGGER Embedded Studio 8.24/lib/libc_v7em_fpv4_sp_d16_hard_t_le_eabi_balanced.a(prinops.o)
                0x00007100                vfprintf
 .text.libc.vfprintf_l
                0x0000711c       0x6c C:/Program Files/SEGGER/SEGGER Embedded Studio 8.24/lib/libc_v7em_fpv4_sp_d16_hard_t_le_eabi_balanced.a(prinops.o)
                0x0000711c                vfprintf_l
 .text.libc.__SEGGER_RTL_stream_write
                0x00007188        0xa C:/Program Files/SEGGER/SEGGER Embedded Studio 8.24/lib/libc_v7em_fpv4_sp_d16_hard_t_le_eabi_balanced.a(prinops.o)
 .text.libc.printf
                0x00007192       0x2a C:/Program Files/SEGGER/SEGGER Embedded Studio 8.24/lib/libc_v7em_fpv4_sp_d16_hard_t_le_eabi_balanced.a(prinops.o)
                0x00007192                printf
 .text.libc.__SEGGER_RTL_vfprintf_short_float_long
                0x000071bc      0xbc4 C:/Program Files/SEGGER/SEGGER Embedded Studio 8.24/lib/libc_v7em_fpv4_sp_d16_hard_t_le_eabi_balanced.a(__SEGGER_RTL_vfprintf_short_float_long.o)
                0x000071bc                __SEGGER_RTL_vfprintf_short_float_long
 .text.libc.abs
                0x00007d80        0x8 C:/Program Files/SEGGER/SEGGER Embedded Studio 8.24/lib/libc_v7em_fpv4_sp_d16_hard_t_le_eabi_balanced.a(intops.o)
                0x00007d80                abs
 .text.libc.__SEGGER_RTL_pow10f
                0x00007d88       0x3a C:/Program Files/SEGGER/SEGGER Embedded Studio 8.24/lib/libc_v7em_fpv4_sp_d16_hard_t_le_eabi_balanced.a(utilops.o)
                0x00007d88                __SEGGER_RTL_pow10f
 *fill*         0x00007dc2        0x2 
 .text.libc.__aeabi_uldivmod
                0x00007dc4      0x130 C:/Program Files/SEGGER/SEGGER Embedded Studio 8.24/lib/libc_v7em_fpv4_sp_d16_hard_t_le_eabi_balanced.a(intasmops_arm.o)
                0x00007dc4                __aeabi_uldivmod
 .text.libc.__SEGGER_RTL_X_file_stat
                0x00007ef4       0x38 C:/Program Files/SEGGER/SEGGER Embedded Studio 8.24/lib/prinops_rtt_v7em_fpv4_sp_d16_hard_t_le_eabi_balanced.a(prinops_rtt.o)
                0x00007ef4                __SEGGER_RTL_X_file_stat
 .text.libc.__SEGGER_RTL_X_file_bufsize
                0x00007f2c        0x4 C:/Program Files/SEGGER/SEGGER Embedded Studio 8.24/lib/prinops_rtt_v7em_fpv4_sp_d16_hard_t_le_eabi_balanced.a(prinops_rtt.o)
                0x00007f2c                __SEGGER_RTL_X_file_bufsize
 .text.libc.__SEGGER_RTL_X_file_write
                0x00007f30        0x6 C:/Program Files/SEGGER/SEGGER Embedded Studio 8.24/lib/prinops_rtt_v7em_fpv4_sp_d16_hard_t_le_eabi_balanced.a(prinops_rtt.o)
                0x00007f30                __SEGGER_RTL_X_file_write
 .text.libc.memcmp
                0x00007f36       0x4a C:/Program Files/SEGGER/SEGGER Embedded Studio 8.24/lib/strops_unaligned_v7em_fpv4_sp_d16_hard_t_le_eabi_balanced.a(strops.o)
                0x00007f36                memcmp
 .text.libc.strlen
                0x00007f80       0x2a C:/Program Files/SEGGER/SEGGER Embedded Studio 8.24/lib/strops_unaligned_v7em_fpv4_sp_d16_hard_t_le_eabi_balanced.a(strops.o)
                0x00007f80                strlen
 .text.libc.strnlen
                0x00007faa       0x4c C:/Program Files/SEGGER/SEGGER Embedded Studio 8.24/lib/strops_unaligned_v7em_fpv4_sp_d16_hard_t_le_eabi_balanced.a(strops.o)
                0x00007faa                strnlen
 *fill*         0x00007ff6        0x2 
 .text.libc.memcpy
                0x00007ff8       0x5c C:/Program Files/SEGGER/SEGGER Embedded Studio 8.24/lib/strops_unaligned_v7em_fpv4_sp_d16_hard_t_le_eabi_balanced.a(strasmops_arm.o)
                0x00007ff8                __aeabi_memcpy
                0x00007ff8                memcpy
                0x00008016                __aeabi_memcpy8
                0x00008016                __aeabi_memcpy4
 .text.libc.__aeabi_memclr
                0x00008054       0x68 C:/Program Files/SEGGER/SEGGER Embedded Studio 8.24/lib/strops_unaligned_v7em_fpv4_sp_d16_hard_t_le_eabi_balanced.a(strasmops_arm.o)
                0x00008054                __aeabi_memclr8
                0x00008054                __aeabi_memclr
                0x00008054                __aeabi_memclr4
                0x00008056                __aeabi_memset4
                0x00008056                __aeabi_memset8
                0x00008056                __aeabi_memset
                0x0000805c                memset
 .text.libc.__SEGGER_RTL_current_locale
                0x000080bc       0x18 C:/Program Files/SEGGER/SEGGER Embedded Studio 8.24/lib/mbops_timeops_v7em_fpv4_sp_d16_hard_t_le_eabi_balanced.a(mbops.o)
                0x000080bc                __SEGGER_RTL_current_locale
 .text.libc.__SEGGER_RTL_ascii_mbtowc
                0x000080d4       0x32 C:/Program Files/SEGGER/SEGGER Embedded Studio 8.24/lib/mbops_timeops_v7em_fpv4_sp_d16_hard_t_le_eabi_balanced.a(mbops.o)
                0x000080d4                __SEGGER_RTL_ascii_mbtowc
 .text.libc.__SEGGER_RTL_ascii_wctomb
                0x00008106        0xe C:/Program Files/SEGGER/SEGGER Embedded Studio 8.24/lib/mbops_timeops_v7em_fpv4_sp_d16_hard_t_le_eabi_balanced.a(mbops.o)
                0x00008106                __SEGGER_RTL_ascii_wctomb
 .text.libc.__SEGGER_RTL_ascii_isctype
                0x00008114       0x20 C:/Program Files/SEGGER/SEGGER Embedded Studio 8.24/lib/mbops_timeops_v7em_fpv4_sp_d16_hard_t_le_eabi_balanced.a(mbops.o)
 .text.libc.__SEGGER_RTL_ascii_toupper
                0x00008134        0xc C:/Program Files/SEGGER/SEGGER Embedded Studio 8.24/lib/mbops_timeops_v7em_fpv4_sp_d16_hard_t_le_eabi_balanced.a(mbops.o)
 .text.libc.__SEGGER_RTL_ascii_tolower
                0x00008140        0xe C:/Program Files/SEGGER/SEGGER Embedded Studio 8.24/lib/mbops_timeops_v7em_fpv4_sp_d16_hard_t_le_eabi_balanced.a(mbops.o)
 .text.libc.__SEGGER_RTL_ascii_iswctype
                0x0000814e       0x20 C:/Program Files/SEGGER/SEGGER Embedded Studio 8.24/lib/mbops_timeops_v7em_fpv4_sp_d16_hard_t_le_eabi_balanced.a(mbops.o)
 .text.libc.__SEGGER_RTL_ascii_towupper
                0x0000816e        0xc C:/Program Files/SEGGER/SEGGER Embedded Studio 8.24/lib/mbops_timeops_v7em_fpv4_sp_d16_hard_t_le_eabi_balanced.a(mbops.o)
 .text.libc.__SEGGER_RTL_ascii_towlower
                0x0000817a        0xe C:/Program Files/SEGGER/SEGGER Embedded Studio 8.24/lib/mbops_timeops_v7em_fpv4_sp_d16_hard_t_le_eabi_balanced.a(mbops.o)
                0x00008188                        __text_end__ = (__text_start__ + SIZEOF (.text))
                0x00007ed8                        __text_size__ = SIZEOF (.text)
                0x00008188                        __text_load_end__ = __text_end__

.vfp11_veneer   0x00000000        0x0
 .vfp11_veneer  0x00000000        0x0 linker stubs

.v4_bx          0x00000000        0x0
 .v4_bx         0x00000000        0x0 linker stubs

.iplt           0x00000000        0x0
 .iplt          0x00000000        0x0 Output/nrf52832_xxaa/Obj/ss_twr_init/main.o
                0x00000001                        . = ASSERT (((__text_start__ == __text_end__) || ((__text_end__ - __FLASH_segment_start__) <= __FLASH_segment_size__)), error: .text is too large to fit in FLASH memory segment)
                0x00008188                        __dtors_load_start__ = ALIGN (__text_end__, 0x4)

.dtors          0x00008188        0x0
                0x00008188                        __dtors_start__ = .
 *(SORT_BY_NAME(.dtors.*))
 *(.dtors)
 *(.fini_array)
 *(SORT_BY_NAME(.fini_array.*))
                0x00008188                        __dtors_end__ = (__dtors_start__ + SIZEOF (.dtors))
                0x00000000                        __dtors_size__ = SIZEOF (.dtors)
                0x00008188                        __dtors_load_end__ = __dtors_end__
                0x00000001                        . = ASSERT (((__dtors_start__ == __dtors_end__) || ((__dtors_end__ - __FLASH_segment_start__) <= __FLASH_segment_size__)), error: .dtors is too large to fit in FLASH memory segment)
                0x00008188                        __ctors_load_start__ = ALIGN (__dtors_end__, 0x4)

.ctors          0x00008188        0x0
                0x00008188                        __ctors_start__ = .
 *(SORT_BY_NAME(.ctors.*))
 *(.ctors)
 *(.init_array)
 *(SORT_BY_NAME(.init_array.*))
                0x00008188                        __ctors_end__ = (__ctors_start__ + SIZEOF (.ctors))
                0x00000000                        __ctors_size__ = SIZEOF (.ctors)
                0x00008188                        __ctors_load_end__ = __ctors_end__
                0x00000001                        . = ASSERT (((__ctors_start__ == __ctors_end__) || ((__ctors_end__ - __FLASH_segment_start__) <= __FLASH_segment_size__)), error: .ctors is too large to fit in FLASH memory segment)
                0x00008188                        __rodata_load_start__ = ALIGN (__ctors_end__, 0x4)

.rodata         0x00008188      0x575
                0x00008188                        __rodata_start__ = .
 *(.rodata .rodata.* .gnu.linkonce.r.* .data.rel.ro .data.rel.ro.*)
 .rodata        0x00008188       0xac Output/nrf52832_xxaa/Obj/ss_twr_init/main.o
 .rodata        0x00008234       0x65 Output/nrf52832_xxaa/Obj/ss_twr_init/ss_init_main.o
 *fill*         0x00008299        0x3 
 .rodata.chan_idx
                0x0000829c        0x8 Output/nrf52832_xxaa/Obj/ss_twr_init/deca_params_init.o
                0x0000829c                chan_idx
 .rodata.tx_config
                0x000082a4       0x18 Output/nrf52832_xxaa/Obj/ss_twr_init/deca_params_init.o
                0x000082a4                tx_config
 .rodata.fs_pll_cfg
                0x000082bc       0x18 Output/nrf52832_xxaa/Obj/ss_twr_init/deca_params_init.o
                0x000082bc                fs_pll_cfg
 .rodata.fs_pll_tune
                0x000082d4        0x6 Output/nrf52832_xxaa/Obj/ss_twr_init/deca_params_init.o
                0x000082d4                fs_pll_tune
 *fill*         0x000082da        0x2 
 .rodata.rx_config
                0x000082dc        0x2 Output/nrf52832_xxaa/Obj/ss_twr_init/deca_params_init.o
                0x000082dc                rx_config
 *fill*         0x000082de        0x2 
 .rodata.agc_config
                0x000082e0        0x8 Output/nrf52832_xxaa/Obj/ss_twr_init/deca_params_init.o
                0x000082e0                agc_config
 .rodata.dwnsSFDlen
                0x000082e8        0x3 Output/nrf52832_xxaa/Obj/ss_twr_init/deca_params_init.o
                0x000082e8                dwnsSFDlen
 *fill*         0x000082eb        0x1 
 .rodata.sftsh  0x000082ec        0xc Output/nrf52832_xxaa/Obj/ss_twr_init/deca_params_init.o
                0x000082ec                sftsh
 .rodata.dtune1
                0x000082f8        0x4 Output/nrf52832_xxaa/Obj/ss_twr_init/deca_params_init.o
                0x000082f8                dtune1
 .rodata.digital_bb_config
                0x000082fc       0x20 Output/nrf52832_xxaa/Obj/ss_twr_init/deca_params_init.o
                0x000082fc                digital_bb_config
 .rodata.lde_replicaCoeff
                0x0000831c       0x32 Output/nrf52832_xxaa/Obj/ss_twr_init/deca_params_init.o
                0x0000831c                lde_replicaCoeff
 *fill*         0x0000834e        0x2 
 .rodata.spi    0x00008350        0x8 Output/nrf52832_xxaa/Obj/ss_twr_init/port_platform.o
 .rodata        0x00008358       0x20 Output/nrf52832_xxaa/Obj/ss_twr_init/port_platform.o
 .rodata        0x00008378        0x5 Output/nrf52832_xxaa/Obj/ss_twr_init/tasks.o
 *fill*         0x0000837d        0x3 
 .rodata        0x00008380        0xd Output/nrf52832_xxaa/Obj/ss_twr_init/timers.o
 *fill*         0x0000838d        0x3 
 .rodata        0x00008390       0x20 Output/nrf52832_xxaa/Obj/ss_twr_init/app_uart_fifo.o
 .rodata        0x000083b0       0x17 Output/nrf52832_xxaa/Obj/ss_twr_init/SEGGER_RTT.o
 *fill*         0x000083c7        0x1 
 .rodata.comm_params
                0x000083c8       0x18 Output/nrf52832_xxaa/Obj/ss_twr_init/UART.o
                0x000083c8                comm_params
 .rodata.libc.__SEGGER_RTL_hex_uc
                0x000083e0       0x10 C:/Program Files/SEGGER/SEGGER Embedded Studio 8.24/lib/libc_v7em_fpv4_sp_d16_hard_t_le_eabi_balanced.a(prinops.o)
                0x000083e0                __SEGGER_RTL_hex_uc
 .rodata.libc.__SEGGER_RTL_hex_lc
                0x000083f0       0x10 C:/Program Files/SEGGER/SEGGER Embedded Studio 8.24/lib/libc_v7em_fpv4_sp_d16_hard_t_le_eabi_balanced.a(prinops.o)
                0x000083f0                __SEGGER_RTL_hex_lc
 .rodata.libc.__SEGGER_RTL_ipow10
                0x00008400       0xa0 C:/Program Files/SEGGER/SEGGER Embedded Studio 8.24/lib/libc_v7em_fpv4_sp_d16_hard_t_le_eabi_balanced.a(prinops.o)
                0x00008400                __SEGGER_RTL_ipow10
 .rodata.libc..L.str
                0x000084a0        0x7 C:/Program Files/SEGGER/SEGGER Embedded Studio 8.24/lib/libc_v7em_fpv4_sp_d16_hard_t_le_eabi_balanced.a(__SEGGER_RTL_vfprintf_short_float_long.o)
 .rodata.libc..L.str.1
                0x000084a7        0x5 C:/Program Files/SEGGER/SEGGER Embedded Studio 8.24/lib/libc_v7em_fpv4_sp_d16_hard_t_le_eabi_balanced.a(__SEGGER_RTL_vfprintf_short_float_long.o)
 .rodata.libc..L.str.2
                0x000084ac        0x5 C:/Program Files/SEGGER/SEGGER Embedded Studio 8.24/lib/libc_v7em_fpv4_sp_d16_hard_t_le_eabi_balanced.a(__SEGGER_RTL_vfprintf_short_float_long.o)
 .rodata.libc..L.str.3
                0x000084b1        0x5 C:/Program Files/SEGGER/SEGGER Embedded Studio 8.24/lib/libc_v7em_fpv4_sp_d16_hard_t_le_eabi_balanced.a(__SEGGER_RTL_vfprintf_short_float_long.o)
 .rodata.libc..L.str.4
                0x000084b6        0x5 C:/Program Files/SEGGER/SEGGER Embedded Studio 8.24/lib/libc_v7em_fpv4_sp_d16_hard_t_le_eabi_balanced.a(__SEGGER_RTL_vfprintf_short_float_long.o)
 .rodata.libc..L.str.5
                0x000084bb        0x4 C:/Program Files/SEGGER/SEGGER Embedded Studio 8.24/lib/libc_v7em_fpv4_sp_d16_hard_t_le_eabi_balanced.a(__SEGGER_RTL_vfprintf_short_float_long.o)
 .rodata.libc..L.str.6
                0x000084bf        0x4 C:/Program Files/SEGGER/SEGGER Embedded Studio 8.24/lib/libc_v7em_fpv4_sp_d16_hard_t_le_eabi_balanced.a(__SEGGER_RTL_vfprintf_short_float_long.o)
 *fill*         0x000084c3        0x1 
 .rodata.libc.__SEGGER_RTL_aPower2f
                0x000084c4       0x18 C:/Program Files/SEGGER/SEGGER Embedded Studio 8.24/lib/libc_v7em_fpv4_sp_d16_hard_t_le_eabi_balanced.a(utilops.o)
 .rodata.libc.__SEGGER_RTL_c_locale
                0x000084dc        0xc C:/Program Files/SEGGER/SEGGER Embedded Studio 8.24/lib/mbops_timeops_v7em_fpv4_sp_d16_hard_t_le_eabi_balanced.a(mbops.o)
                0x000084dc                __SEGGER_RTL_c_locale
 .rodata.libc.__SEGGER_RTL_c_locale_day_names
                0x000084e8       0x3a C:/Program Files/SEGGER/SEGGER Embedded Studio 8.24/lib/mbops_timeops_v7em_fpv4_sp_d16_hard_t_le_eabi_balanced.a(mbops.o)
                0x000084e8                __SEGGER_RTL_c_locale_day_names
 .rodata.libc.__SEGGER_RTL_c_locale_month_names
                0x00008522       0x57 C:/Program Files/SEGGER/SEGGER Embedded Studio 8.24/lib/mbops_timeops_v7em_fpv4_sp_d16_hard_t_le_eabi_balanced.a(mbops.o)
                0x00008522                __SEGGER_RTL_c_locale_month_names
 .rodata.libc.__SEGGER_RTL_c_locale_am_pm_indicator
                0x00008579        0x7 C:/Program Files/SEGGER/SEGGER Embedded Studio 8.24/lib/mbops_timeops_v7em_fpv4_sp_d16_hard_t_le_eabi_balanced.a(mbops.o)
                0x00008579                __SEGGER_RTL_c_locale_am_pm_indicator
 .rodata.libc.__SEGGER_RTL_c_locale_date_format
                0x00008580        0x9 C:/Program Files/SEGGER/SEGGER Embedded Studio 8.24/lib/mbops_timeops_v7em_fpv4_sp_d16_hard_t_le_eabi_balanced.a(mbops.o)
                0x00008580                __SEGGER_RTL_c_locale_date_format
 .rodata.libc.__SEGGER_RTL_c_locale_time_format
                0x00008589        0x9 C:/Program Files/SEGGER/SEGGER Embedded Studio 8.24/lib/mbops_timeops_v7em_fpv4_sp_d16_hard_t_le_eabi_balanced.a(mbops.o)
                0x00008589                __SEGGER_RTL_c_locale_time_format
 .rodata.libc.__SEGGER_RTL_c_locale_date_time_format
                0x00008592        0xf C:/Program Files/SEGGER/SEGGER Embedded Studio 8.24/lib/mbops_timeops_v7em_fpv4_sp_d16_hard_t_le_eabi_balanced.a(mbops.o)
                0x00008592                __SEGGER_RTL_c_locale_date_time_format
 .rodata.libc..L.str
                0x000085a1        0x2 C:/Program Files/SEGGER/SEGGER Embedded Studio 8.24/lib/mbops_timeops_v7em_fpv4_sp_d16_hard_t_le_eabi_balanced.a(mbops.o)
 *fill*         0x000085a3        0x1 
 .rodata.libc.__SEGGER_RTL_codeset_ascii
                0x000085a4       0x20 C:/Program Files/SEGGER/SEGGER Embedded Studio 8.24/lib/mbops_timeops_v7em_fpv4_sp_d16_hard_t_le_eabi_balanced.a(mbops.o)
                0x000085a4                __SEGGER_RTL_codeset_ascii
 .rodata.libc.__SEGGER_RTL_c_locale_abbrev_day_names
                0x000085c4       0x1d C:/Program Files/SEGGER/SEGGER Embedded Studio 8.24/lib/mbops_timeops_v7em_fpv4_sp_d16_hard_t_le_eabi_balanced.a(mbops.o)
                0x000085c4                __SEGGER_RTL_c_locale_abbrev_day_names
 .rodata.libc.__SEGGER_RTL_c_locale_abbrev_month_names
                0x000085e1       0x31 C:/Program Files/SEGGER/SEGGER Embedded Studio 8.24/lib/mbops_timeops_v7em_fpv4_sp_d16_hard_t_le_eabi_balanced.a(mbops.o)
                0x000085e1                __SEGGER_RTL_c_locale_abbrev_month_names
 .rodata.libc.__SEGGER_RTL_data_utf8_period
                0x00008612        0x2 C:/Program Files/SEGGER/SEGGER Embedded Studio 8.24/lib/mbops_timeops_v7em_fpv4_sp_d16_hard_t_le_eabi_balanced.a(mbops.o)
                0x00008612                __SEGGER_RTL_data_utf8_period
 .rodata.libc.__SEGGER_RTL_data_empty_string
                0x00008614        0x1 C:/Program Files/SEGGER/SEGGER Embedded Studio 8.24/lib/mbops_timeops_v7em_fpv4_sp_d16_hard_t_le_eabi_balanced.a(mbops.o)
                0x00008614                __SEGGER_RTL_data_empty_string
 *fill*         0x00008615        0x3 
 .rodata.libc.__SEGGER_RTL_c_locale_data
                0x00008618       0x58 C:/Program Files/SEGGER/SEGGER Embedded Studio 8.24/lib/mbops_timeops_v7em_fpv4_sp_d16_hard_t_le_eabi_balanced.a(mbops.o)
                0x00008618                __SEGGER_RTL_c_locale_data
 .rodata.libc.__SEGGER_RTL_ascii_ctype_map
                0x00008670       0x80 C:/Program Files/SEGGER/SEGGER Embedded Studio 8.24/lib/mbops_timeops_v7em_fpv4_sp_d16_hard_t_le_eabi_balanced.a(mbops.o)
 .rodata.libc.__SEGGER_RTL_ascii_ctype_mask
                0x000086f0        0xd C:/Program Files/SEGGER/SEGGER Embedded Studio 8.24/lib/mbops_timeops_v7em_fpv4_sp_d16_hard_t_le_eabi_balanced.a(mbops.o)
                0x000086fd                        __rodata_end__ = (__rodata_start__ + SIZEOF (.rodata))
                0x00000575                        __rodata_size__ = SIZEOF (.rodata)
                0x000086fd                        __rodata_load_end__ = __rodata_end__

.rel.dyn        0x00000000        0x0
 .rel.iplt      0x00000000        0x0 Output/nrf52832_xxaa/Obj/ss_twr_init/main.o
                0x00000001                        . = ASSERT (((__rodata_start__ == __rodata_end__) || ((__rodata_end__ - __FLASH_segment_start__) <= __FLASH_segment_size__)), error: .rodata is too large to fit in FLASH memory segment)
                0x00008700                        __ARM.exidx_load_start__ = ALIGN (__rodata_end__, 0x4)

.ARM.exidx      0x00008700        0x0
                0x00008700                        __ARM.exidx_start__ = .
                0x00008700                        __exidx_start = __ARM.exidx_start__
 *(.ARM.exidx .ARM.exidx.*)
                0x00008700                        __ARM.exidx_end__ = (__ARM.exidx_start__ + SIZEOF (.ARM.exidx))
                0x00000000                        __ARM.exidx_size__ = SIZEOF (.ARM.exidx)
                0x00008700                        __exidx_end = __ARM.exidx_end__
                0x00008700                        __ARM.exidx_load_end__ = __ARM.exidx_end__
                0x00000001                        . = ASSERT (((__ARM.exidx_start__ == __ARM.exidx_end__) || ((__ARM.exidx_end__ - __FLASH_segment_start__) <= __FLASH_segment_size__)), error: .ARM.exidx is too large to fit in FLASH memory segment)
                0x00008700                        __fast_load_start__ = ALIGN (__ARM.exidx_end__, 0x4)

.fast           0x20000000        0x0 load address 0x00008700
                0x20000000                        __fast_start__ = .
 *(.fast .fast.*)
                0x20000000                        __fast_end__ = (__fast_start__ + SIZEOF (.fast))
                0x00000000                        __fast_size__ = SIZEOF (.fast)
                0x00008700                        __fast_load_end__ = (__fast_load_start__ + SIZEOF (.fast))
                0x00000001                        . = ASSERT (((__fast_load_start__ == __fast_load_end__) || ((__fast_load_end__ - __FLASH_segment_start__) <= __FLASH_segment_size__)), error: .fast is too large to fit in FLASH memory segment)

.fast_run       0x20000000        0x0
                0x20000000                        __fast_run_start__ = .
                0x20000000                        __fast_run_end__ = (__fast_run_start__ + SIZEOF (.fast))
                0x00000000                        __fast_run_size__ = (__fast_run_end__ - __fast_run_start__)
                0x20000000                        __fast_run_load_end__ = __fast_run_end__
                0x00000001                        . = ASSERT (((__fast_run_start__ == __fast_run_end__) || ((__fast_run_end__ - __SRAM_segment_start__) <= __SRAM_segment_size__)), error: .fast_run is too large to fit in SRAM memory segment)
                0x00008700                        __data_load_start__ = ALIGN ((__fast_load_start__ + SIZEOF (.fast)), 0x4)

.data           0x20000000       0x60 load address 0x00008700
                0x20000000                        __data_start__ = .
 *(.data .data.* .gnu.linkonce.d.*)
 .data.config   0x20000000        0xc Output/nrf52832_xxaa/Obj/ss_twr_init/main.o
 .data.tx_poll_msg
                0x2000000c        0xc Output/nrf52832_xxaa/Obj/ss_twr_init/ss_init_main.o
 .data.rx_resp_msg
                0x20000018       0x14 Output/nrf52832_xxaa/Obj/ss_twr_init/ss_init_main.o
 .data.pdw1000local
                0x2000002c        0x4 Output/nrf52832_xxaa/Obj/ss_twr_init/deca_device.o
 .data.xNextTaskUnblockTime
                0x20000030        0x4 Output/nrf52832_xxaa/Obj/ss_twr_init/tasks.o
 .data.SystemCoreClock
                0x20000034        0x4 Output/nrf52832_xxaa/Obj/ss_twr_init/system_nrf52.o
                0x20000034                SystemCoreClock
 .data.app_uart_inst
                0x20000038        0x8 Output/nrf52832_xxaa/Obj/ss_twr_init/app_uart_fifo.o
 .data.libc.stdin
                0x20000040        0x4 C:/Program Files/SEGGER/SEGGER Embedded Studio 8.24/lib/prinops_rtt_v7em_fpv4_sp_d16_hard_t_le_eabi_balanced.a(prinops_rtt.o)
                0x20000040                stdin
 .data.libc.stdout
                0x20000044        0x4 C:/Program Files/SEGGER/SEGGER Embedded Studio 8.24/lib/prinops_rtt_v7em_fpv4_sp_d16_hard_t_le_eabi_balanced.a(prinops_rtt.o)
                0x20000044                stdout
 .data.libc.stderr
                0x20000048        0x4 C:/Program Files/SEGGER/SEGGER Embedded Studio 8.24/lib/prinops_rtt_v7em_fpv4_sp_d16_hard_t_le_eabi_balanced.a(prinops_rtt.o)
                0x20000048                stderr
 .data.libc.__SEGGER_RTL_global_locale
                0x2000004c       0x14 C:/Program Files/SEGGER/SEGGER Embedded Studio 8.24/lib/mbops_timeops_v7em_fpv4_sp_d16_hard_t_le_eabi_balanced.a(mbops.o)
                0x2000004c                __SEGGER_RTL_global_locale
                0x2000004c                __RAL_global_locale
                0x20000060                        __data_end__ = (__data_start__ + SIZEOF (.data))
                0x00000060                        __data_size__ = SIZEOF (.data)
                0x00008760                        __data_load_end__ = (__data_load_start__ + SIZEOF (.data))

.igot.plt       0x00000000        0x0
 .igot.plt      0x00000000        0x0 Output/nrf52832_xxaa/Obj/ss_twr_init/main.o
                0x00000001                        . = ASSERT (((__data_load_start__ == __data_load_end__) || ((__data_load_end__ - __FLASH_segment_start__) <= __FLASH_segment_size__)), error: .data is too large to fit in FLASH memory segment)

.data_run       0x20000000        0x0
                0x20000000                        __data_run_start__ = .
                0x20000060                        __data_run_end__ = (__data_run_start__ + SIZEOF (.data))
                0x00000060                        __data_run_size__ = (__data_run_end__ - __data_run_start__)
                0x20000060                        __data_run_load_end__ = __data_run_end__
                0x00000001                        . = ASSERT (((__data_run_start__ == __data_run_end__) || ((__data_run_end__ - __SRAM_segment_start__) <= __SRAM_segment_size__)), error: .data_run is too large to fit in SRAM memory segment)
                0x00008760                        __tdata_load_start__ = ALIGN ((__data_load_start__ + SIZEOF (.data)), 0x4)

.tdata          0x20000060        0x0 load address 0x00008760
                0x20000060                        __tdata_start__ = .
 *(.tdata .tdata.*)
                0x20000060                        __tdata_end__ = (__tdata_start__ + SIZEOF (.tdata))
                0x00000000                        __tdata_size__ = SIZEOF (.tdata)
                0x00008760                        __tdata_load_end__ = (__tdata_load_start__ + SIZEOF (.tdata))
                0x00000001                        . = ASSERT (((__tdata_load_start__ == __tdata_load_end__) || ((__tdata_load_end__ - __FLASH_segment_start__) <= __FLASH_segment_size__)), error: .tdata is too large to fit in FLASH memory segment)

.tdata_run      0x20000060        0x0
                0x20000060                        __tdata_run_start__ = .
                0x20000060                        __tdata_run_end__ = (__tdata_run_start__ + SIZEOF (.tdata))
                0x00000000                        __tdata_run_size__ = (__tdata_run_end__ - __tdata_run_start__)
                0x20000060                        __tdata_run_load_end__ = __tdata_run_end__
                0x00000001                        . = ASSERT (((__tdata_run_start__ == __tdata_run_end__) || ((__tdata_run_end__ - __SRAM_segment_start__) <= __SRAM_segment_size__)), error: .tdata_run is too large to fit in SRAM memory segment)
                0x20000060                        __nrf_sections_run_load_start__ = ALIGN (__tdata_run_end__, 0x4)

.nrf_sections_run
                0x20000060        0x0
                0x20000060                        __nrf_sections_run_start__ = .
                0x20000060                        __start_nrf_sections_run = __nrf_sections_run_start__
 *(.nrf_sections_run .nrf_sections_run.*)
                0x20000060                        __nrf_sections_run_end__ = (__nrf_sections_run_start__ + SIZEOF (.nrf_sections_run))
                0x00000000                        __nrf_sections_run_size__ = SIZEOF (.nrf_sections_run)
                0x20000060                        __nrf_sections_run_load_end__ = __nrf_sections_run_end__
                0x00000001                        . = ASSERT (((__nrf_sections_run_start__ == __nrf_sections_run_end__) || ((__nrf_sections_run_end__ - __SRAM_segment_start__) <= __SRAM_segment_size__)), error: .nrf_sections_run is too large to fit in SRAM memory segment)
                0x00008760                        __dfu_trans_load_start__ = ALIGN ((__tdata_load_start__ + SIZEOF (.tdata)), 0x4)

.dfu_trans      0x00008760        0x0
                0x00008760                        __dfu_trans_start__ = .
                0x00008760                        __start_dfu_trans = __dfu_trans_start__
 *(SORT_BY_NAME(.dfu_trans*))
                0x00008760                        __dfu_trans_end__ = (__dfu_trans_start__ + SIZEOF (.dfu_trans))
                0x00000000                        __dfu_trans_size__ = SIZEOF (.dfu_trans)
                0x00008760                        __stop_dfu_trans = __dfu_trans_end__
                0x00008760                        __dfu_trans_load_end__ = __dfu_trans_end__
                0x00000001                        . = ASSERT (((__dfu_trans_start__ == __dfu_trans_end__) || ((__dfu_trans_end__ - __FLASH_segment_start__) <= __FLASH_segment_size__)), error: .dfu_trans is too large to fit in FLASH memory segment)
                0x00008760                        __log_const_data_load_start__ = ALIGN (__dfu_trans_end__, 0x4)

.log_const_data
                0x00008760        0x0
                0x00008760                        __log_const_data_start__ = .
                0x00008760                        __start_log_const_data = __log_const_data_start__
 *(.log_const_data*)
                0x00008760                        __log_const_data_end__ = (__log_const_data_start__ + SIZEOF (.log_const_data))
                0x00000000                        __log_const_data_size__ = SIZEOF (.log_const_data)
                0x00008760                        __stop_log_const_data = __log_const_data_end__
                0x00008760                        __log_const_data_load_end__ = __log_const_data_end__
                0x00000001                        . = ASSERT (((__log_const_data_start__ == __log_const_data_end__) || ((__log_const_data_end__ - __FLASH_segment_start__) <= __FLASH_segment_size__)), error: .log_const_data is too large to fit in FLASH memory segment)
                0x00008760                        __svc_data_load_start__ = ALIGN (__log_const_data_end__, 0x4)

.svc_data       0x00008760        0x0
                0x00008760                        __svc_data_start__ = .
                0x00008760                        __start_svc_data = __svc_data_start__
 *(.svc_data*)
                0x00008760                        __svc_data_end__ = (__svc_data_start__ + SIZEOF (.svc_data))
                0x00000000                        __svc_data_size__ = SIZEOF (.svc_data)
                0x00008760                        __stop_svc_data = __svc_data_end__
                0x00008760                        __svc_data_load_end__ = __svc_data_end__
                0x00000001                        . = ASSERT (((__svc_data_start__ == __svc_data_end__) || ((__svc_data_end__ - __FLASH_segment_start__) <= __FLASH_segment_size__)), error: .svc_data is too large to fit in FLASH memory segment)
                0x00008760                        __sdh_ble_observers_load_start__ = ALIGN (__svc_data_end__, 0x4)

.sdh_ble_observers
                0x00008760        0x0
                0x00008760                        __sdh_ble_observers_start__ = .
                0x00008760                        __start_sdh_ble_observers = __sdh_ble_observers_start__
 *(SORT_BY_NAME(.sdh_ble_observers*))
                0x00008760                        __sdh_ble_observers_end__ = (__sdh_ble_observers_start__ + SIZEOF (.sdh_ble_observers))
                0x00000000                        __sdh_ble_observers_size__ = SIZEOF (.sdh_ble_observers)
                0x00008760                        __stop_sdh_ble_observers = __sdh_ble_observers_end__
                0x00008760                        __sdh_ble_observers_load_end__ = __sdh_ble_observers_end__
                0x00000001                        . = ASSERT (((__sdh_ble_observers_start__ == __sdh_ble_observers_end__) || ((__sdh_ble_observers_end__ - __FLASH_segment_start__) <= __FLASH_segment_size__)), error: .sdh_ble_observers is too large to fit in FLASH memory segment)
                0x00008760                        __sdh_req_observers_load_start__ = ALIGN (__sdh_ble_observers_end__, 0x4)

.sdh_req_observers
                0x00008760        0x0
                0x00008760                        __sdh_req_observers_start__ = .
                0x00008760                        __start_sdh_req_observers = __sdh_req_observers_start__
 *(SORT_BY_NAME(.sdh_req_observers*))
                0x00008760                        __sdh_req_observers_end__ = (__sdh_req_observers_start__ + SIZEOF (.sdh_req_observers))
                0x00000000                        __sdh_req_observers_size__ = SIZEOF (.sdh_req_observers)
                0x00008760                        __stop_sdh_req_observers = __sdh_req_observers_end__
                0x00008760                        __sdh_req_observers_load_end__ = __sdh_req_observers_end__
                0x00000001                        . = ASSERT (((__sdh_req_observers_start__ == __sdh_req_observers_end__) || ((__sdh_req_observers_end__ - __FLASH_segment_start__) <= __FLASH_segment_size__)), error: .sdh_req_observers is too large to fit in FLASH memory segment)
                0x00008760                        __sdh_state_observers_load_start__ = ALIGN (__sdh_req_observers_end__, 0x4)

.sdh_state_observers
                0x00008760        0x0
                0x00008760                        __sdh_state_observers_start__ = .
                0x00008760                        __start_sdh_state_observers = __sdh_state_observers_start__
 *(SORT_BY_NAME(.sdh_state_observers*))
                0x00008760                        __sdh_state_observers_end__ = (__sdh_state_observers_start__ + SIZEOF (.sdh_state_observers))
                0x00000000                        __sdh_state_observers_size__ = SIZEOF (.sdh_state_observers)
                0x00008760                        __stop_sdh_state_observers = __sdh_state_observers_end__
                0x00008760                        __sdh_state_observers_load_end__ = __sdh_state_observers_end__
                0x00000001                        . = ASSERT (((__sdh_state_observers_start__ == __sdh_state_observers_end__) || ((__sdh_state_observers_end__ - __FLASH_segment_start__) <= __FLASH_segment_size__)), error: .sdh_state_observers is too large to fit in FLASH memory segment)
                0x00008760                        __sdh_stack_observers_load_start__ = ALIGN (__sdh_state_observers_end__, 0x4)

.sdh_stack_observers
                0x00008760        0x0
                0x00008760                        __sdh_stack_observers_start__ = .
                0x00008760                        __start_sdh_stack_observers = __sdh_stack_observers_start__
 *(SORT_BY_NAME(.sdh_stack_observers*))
                0x00008760                        __sdh_stack_observers_end__ = (__sdh_stack_observers_start__ + SIZEOF (.sdh_stack_observers))
                0x00000000                        __sdh_stack_observers_size__ = SIZEOF (.sdh_stack_observers)
                0x00008760                        __stop_sdh_stack_observers = __sdh_stack_observers_end__
                0x00008760                        __sdh_stack_observers_load_end__ = __sdh_stack_observers_end__
                0x00000001                        . = ASSERT (((__sdh_stack_observers_start__ == __sdh_stack_observers_end__) || ((__sdh_stack_observers_end__ - __FLASH_segment_start__) <= __FLASH_segment_size__)), error: .sdh_stack_observers is too large to fit in FLASH memory segment)
                0x00008760                        __sdh_soc_observers_load_start__ = ALIGN (__sdh_stack_observers_end__, 0x4)

.sdh_soc_observers
                0x00008760        0x0
                0x00008760                        __sdh_soc_observers_start__ = .
                0x00008760                        __start_sdh_soc_observers = __sdh_soc_observers_start__
 *(SORT_BY_NAME(.sdh_soc_observers*))
                0x00008760                        __sdh_soc_observers_end__ = (__sdh_soc_observers_start__ + SIZEOF (.sdh_soc_observers))
                0x00000000                        __sdh_soc_observers_size__ = SIZEOF (.sdh_soc_observers)
                0x00008760                        __stop_sdh_soc_observers = __sdh_soc_observers_end__
                0x00008760                        __sdh_soc_observers_load_end__ = __sdh_soc_observers_end__
                0x00000001                        . = ASSERT (((__sdh_soc_observers_start__ == __sdh_soc_observers_end__) || ((__sdh_soc_observers_end__ - __FLASH_segment_start__) <= __FLASH_segment_size__)), error: .sdh_soc_observers is too large to fit in FLASH memory segment)
                0x00008760                        __nrf_sections_load_start__ = ALIGN (__sdh_soc_observers_end__, 0x4)

.nrf_sections   0x00008760        0x0
                0x00008760                        __nrf_sections_start__ = .
                0x00008760                        __start_nrf_sections = __nrf_sections_start__
 *(.nrf_sections .nrf_sections.*)
                0x00008760                        __nrf_sections_end__ = (__nrf_sections_start__ + SIZEOF (.nrf_sections))
                0x00000000                        __nrf_sections_size__ = SIZEOF (.nrf_sections)
                0x00008760                        __nrf_sections_load_end__ = __nrf_sections_end__
                0x00000001                        . = ASSERT (((__nrf_sections_start__ == __nrf_sections_end__) || ((__nrf_sections_end__ - __FLASH_segment_start__) <= __FLASH_segment_size__)), error: .nrf_sections is too large to fit in FLASH memory segment)
                0x00008760                        __log_dynamic_data_load_start__ = ALIGN (__nrf_sections_end__, 0x4)

.log_dynamic_data
                0x20000060        0x0 load address 0x00008760
                0x20000060                        __log_dynamic_data_start__ = .
 *(.log_dynamic_data*)
                0x20000060                        __log_dynamic_data_end__ = (__log_dynamic_data_start__ + SIZEOF (.log_dynamic_data))
                0x00000000                        __log_dynamic_data_size__ = SIZEOF (.log_dynamic_data)
                0x00008760                        __log_dynamic_data_load_end__ = (__log_dynamic_data_load_start__ + SIZEOF (.log_dynamic_data))
                0x00000001                        . = ASSERT (((__log_dynamic_data_load_start__ == __log_dynamic_data_load_end__) || ((__log_dynamic_data_load_end__ - __FLASH_segment_start__) <= __FLASH_segment_size__)), error: .log_dynamic_data is too large to fit in FLASH memory segment)

.log_dynamic_data_run
                0x20000060        0x0
                0x20000060                        __log_dynamic_data_run_start__ = .
                0x20000060                        __start_log_dynamic_data = __log_dynamic_data_run_start__
                0x20000060                        __log_dynamic_data_run_end__ = (__log_dynamic_data_run_start__ + SIZEOF (.log_dynamic_data))
                0x00000000                        __log_dynamic_data_run_size__ = (__log_dynamic_data_run_end__ - __log_dynamic_data_run_start__)
                0x20000060                        __stop_log_dynamic_data = __log_dynamic_data_run_end__
                0x20000060                        __log_dynamic_data_run_load_end__ = __log_dynamic_data_run_end__
                0x00000001                        . = ASSERT (((__log_dynamic_data_run_start__ == __log_dynamic_data_run_end__) || ((__log_dynamic_data_run_end__ - __SRAM_segment_start__) <= __SRAM_segment_size__)), error: .log_dynamic_data_run is too large to fit in SRAM memory segment)
                0x00008760                        __fs_data_load_start__ = ALIGN ((__log_dynamic_data_load_start__ + SIZEOF (.log_dynamic_data)), 0x4)

.fs_data        0x20000060        0x0 load address 0x00008760
                0x20000060                        __fs_data_start__ = .
 *(.fs_data*)
                0x20000060                        __fs_data_end__ = (__fs_data_start__ + SIZEOF (.fs_data))
                0x00000000                        __fs_data_size__ = SIZEOF (.fs_data)
                0x00008760                        __fs_data_load_end__ = (__fs_data_load_start__ + SIZEOF (.fs_data))
                0x00008760                        __FLASH_segment_used_end__ = (ALIGN ((__log_dynamic_data_load_start__ + SIZEOF (.log_dynamic_data)), 0x4) + SIZEOF (.fs_data))
                0x00008760                        __FLASH_segment_used_size__ = (__FLASH_segment_used_end__ - __FLASH_segment_start__)