Archive member included to satisfy reference by file (symbol)

C:/Program Files/SEGGER/SEGGER Embedded Studio 8.24/lib/libc_v7em_fpv4_sp_d16_hard_t_le_eabi_balanced.a(fileops.o)
                              Output/nrf52832_xxaa/Obj/ss_twr_init/main.o (puts)
C:/Program Files/SEGGER/SEGGER Embedded Studio 8.24/lib/libc_v7em_fpv4_sp_d16_hard_t_le_eabi_balanced.a(floatops.o)
                              Output/nrf52832_xxaa/Obj/ss_twr_init/utils.o (__SEGGER_RTL_float64_isnan)
C:/Program Files/SEGGER/SEGGER Embedded Studio 8.24/lib/libc_v7em_fpv4_sp_d16_hard_t_le_eabi_balanced.a(floatasmops_arm.o)
                              Output/nrf52832_xxaa/Obj/ss_twr_init/utils.o (__aeabi_dadd)
C:/Program Files/SEGGER/SEGGER Embedded Studio 8.24/lib/libc_v7em_fpv4_sp_d16_hard_t_le_eabi_balanced.a(prinops.o)
                              Output/nrf52832_xxaa/Obj/ss_twr_init/main.o (snprintf)
C:/Program Files/SEGGER/SEGGER Embedded Studio 8.24/lib/libc_v7em_fpv4_sp_d16_hard_t_le_eabi_balanced.a(__SEGGER_RTL_vfprintf_short_float_long.o)
                              (__SEGGER_RTL_vfprintf_short_float_long)
C:/Program Files/SEGGER/SEGGER Embedded Studio 8.24/lib/libc_v7em_fpv4_sp_d16_hard_t_le_eabi_balanced.a(__SEGGER_RTL_vfscanf_int.o)
                              (__SEGGER_RTL_vfscanf_int)
C:/Program Files/SEGGER/SEGGER Embedded Studio 8.24/lib/libc_v7em_fpv4_sp_d16_hard_t_le_eabi_balanced.a(errno.o)
                              C:/Program Files/SEGGER/SEGGER Embedded Studio 8.24/lib/libc_v7em_fpv4_sp_d16_hard_t_le_eabi_balanced.a(fileops.o) (__aeabi_errno_addr)
C:/Program Files/SEGGER/SEGGER Embedded Studio 8.24/lib/libc_v7em_fpv4_sp_d16_hard_t_le_eabi_balanced.a(intops.o)
                              C:/Program Files/SEGGER/SEGGER Embedded Studio 8.24/lib/libc_v7em_fpv4_sp_d16_hard_t_le_eabi_balanced.a(__SEGGER_RTL_vfprintf_short_float_long.o) (abs)
C:/Program Files/SEGGER/SEGGER Embedded Studio 8.24/lib/libc_v7em_fpv4_sp_d16_hard_t_le_eabi_balanced.a(utilops.o)
                              C:/Program Files/SEGGER/SEGGER Embedded Studio 8.24/lib/libc_v7em_fpv4_sp_d16_hard_t_le_eabi_balanced.a(__SEGGER_RTL_vfprintf_short_float_long.o) (__SEGGER_RTL_pow10f)
C:/Program Files/SEGGER/SEGGER Embedded Studio 8.24/lib/libc_v7em_fpv4_sp_d16_hard_t_le_eabi_balanced.a(intasmops_arm.o)
                              C:/Program Files/SEGGER/SEGGER Embedded Studio 8.24/lib/libc_v7em_fpv4_sp_d16_hard_t_le_eabi_balanced.a(intops.o) (__aeabi_ldivmod)
C:/Program Files/SEGGER/SEGGER Embedded Studio 8.24/lib/prinops_rtt_v7em_fpv4_sp_d16_hard_t_le_eabi_balanced.a(prinops_rtt.o)
                              C:/Program Files/SEGGER/SEGGER Embedded Studio 8.24/lib/libc_v7em_fpv4_sp_d16_hard_t_le_eabi_balanced.a(fileops.o) (__SEGGER_RTL_X_file_stat)
C:/Program Files/SEGGER/SEGGER Embedded Studio 8.24/lib/heapops_disable_interrupts_locking_v7em_fpv4_sp_d16_hard_t_le_eabi_balanced.a(heapops.o)
                              C:/Program Files/SEGGER/SEGGER Embedded Studio 8.24/lib/libc_v7em_fpv4_sp_d16_hard_t_le_eabi_balanced.a(prinops.o) (free)
C:/Program Files/SEGGER/SEGGER Embedded Studio 8.24/lib/strops_unaligned_v7em_fpv4_sp_d16_hard_t_le_eabi_balanced.a(strops.o)
                              Output/nrf52832_xxaa/Obj/ss_twr_init/main.o (strlen)
C:/Program Files/SEGGER/SEGGER Embedded Studio 8.24/lib/strops_unaligned_v7em_fpv4_sp_d16_hard_t_le_eabi_balanced.a(strasmops_arm.o)
                              C:/Program Files/SEGGER/SEGGER Embedded Studio 8.24/lib/strops_unaligned_v7em_fpv4_sp_d16_hard_t_le_eabi_balanced.a(strops.o) (strcmp)
C:/Program Files/SEGGER/SEGGER Embedded Studio 8.24/lib/mbops_timeops_v7em_fpv4_sp_d16_hard_t_le_eabi_balanced.a(mbops.o)
                              C:/Program Files/SEGGER/SEGGER Embedded Studio 8.24/lib/libc_v7em_fpv4_sp_d16_hard_t_le_eabi_balanced.a(prinops.o) (__SEGGER_RTL_current_locale)
C:/Program Files/SEGGER/SEGGER Embedded Studio 8.24/lib/mbops_timeops_v7em_fpv4_sp_d16_hard_t_le_eabi_balanced.a(timeops.o)
                              C:/Program Files/SEGGER/SEGGER Embedded Studio 8.24/lib/mbops_timeops_v7em_fpv4_sp_d16_hard_t_le_eabi_balanced.a(mbops.o) (__SEGGER_RTL_string_list_encode)
C:/Program Files/SEGGER/SEGGER Embedded Studio 8.24/lib/libc_v7em_fpv4_sp_d16_hard_t_le_eabi_balanced.a(execops.o)
                              C:/Program Files/SEGGER/SEGGER Embedded Studio 8.24/lib/strops_unaligned_v7em_fpv4_sp_d16_hard_t_le_eabi_balanced.a(strops.o) (__SEGGER_RTL_constraint_violation)
C:/Program Files/SEGGER/SEGGER Embedded Studio 8.24/lib/libc_v7em_fpv4_sp_d16_hard_t_le_eabi_balanced.a(execops_arm.o)
                              C:/Program Files/SEGGER/SEGGER Embedded Studio 8.24/lib/libc_v7em_fpv4_sp_d16_hard_t_le_eabi_balanced.a(execops.o) (__aeabi_SIGABRT)
C:/Program Files/SEGGER/SEGGER Embedded Studio 8.24/lib/libc_v7em_fpv4_sp_d16_hard_t_le_eabi_balanced.a(sortops.o)
[...]
Memory Configuration

Name             Origin             Length             Attributes
UNPLACED_SECTIONS 0x00000000         0x00000000         xw
FLASH            0x00000000         0x00080000         xr
SRAM             0x20000000         0x00010000         xw
*default*        0x00000000         0xffffffff

Linker script and memory map

                0x00000000                        __FLASH_segment_start__ = 0x0
                0x00080000                        __FLASH_segment_end__ = 0x80000
                0x00080000                        __FLASH_segment_size__ = 0x80000
                0x20000000                        __SRAM_segment_start__ = 0x20000000
                0x20010000                        __SRAM_segment_end__ = 0x20010000
                0x00010000                        __SRAM_segment_size__ = 0x10000
                0x00000400                        __HEAPSIZE__ = 0x400
                0x00008f38                        __SEGGER_RTL_vfprintf = __SEGGER_RTL_vfprintf_short_float_long
                0x00000000                        __SEGGER_RTL_vfscanf = __SEGGER_RTL_vfscanf_int
                0x00000000                        __STACKSIZE_PROCESS__ = 0x0
                0x00000400                        __STACKSIZE__ = 0x400
                0x20000000                        __vectors_ram_load_start__ = ALIGN (__SRAM_segment_start__, 0x100)

.vectors_ram    0x20000000        0x0
                0x20000000                        __vectors_ram_start__ = .
 *(.vectors_ram .vectors_ram.*)
                0x20000000                        __vectors_ram_end__ = (__vectors_ram_start__ + SIZEOF (.vectors_ram))
                0x00000000                        __vectors_ram_size__ = SIZEOF (.vectors_ram)
                0x20000000                        __vectors_ram_load_end__ = __vectors_ram_end__
                0x00000001                        . = ASSERT (((__vectors_ram_start__ == __vectors_ram_end__) || ((__vectors_ram_end__ - __SRAM_segment_start__) <= __SRAM_segment_size__)), error: .vectors_ram is too large to fit in SRAM memory segment)
                0x00000000                        __vectors_load_start__ = ALIGN (__FLASH_segment_start__, 0x100)

.vectors        0x00000000       0xd8
                0x00000000                        __vectors_start__ = .
 *(.vectors .vectors.*)
 .vectors       0x00000000       0xd8 Output/nrf52832_xxaa/Obj/ss_twr_init/ses_nrf52_startup.o
                0x00000000                _vectors
                0x000000d8                        __vectors_end__ = (__vectors_start__ + SIZEOF (.vectors))
                0x000000d8                        __vectors_size__ = SIZEOF (.vectors)
                0x000000d8                        __vectors_load_end__ = __vectors_end__
                0x00000001                        . = ASSERT (((__vectors_start__ == __vectors_end__) || ((__vectors_end__ - __FLASH_segment_start__) <= __FLASH_segment_size__)), error: .vectors is too large to fit in FLASH memory segment)
                0x000000d8                        __init_load_start__ = ALIGN (__vectors_end__, 0x4)

.init           0x000000d8      0x1d8
                0x000000d8                        __init_start__ = .
 *(.init .init.*)
 .init          0x000000d8       0x6c Output/nrf52832_xxaa/Obj/ss_twr_init/ses_nrf52_startup.o
                0x000000d8                NMI_Handler
                0x000000da                HardFault_Handler
                0x000000dc                MemoryManagement_Handler
                0x000000de                BusFault_Handler
                0x000000e0                UsageFault_Handler
                0x000000e4                DebugMon_Handler
                0x000000e8                SysTick_Handler
                0x000000ec                RADIO_IRQHandler
                0x000000f0                SPIM0_SPIS0_TWIM0_TWIS0_SPI0_TWI0_IRQHandler
                0x000000f4                NFCT_IRQHandler
                0x000000f8                SAADC_IRQHandler
                0x000000fa                TIMER0_IRQHandler
                0x000000fc                TIMER1_IRQHandler
                0x000000fe                TIMER2_IRQHandler
                0x00000100                RTC0_IRQHandler
                0x00000102                TEMP_IRQHandler
                0x00000104                RNG_IRQHandler
                0x00000106                ECB_IRQHandler
                0x00000108                CCM_AAR_IRQHandler
                0x0000010a                WDT_IRQHandler
                0x0000010e                QDEC_IRQHandler
                0x00000110                COMP_LPCOMP_IRQHandler
                0x00000112                SWI0_EGU0_IRQHandler
                0x00000114                SWI1_EGU1_IRQHandler
                0x00000116                SWI2_EGU2_IRQHandler
                0x00000118                SWI3_EGU3_IRQHandler
                0x0000011a                SWI4_EGU4_IRQHandler
                0x0000011c                SWI5_EGU5_IRQHandler
                0x0000011e                TIMER3_IRQHandler
                0x00000120                TIMER4_IRQHandler
                0x00000122                PWM0_IRQHandler
                0x00000124                PDM_IRQHandler
                0x00000126                MWU_IRQHandler
                0x00000128                PWM1_IRQHandler
                0x0000012a                PWM2_IRQHandler
                0x0000012c                SPIM2_SPIS2_SPI2_IRQHandler
                0x0000012e                RTC2_IRQHandler
                0x00000130                I2S_IRQHandler
                0x00000132                reset_handler
 .init          0x00000144      0x16c Output/nrf52832_xxaa/Obj/ss_twr_init/thumb_crt0.o
                0x00000144                _start
                0x00000200                exit
                0x000002b0                        __init_end__ = (__init_start__ + SIZEOF (.init))
                0x000001d8                        __init_size__ = SIZEOF (.init)
                0x000002b0                        __init_load_end__ = __init_end__
                0x00000001                        . = ASSERT (((__init_start__ == __init_end__) || ((__init_end__ - __FLASH_segment_start__) <= __FLASH_segment_size__)), error: .init is too large to fit in FLASH memory segment)
                0x000002b0                        __init_rodata_load_start__ = ALIGN (__init_end__, 0x4)

.init_rodata    0x000002b0        0x0
                0x000002b0                        __init_rodata_start__ = .
 *(.init_rodata .init_rodata.*)
                0x000002b0                        __init_rodata_end__ = (__init_rodata_start__ + SIZEOF (.init_rodata))
                0x00000000                        __init_rodata_size__ = SIZEOF (.init_rodata)
                0x000002b0                        __init_rodata_load_end__ = __init_rodata_end__
                0x00000001                        . = ASSERT (((__init_rodata_start__ == __init_rodata_end__) || ((__init_rodata_end__ - __FLASH_segment_start__) <= __FLASH_segment_size__)), error: .init_rodata is too large to fit in FLASH memory segment)
                0x000002b0                        __text_load_start__ = ALIGN (__init_rodata_end__, 0x4)

.text           0x000002b0     0x9c08
                0x000002b0                        __text_start__ = .
 *(.text .text.* .gnu.linkonce.t.* .glue_7t .glue_7 .gcc_except_table .ARM.extab* .gnu.linkonce.armextab.*)
 .glue_7        0x000002b0        0x0 linker stubs
 .glue_7t       0x000002b0        0x0 linker stubs
 .text.hfclk_start_timeout
                0x000002b0       0x44 Output/nrf52832_xxaa/Obj/ss_twr_init/ble_beacon.o
 .text.ble_radio_config
                0x000002f4       0x80 Output/nrf52832_xxaa/Obj/ss_twr_init/ble_beacon.o
 .text.build_adv_manuf
                0x00000374      0x140 Output/nrf52832_xxaa/Obj/ss_twr_init/ble_beacon.o
 .text.ble_raw_beacon_send_index
                0x000004b4       0xec Output/nrf52832_xxaa/Obj/ss_twr_init/ble_beacon.o
 .text.ble_raw_beacon_init
                0x000005a0       0x48 Output/nrf52832_xxaa/Obj/ss_twr_init/ble_beacon.o
                0x000005a0                ble_raw_beacon_init
 .text.ble_raw_beacon_broadcast
                0x000005e8       0x32 Output/nrf52832_xxaa/Obj/ss_twr_init/ble_beacon.o
                0x000005e8                ble_raw_beacon_broadcast
 .text.ble_raw_beacon_send_payload
                0x0000061a       0x24 Output/nrf52832_xxaa/Obj/ss_twr_init/ble_beacon.o
                0x0000061a                ble_raw_beacon_send_payload
 *fill*         0x0000063e        0x2 
 .text.hfclk_start_timeout
                0x00000640       0x44 Output/nrf52832_xxaa/Obj/ss_twr_init/ble_scanner.o
 .text.ble_scanner_init
                0x00000684       0x84 Output/nrf52832_xxaa/Obj/ss_twr_init/ble_scanner.o
                0x00000684                ble_scanner_init
 .text.ble_scan_for_config
                0x00000708      0x1cc Output/nrf52832_xxaa/Obj/ss_twr_init/ble_scanner.o
                0x00000708                ble_scan_for_config
 .text.ble_scan_packet
                0x000008d4      0x1a4 Output/nrf52832_xxaa/Obj/ss_twr_init/ble_scanner.o
                0x000008d4                ble_scan_packet
 .text.__NVIC_SystemReset
                0x00000a78       0x28 Output/nrf52832_xxaa/Obj/ss_twr_init/main.o
 .text.nrf_gpio_pin_port_decode
                0x00000aa0        0xe Output/nrf52832_xxaa/Obj/ss_twr_init/main.o
 .text.nrf_gpio_cfg
                0x00000aae       0x62 Output/nrf52832_xxaa/Obj/ss_twr_init/main.o
 .text.nrf_gpio_cfg_output
                0x00000b10       0x22 Output/nrf52832_xxaa/Obj/ss_twr_init/main.o
 .text.nrf_gpio_cfg_input
                0x00000b32       0x2a Output/nrf52832_xxaa/Obj/ss_twr_init/main.o
 .text.nrf_delay_us
                0x00000b5c       0xa0 Output/nrf52832_xxaa/Obj/ss_twr_init/main.o
 .text.nrf_delay_ms
                0x00000bfc       0x1e Output/nrf52832_xxaa/Obj/ss_twr_init/main.o
 *fill*         0x00000c1a        0x2 
 .text.flash_config_write
                0x00000c1c       0x7c Output/nrf52832_xxaa/Obj/ss_twr_init/main.o
                0x00000c1c                flash_config_write
 .text.led_toggle_task_function
                0x00000c98       0x36 Output/nrf52832_xxaa/Obj/ss_twr_init/main.o
 .text.led_toggle_timer_callback
                0x00000cce       0x32 Output/nrf52832_xxaa/Obj/ss_twr_init/main.o
 .text.main     0x00000d00      0x310 Output/nrf52832_xxaa/Obj/ss_twr_init/main.o
                0x00000d00                main
 .text.__NVIC_SystemReset
                0x00001010       0x28 Output/nrf52832_xxaa/Obj/ss_twr_init/ss_init_main.o
 .text.reset_uwb_state
                0x00001038       0x1c Output/nrf52832_xxaa/Obj/ss_twr_init/ss_init_main.o
                0x00001038                reset_uwb_state
 .text.calculate_tag_position
                0x00001054      0x17c Output/nrf52832_xxaa/Obj/ss_twr_init/ss_init_main.o
                0x00001054                calculate_tag_position
 .text.ss_initiator_task_function
                0x000011d0      0x5a8 Output/nrf52832_xxaa/Obj/ss_twr_init/ss_init_main.o
                0x000011d0                ss_initiator_task_function
 .text.__NVIC_SystemReset
                0x00001778       0x28 Output/nrf52832_xxaa/Obj/ss_twr_init/ss_resp_main.o
 .text.get_rx_timestamp_u64
                0x000017a0       0x6e Output/nrf52832_xxaa/Obj/ss_twr_init/ss_resp_main.o
 .text.resp_msg_set_ts
                0x0000180e       0x54 Output/nrf52832_xxaa/Obj/ss_twr_init/ss_resp_main.o
 *fill*         0x00001862        0x2 
 .text.ss_responder_task_function
                0x00001864      0x3ac Output/nrf52832_xxaa/Obj/ss_twr_init/ss_resp_main.o
                0x00001864                ss_responder_task_function
 .text.tof_3d_localize
                0x00001c10     0x1260 Output/nrf52832_xxaa/Obj/ss_twr_init/utils.o
                0x00001c10                tof_3d_localize
 .text.dwt_initialise
                0x00002e70      0x184 Output/nrf52832_xxaa/Obj/ss_twr_init/deca_device.o
                0x00002e70                dwt_initialise
 .text.dwt_readdevid
                0x00002ff4       0x10 Output/nrf52832_xxaa/Obj/ss_twr_init/deca_device.o
                0x00002ff4                dwt_readdevid
 .text.dwt_configure
                0x00003004      0x304 Output/nrf52832_xxaa/Obj/ss_twr_init/deca_device.o
                0x00003004                dwt_configure
 .text.dwt_setrxantennadelay
                0x00003308       0x22 Output/nrf52832_xxaa/Obj/ss_twr_init/deca_device.o
                0x00003308                dwt_setrxantennadelay
 .text.dwt_settxantennadelay
                0x0000332a       0x20 Output/nrf52832_xxaa/Obj/ss_twr_init/deca_device.o
                0x0000332a                dwt_settxantennadelay
 .text.dwt_writetxdata
                0x0000334a       0x46 Output/nrf52832_xxaa/Obj/ss_twr_init/deca_device.o
                0x0000334a                dwt_writetxdata
 .text.dwt_writetxfctrl
                0x00003390       0x44 Output/nrf52832_xxaa/Obj/ss_twr_init/deca_device.o
                0x00003390                dwt_writetxfctrl
 .text.dwt_readrxdata
                0x000033d4       0x2a Output/nrf52832_xxaa/Obj/ss_twr_init/deca_device.o
                0x000033d4                dwt_readrxdata
 .text.dwt_readcarrierintegrator
                0x000033fe       0x60 Output/nrf52832_xxaa/Obj/ss_twr_init/deca_device.o
                0x000033fe                dwt_readcarrierintegrator
 .text.dwt_readtxtimestamplo32
                0x0000345e       0x10 Output/nrf52832_xxaa/Obj/ss_twr_init/deca_device.o
                0x0000345e                dwt_readtxtimestamplo32
 .text.dwt_readrxtimestamp
                0x0000346e       0x1a Output/nrf52832_xxaa/Obj/ss_twr_init/deca_device.o
                0x0000346e                dwt_readrxtimestamp
 .text.dwt_readrxtimestamplo32
                0x00003488       0x10 Output/nrf52832_xxaa/Obj/ss_twr_init/deca_device.o
                0x00003488                dwt_readrxtimestamplo32
 .text.dwt_writetodevice
                0x00003498       0xbc Output/nrf52832_xxaa/Obj/ss_twr_init/deca_device.o
                0x00003498                dwt_writetodevice
 .text.dwt_readfromdevice
                0x00003554       0xb6 Output/nrf52832_xxaa/Obj/ss_twr_init/deca_device.o
                0x00003554                dwt_readfromdevice
 .text.dwt_read32bitoffsetreg
                0x0000360a       0x48 Output/nrf52832_xxaa/Obj/ss_twr_init/deca_device.o
                0x0000360a                dwt_read32bitoffsetreg
 .text.dwt_read16bitoffsetreg
                0x00003652       0x3c Output/nrf52832_xxaa/Obj/ss_twr_init/deca_device.o
                0x00003652                dwt_read16bitoffsetreg
 .text.dwt_read8bitoffsetreg
                0x0000368e       0x26 Output/nrf52832_xxaa/Obj/ss_twr_init/deca_device.o
                0x0000368e                dwt_read8bitoffsetreg
 .text.dwt_write8bitoffsetreg
                0x000036b4       0x28 Output/nrf52832_xxaa/Obj/ss_twr_init/deca_device.o
                0x000036b4                dwt_write8bitoffsetreg
 .text.dwt_write16bitoffsetreg
                0x000036dc       0x3e Output/nrf52832_xxaa/Obj/ss_twr_init/deca_device.o
                0x000036dc                dwt_write16bitoffsetreg
 .text.dwt_write32bitoffsetreg
                0x0000371a       0x48 Output/nrf52832_xxaa/Obj/ss_twr_init/deca_device.o
                0x0000371a                dwt_write32bitoffsetreg
 .text._dwt_otpread
                0x00003762       0x3c Output/nrf52832_xxaa/Obj/ss_twr_init/deca_device.o
                0x00003762                _dwt_otpread
 .text._dwt_aonarrayupload
                0x0000379e       0x1a Output/nrf52832_xxaa/Obj/ss_twr_init/deca_device.o
                0x0000379e                _dwt_aonarrayupload
 .text._dwt_configlde
                0x000037b8       0x3e Output/nrf52832_xxaa/Obj/ss_twr_init/deca_device.o
                0x000037b8                _dwt_configlde
 .text._dwt_loaducodefromrom
                0x000037f6       0x24 Output/nrf52832_xxaa/Obj/ss_twr_init/deca_device.o
                0x000037f6                _dwt_loaducodefromrom
 .text.dwt_setrxaftertxdelay
                0x0000381a       0x36 Output/nrf52832_xxaa/Obj/ss_twr_init/deca_device.o
                0x0000381a                dwt_setrxaftertxdelay
 .text._dwt_enableclocks
                0x00003850      0x158 Output/nrf52832_xxaa/Obj/ss_twr_init/deca_device.o
                0x00003850                _dwt_enableclocks
 .text._dwt_disablesequencing
                0x000039a8       0x16 Output/nrf52832_xxaa/Obj/ss_twr_init/deca_device.o
                0x000039a8                _dwt_disablesequencing
 .text.dwt_setdelayedtrxtime
                0x000039be       0x18 Output/nrf52832_xxaa/Obj/ss_twr_init/deca_device.o
                0x000039be                dwt_setdelayedtrxtime
 *fill*         0x000039d6        0x2 
 .text.dwt_starttx
                0x000039d8       0xd4 Output/nrf52832_xxaa/Obj/ss_twr_init/deca_device.o
                0x000039d8                dwt_starttx
 .text.dwt_forcetrxoff
                0x00003aac       0x60 Output/nrf52832_xxaa/Obj/ss_twr_init/deca_device.o
                0x00003aac                dwt_forcetrxoff
 .text.dwt_syncrxbufptrs
                0x00003b0c       0x38 Output/nrf52832_xxaa/Obj/ss_twr_init/deca_device.o
                0x00003b0c                dwt_syncrxbufptrs
 .text.dwt_rxenable
                0x00003b44       0x8e Output/nrf52832_xxaa/Obj/ss_twr_init/deca_device.o
                0x00003b44                dwt_rxenable
 *fill*         0x00003bd2        0x2 
 .text.dwt_setrxtimeout
                0x00003bd4       0x90 Output/nrf52832_xxaa/Obj/ss_twr_init/deca_device.o
                0x00003bd4                dwt_setrxtimeout
 .text.dwt_rxreset
                0x00003c64       0x1a Output/nrf52832_xxaa/Obj/ss_twr_init/deca_device.o
                0x00003c64                dwt_rxreset
 *fill*         0x00003c7e        0x2 
 .text.dwt_softreset
                0x00003c80       0x48 Output/nrf52832_xxaa/Obj/ss_twr_init/deca_device.o
                0x00003c80                dwt_softreset
 .text.dwt_setxtaltrim
                0x00003cc8       0x34 Output/nrf52832_xxaa/Obj/ss_twr_init/deca_device.o
                0x00003cc8                dwt_setxtaltrim
 .text.nrf_gpio_pin_port_decode
                0x00003cfc        0xe Output/nrf52832_xxaa/Obj/ss_twr_init/port_platform.o
 .text.nrf_gpio_cfg
                0x00003d0a       0x62 Output/nrf52832_xxaa/Obj/ss_twr_init/port_platform.o
 .text.nrf_gpio_cfg_output
                0x00003d6c       0x22 Output/nrf52832_xxaa/Obj/ss_twr_init/port_platform.o
 .text.nrf_gpio_cfg_input
                0x00003d8e       0x2a Output/nrf52832_xxaa/Obj/ss_twr_init/port_platform.o
 .text.nrf_gpio_pin_clear
                0x00003db8       0x28 Output/nrf52832_xxaa/Obj/ss_twr_init/port_platform.o
 .text.nrf_gpio_port_out_clear
                0x00003de0       0x14 Output/nrf52832_xxaa/Obj/ss_twr_init/port_platform.o
 .text.nrf_delay_us
                0x00003df4       0xa0 Output/nrf52832_xxaa/Obj/ss_twr_init/port_platform.o
 .text.nrf_delay_ms
                0x00003e94       0x1e Output/nrf52832_xxaa/Obj/ss_twr_init/port_platform.o
 *fill*         0x00003eb2        0x2 
 .text.spi_event_handler
                0x00003eb4       0x18 Output/nrf52832_xxaa/Obj/ss_twr_init/port_platform.o
                0x00003eb4                spi_event_handler
 .text.readfromspi
                0x00003ecc      0x140 Output/nrf52832_xxaa/Obj/ss_twr_init/port_platform.o
                0x00003ecc                readfromspi
 .text.writetospi
                0x0000400c      0x12c Output/nrf52832_xxaa/Obj/ss_twr_init/port_platform.o
                0x0000400c                writetospi
 .text.reset_DW1000
                0x00004138       0x26 Output/nrf52832_xxaa/Obj/ss_twr_init/port_platform.o
                0x00004138                reset_DW1000
 *fill*         0x0000415e        0x2 
 .text.port_set_dw1000_slowrate
                0x00004160       0x48 Output/nrf52832_xxaa/Obj/ss_twr_init/port_platform.o
                0x00004160                port_set_dw1000_slowrate
 .text.port_set_dw1000_fastrate
                0x000041a8       0x4c Output/nrf52832_xxaa/Obj/ss_twr_init/port_platform.o
                0x000041a8                port_set_dw1000_fastrate
 .text.deca_sleep
                0x000041f4       0x14 Output/nrf52832_xxaa/Obj/ss_twr_init/port_platform.o
                0x000041f4                deca_sleep
 .text.decamutexon
                0x00004208        0x6 Output/nrf52832_xxaa/Obj/ss_twr_init/port_platform.o
                0x00004208                decamutexon
 .text.decamutexoff
                0x0000420e        0xa Output/nrf52832_xxaa/Obj/ss_twr_init/port_platform.o
                0x0000420e                decamutexoff
 .text.pvPortMalloc
                0x00004218       0x88 Output/nrf52832_xxaa/Obj/ss_twr_init/heap_1.o
                0x00004218                pvPortMalloc
 .text.vPortFree
                0x000042a0        0xa Output/nrf52832_xxaa/Obj/ss_twr_init/heap_1.o
                0x000042a0                vPortFree
 .text.vListInitialise
                0x000042aa       0x36 Output/nrf52832_xxaa/Obj/ss_twr_init/list.o
                0x000042aa                vListInitialise
 .text.vListInitialiseItem
                0x000042e0       0x10 Output/nrf52832_xxaa/Obj/ss_twr_init/list.o
                0x000042e0                vListInitialiseItem
 .text.vListInsertEnd
                0x000042f0       0x3e Output/nrf52832_xxaa/Obj/ss_twr_init/list.o
                0x000042f0                vListInsertEnd
 .text.vListInsert
                0x0000432e       0x68 Output/nrf52832_xxaa/Obj/ss_twr_init/list.o
                0x0000432e                vListInsert
 .text.uxListRemove
                0x00004396       0x4a Output/nrf52832_xxaa/Obj/ss_twr_init/list.o
                0x00004396                uxListRemove
 .text.vPortStartFirstTask
                0x000043e0       0x20 Output/nrf52832_xxaa/Obj/ss_twr_init/port.o
                0x000043e0                vPortStartFirstTask
 .text.SVC_Handler
                0x00004400       0x24 Output/nrf52832_xxaa/Obj/ss_twr_init/port.o
                0x00004400                SVC_Handler
 .text.PendSV_Handler
                0x00004424       0x64 Output/nrf52832_xxaa/Obj/ss_twr_init/port.o
                0x00004424                PendSV_Handler
 .text.__NVIC_SetPriority
                0x00004488       0x50 Output/nrf52832_xxaa/Obj/ss_twr_init/port_cmsis.o
 .text.pxPortInitialiseStack
                0x000044d8       0x60 Output/nrf52832_xxaa/Obj/ss_twr_init/port_cmsis.o
                0x000044d8                pxPortInitialiseStack
 .text.prvTaskExitError
                0x00004538       0x10 Output/nrf52832_xxaa/Obj/ss_twr_init/port_cmsis.o
 .text.xPortStartScheduler
                0x00004548       0x4c Output/nrf52832_xxaa/Obj/ss_twr_init/port_cmsis.o
                0x00004548                xPortStartScheduler
 .text.vPortEnterCritical
                0x00004594       0x24 Output/nrf52832_xxaa/Obj/ss_twr_init/port_cmsis.o
                0x00004594                vPortEnterCritical
 .text.vPortExitCritical
                0x000045b8       0x2c Output/nrf52832_xxaa/Obj/ss_twr_init/port_cmsis.o
                0x000045b8                vPortExitCritical
 .text.vPortEnableVFP
                0x000045e4       0x18 Output/nrf52832_xxaa/Obj/ss_twr_init/port_cmsis.o
 .text.__NVIC_EnableIRQ
                0x000045fc       0x34 Output/nrf52832_xxaa/Obj/ss_twr_init/port_cmsis_systick.o
 .text.__NVIC_SetPriority
                0x00004630       0x50 Output/nrf52832_xxaa/Obj/ss_twr_init/port_cmsis_systick.o
 .text.ulPortRaiseBASEPRI
                0x00004680       0x20 Output/nrf52832_xxaa/Obj/ss_twr_init/port_cmsis_systick.o
 .text.nrf_rtc_int_enable
                0x000046a0       0x14 Output/nrf52832_xxaa/Obj/ss_twr_init/port_cmsis_systick.o
 .text.nrf_rtc_event_clear
                0x000046b4       0x2a Output/nrf52832_xxaa/Obj/ss_twr_init/port_cmsis_systick.o
 .text.nrf_rtc_counter_get
                0x000046de       0x10 Output/nrf52832_xxaa/Obj/ss_twr_init/port_cmsis_systick.o
 .text.nrf_rtc_prescaler_set
                0x000046ee       0x14 Output/nrf52832_xxaa/Obj/ss_twr_init/port_cmsis_systick.o
 .text.nrf_rtc_task_trigger
                0x00004702       0x1e Output/nrf52832_xxaa/Obj/ss_twr_init/port_cmsis_systick.o
 .text.nrf_rtc_event_enable
                0x00004720       0x14 Output/nrf52832_xxaa/Obj/ss_twr_init/port_cmsis_systick.o
 .text.RTC1_IRQHandler
                0x00004734       0x88 Output/nrf52832_xxaa/Obj/ss_twr_init/port_cmsis_systick.o
                0x00004734                RTC1_IRQHandler
 .text.vPortSetupTimerInterrupt
                0x000047bc       0x48 Output/nrf52832_xxaa/Obj/ss_twr_init/port_cmsis_systick.o
                0x000047bc                vPortSetupTimerInterrupt
 .text.ulPortRaiseBASEPRI
                0x00004804       0x20 Output/nrf52832_xxaa/Obj/ss_twr_init/queue.o
 .text.xQueueGenericReset
                0x00004824       0xb8 Output/nrf52832_xxaa/Obj/ss_twr_init/queue.o
                0x00004824                xQueueGenericReset
 .text.xQueueGenericCreate
                0x000048dc       0x7a Output/nrf52832_xxaa/Obj/ss_twr_init/queue.o
                0x000048dc                xQueueGenericCreate
 *fill*         0x00004956        0x2 
 .text.xQueueGenericSend
                0x00004958      0x154 Output/nrf52832_xxaa/Obj/ss_twr_init/queue.o
                0x00004958                xQueueGenericSend
 .text.xQueueGenericSendFromISR
                0x00004aac       0x8c Output/nrf52832_xxaa/Obj/ss_twr_init/queue.o
                0x00004aac                xQueueGenericSendFromISR
 .text.xQueueGenericReceive
                0x00004b38      0x1a0 Output/nrf52832_xxaa/Obj/ss_twr_init/queue.o
                0x00004b38                xQueueGenericReceive
 .text.prvCopyDataToQueue
                0x00004cd8       0xd4 Output/nrf52832_xxaa/Obj/ss_twr_init/queue.o
 .text.prvCopyDataFromQueue
                0x00004dac       0x4a Output/nrf52832_xxaa/Obj/ss_twr_init/queue.o
 .text.prvUnlockQueue
                0x00004df6       0x96 Output/nrf52832_xxaa/Obj/ss_twr_init/queue.o
 .text.prvIsQueueEmpty
                0x00004e8c       0x2a Output/nrf52832_xxaa/Obj/ss_twr_init/queue.o
 .text.prvIsQueueFull
                0x00004eb6       0x2e Output/nrf52832_xxaa/Obj/ss_twr_init/queue.o
 .text.vQueueAddToRegistry
                0x00004ee4       0x48 Output/nrf52832_xxaa/Obj/ss_twr_init/queue.o
                0x00004ee4                vQueueAddToRegistry
 .text.vQueueWaitForMessageRestricted
                0x00004f2c       0x56 Output/nrf52832_xxaa/Obj/ss_twr_init/queue.o
                0x00004f2c                vQueueWaitForMessageRestricted
 *fill*         0x00004f82        0x2 
 .text.xTaskGenericCreate
                0x00004f84      0x154 Output/nrf52832_xxaa/Obj/ss_twr_init/tasks.o
                0x00004f84                xTaskGenericCreate
 .text.vTaskDelay
                0x000050d8       0x68 Output/nrf52832_xxaa/Obj/ss_twr_init/tasks.o
                0x000050d8                vTaskDelay
 .text.vTaskStartScheduler
                0x00005140       0x6c Output/nrf52832_xxaa/Obj/ss_twr_init/tasks.o
                0x00005140                vTaskStartScheduler
 .text.vTaskSuspendAll
                0x000051ac       0x14 Output/nrf52832_xxaa/Obj/ss_twr_init/tasks.o
                0x000051ac                vTaskSuspendAll
 .text.xTaskResumeAll
                0x000051c0      0x110 Output/nrf52832_xxaa/Obj/ss_twr_init/tasks.o
                0x000051c0                xTaskResumeAll
 .text.xTaskGetTickCount
                0x000052d0       0x14 Output/nrf52832_xxaa/Obj/ss_twr_init/tasks.o
                0x000052d0                xTaskGetTickCount
 .text.xTaskIncrementTick
                0x000052e4      0x13c Output/nrf52832_xxaa/Obj/ss_twr_init/tasks.o
                0x000052e4                xTaskIncrementTick
 .text.vTaskSwitchContext
                0x00005420       0x90 Output/nrf52832_xxaa/Obj/ss_twr_init/tasks.o
                0x00005420                vTaskSwitchContext
 .text.vTaskPlaceOnEventList
                0x000054b0       0x60 Output/nrf52832_xxaa/Obj/ss_twr_init/tasks.o
                0x000054b0                vTaskPlaceOnEventList
 .text.vTaskPlaceOnEventListRestricted
                0x00005510       0x44 Output/nrf52832_xxaa/Obj/ss_twr_init/tasks.o
                0x00005510                vTaskPlaceOnEventListRestricted
 .text.xTaskRemoveFromEventList
                0x00005554       0xa8 Output/nrf52832_xxaa/Obj/ss_twr_init/tasks.o
                0x00005554                xTaskRemoveFromEventList
 .text.vTaskSetTimeOutState
                0x000055fc       0x24 Output/nrf52832_xxaa/Obj/ss_twr_init/tasks.o
                0x000055fc                vTaskSetTimeOutState
 .text.xTaskCheckForTimeOut
                0x00005620       0x88 Output/nrf52832_xxaa/Obj/ss_twr_init/tasks.o
                0x00005620                xTaskCheckForTimeOut
 .text.vTaskMissedYield
                0x000056a8       0x10 Output/nrf52832_xxaa/Obj/ss_twr_init/tasks.o
                0x000056a8                vTaskMissedYield
 .text.prvIdleTask
                0x000056b8       0x34 Output/nrf52832_xxaa/Obj/ss_twr_init/tasks.o
 .text.prvInitialiseTCBVariables
                0x000056ec       0xa6 Output/nrf52832_xxaa/Obj/ss_twr_init/tasks.o
 *fill*         0x00005792        0x2 
 .text.prvInitialiseTaskLists
                0x00005794       0x7c Output/nrf52832_xxaa/Obj/ss_twr_init/tasks.o
 .text.prvCheckTasksWaitingTermination
                0x00005810       0x78 Output/nrf52832_xxaa/Obj/ss_twr_init/tasks.o
 .text.prvAddCurrentTaskToDelayedList
                0x00005888       0x6c Output/nrf52832_xxaa/Obj/ss_twr_init/tasks.o
 .text.prvAllocateTCBAndStack
                0x000058f4       0x70 Output/nrf52832_xxaa/Obj/ss_twr_init/tasks.o
 .text.prvDeleteTCB
                0x00005964       0x1e Output/nrf52832_xxaa/Obj/ss_twr_init/tasks.o
 *fill*         0x00005982        0x2 
 .text.prvResetNextTaskUnblockTime
                0x00005984       0x40 Output/nrf52832_xxaa/Obj/ss_twr_init/tasks.o
 .text.xTaskGetSchedulerState
                0x000059c4       0x34 Output/nrf52832_xxaa/Obj/ss_twr_init/tasks.o
                0x000059c4                xTaskGetSchedulerState
 .text.vTaskPriorityInherit
                0x000059f8       0xbc Output/nrf52832_xxaa/Obj/ss_twr_init/tasks.o
                0x000059f8                vTaskPriorityInherit
 .text.xTaskPriorityDisinherit
                0x00005ab4       0x98 Output/nrf52832_xxaa/Obj/ss_twr_init/tasks.o
                0x00005ab4                xTaskPriorityDisinherit
 .text.pvTaskIncrementMutexHeldCount
                0x00005b4c       0x20 Output/nrf52832_xxaa/Obj/ss_twr_init/tasks.o
                0x00005b4c                pvTaskIncrementMutexHeldCount
 .text.xTimerCreateTimerTask
                0x00005b6c       0x4c Output/nrf52832_xxaa/Obj/ss_twr_init/timers.o
                0x00005b6c                xTimerCreateTimerTask
 .text.xTimerCreate
                0x00005bb8       0x5c Output/nrf52832_xxaa/Obj/ss_twr_init/timers.o
                0x00005bb8                xTimerCreate
 .text.xTimerGenericCommand
                0x00005c14       0x78 Output/nrf52832_xxaa/Obj/ss_twr_init/timers.o
                0x00005c14                xTimerGenericCommand
 .text.prvProcessExpiredTimer
                0x00005c8c       0x64 Output/nrf52832_xxaa/Obj/ss_twr_init/timers.o
 .text.prvTimerTask
                0x00005cf0       0x20 Output/nrf52832_xxaa/Obj/ss_twr_init/timers.o
 .text.prvProcessTimerOrBlockTask
                0x00005d10       0x80 Output/nrf52832_xxaa/Obj/ss_twr_init/timers.o
 .text.prvGetNextExpireTime
                0x00005d90       0x40 Output/nrf52832_xxaa/Obj/ss_twr_init/timers.o
 .text.prvSampleTimeNow
                0x00005dd0       0x3c Output/nrf52832_xxaa/Obj/ss_twr_init/timers.o
 .text.prvInsertTimerInActiveList
                0x00005e0c       0x84 Output/nrf52832_xxaa/Obj/ss_twr_init/timers.o
 .text.prvProcessReceivedCommands
                0x00005e90      0x104 Output/nrf52832_xxaa/Obj/ss_twr_init/timers.o
 .text.prvSwitchTimerLists
                0x00005f94       0xa4 Output/nrf52832_xxaa/Obj/ss_twr_init/timers.o
 .text.prvCheckForValidListAndQueue
                0x00006038       0x6c Output/nrf52832_xxaa/Obj/ss_twr_init/timers.o
 .text.__NVIC_SystemReset
                0x000060a4       0x28 Output/nrf52832_xxaa/Obj/ss_twr_init/system_nrf52.o
 .text.SystemCoreClockUpdate
                0x000060cc       0x14 Output/nrf52832_xxaa/Obj/ss_twr_init/system_nrf52.o
                0x000060cc                SystemCoreClockUpdate
 .text.SystemInit
                0x000060e0      0x2c0 Output/nrf52832_xxaa/Obj/ss_twr_init/system_nrf52.o
                0x000060e0                SystemInit
 .text.errata_12
                0x000063a0       0x58 Output/nrf52832_xxaa/Obj/ss_twr_init/system_nrf52.o
 .text.errata_16
                0x000063f8       0x38 Output/nrf52832_xxaa/Obj/ss_twr_init/system_nrf52.o
 .text.errata_31
                0x00006430       0x58 Output/nrf52832_xxaa/Obj/ss_twr_init/system_nrf52.o
 .text.errata_32
                0x00006488       0x38 Output/nrf52832_xxaa/Obj/ss_twr_init/system_nrf52.o
 .text.errata_36
                0x000064c0       0x58 Output/nrf52832_xxaa/Obj/ss_twr_init/system_nrf52.o
 .text.errata_37
                0x00006518       0x38 Output/nrf52832_xxaa/Obj/ss_twr_init/system_nrf52.o
 .text.errata_57
                0x00006550       0x38 Output/nrf52832_xxaa/Obj/ss_twr_init/system_nrf52.o
 .text.errata_66
                0x00006588       0x38 Output/nrf52832_xxaa/Obj/ss_twr_init/system_nrf52.o
 .text.errata_108
                0x000065c0       0x58 Output/nrf52832_xxaa/Obj/ss_twr_init/system_nrf52.o
 .text.errata_136
                0x00006618       0x58 Output/nrf52832_xxaa/Obj/ss_twr_init/system_nrf52.o
 .text.nrf_clock_int_enable
                0x00006670       0x14 Output/nrf52832_xxaa/Obj/ss_twr_init/nrf_drv_clock.o
 .text.nrf_clock_int_disable
                0x00006684       0x14 Output/nrf52832_xxaa/Obj/ss_twr_init/nrf_drv_clock.o
 .text.nrf_clock_task_trigger
                0x00006698       0x1a Output/nrf52832_xxaa/Obj/ss_twr_init/nrf_drv_clock.o
 .text.nrf_clock_event_clear
                0x000066b2       0x28 Output/nrf52832_xxaa/Obj/ss_twr_init/nrf_drv_clock.o
 .text.nrf_clock_event_check
                0x000066da       0x22 Output/nrf52832_xxaa/Obj/ss_twr_init/nrf_drv_clock.o
 .text.lfclk_start
                0x000066fc       0x1a Output/nrf52832_xxaa/Obj/ss_twr_init/nrf_drv_clock.o
 .text.item_enqueue
                0x00006716       0x38 Output/nrf52832_xxaa/Obj/ss_twr_init/nrf_drv_clock.o
 .text.item_dequeue
                0x0000674e       0x20 Output/nrf52832_xxaa/Obj/ss_twr_init/nrf_drv_clock.o
 *fill*         0x0000676e        0x2 
 .text.nrf_drv_clock_lfclk_request
                0x00006770       0x78 Output/nrf52832_xxaa/Obj/ss_twr_init/nrf_drv_clock.o
                0x00006770                nrf_drv_clock_lfclk_request
 .text.clock_clk_started_notify
                0x000067e8       0x4c Output/nrf52832_xxaa/Obj/ss_twr_init/nrf_drv_clock.o
 .text.POWER_CLOCK_IRQHandler
                0x00006834       0x5c Output/nrf52832_xxaa/Obj/ss_twr_init/nrf_drv_clock.o
                0x00006834                POWER_CLOCK_IRQHandler
 .text.__NVIC_EnableIRQ
                0x00006890       0x34 Output/nrf52832_xxaa/Obj/ss_twr_init/nrf_drv_common.o
 .text.__NVIC_ClearPendingIRQ
                0x000068c4       0x38 Output/nrf52832_xxaa/Obj/ss_twr_init/nrf_drv_common.o
 .text.__NVIC_SetPriority
                0x000068fc       0x50 Output/nrf52832_xxaa/Obj/ss_twr_init/nrf_drv_common.o
 .text.nrf_drv_common_irq_enable
                0x0000694c       0x3e Output/nrf52832_xxaa/Obj/ss_twr_init/nrf_drv_common.o
                0x0000694c                nrf_drv_common_irq_enable
 .text.nrf_gpiote_event_is_set
                0x0000698a       0x2a Output/nrf52832_xxaa/Obj/ss_twr_init/nrf_drv_gpiote.o
 .text.nrf_gpiote_event_clear
                0x000069b4       0x36 Output/nrf52832_xxaa/Obj/ss_twr_init/nrf_drv_gpiote.o
 .text.nrf_gpiote_event_addr_get
                0x000069ea       0x1a Output/nrf52832_xxaa/Obj/ss_twr_init/nrf_drv_gpiote.o
 .text.nrf_gpiote_int_is_enabled
                0x00006a04       0x18 Output/nrf52832_xxaa/Obj/ss_twr_init/nrf_drv_gpiote.o
 .text.nrf_gpiote_event_pin_get
                0x00006a1c       0x20 Output/nrf52832_xxaa/Obj/ss_twr_init/nrf_drv_gpiote.o
 .text.nrf_gpiote_event_polarity_get
                0x00006a3c       0x24 Output/nrf52832_xxaa/Obj/ss_twr_init/nrf_drv_gpiote.o
 .text.nrf_gpio_pin_port_decode
                0x00006a60        0xe Output/nrf52832_xxaa/Obj/ss_twr_init/nrf_drv_gpiote.o
 .text.nrf_gpio_cfg_sense_set
                0x00006a6e       0x5a Output/nrf52832_xxaa/Obj/ss_twr_init/nrf_drv_gpiote.o
 .text.nrf_gpio_pin_sense_get
                0x00006ac8       0x2c Output/nrf52832_xxaa/Obj/ss_twr_init/nrf_drv_gpiote.o
 .text.nrf_gpio_port_in_read
                0x00006af4       0x10 Output/nrf52832_xxaa/Obj/ss_twr_init/nrf_drv_gpiote.o
 .text.nrf_gpio_ports_read
                0x00006b04       0x50 Output/nrf52832_xxaa/Obj/ss_twr_init/nrf_drv_gpiote.o
 .text.nrf_bitmask_bit_is_set
                0x00006b54       0x30 Output/nrf52832_xxaa/Obj/ss_twr_init/nrf_drv_gpiote.o
 .text.nrf_bitmask_bit_set
                0x00006b84       0x40 Output/nrf52832_xxaa/Obj/ss_twr_init/nrf_drv_gpiote.o
 .text.channel_port_get
                0x00006bc4       0x1c Output/nrf52832_xxaa/Obj/ss_twr_init/nrf_drv_gpiote.o
 .text.channel_handler_get
                0x00006be0       0x18 Output/nrf52832_xxaa/Obj/ss_twr_init/nrf_drv_gpiote.o
 .text.GPIOTE_IRQHandler
                0x00006bf8      0x2e0 Output/nrf52832_xxaa/Obj/ss_twr_init/nrf_drv_gpiote.o
                0x00006bf8                GPIOTE_IRQHandler
 .text.__NVIC_DisableIRQ
                0x00006ed8       0x44 Output/nrf52832_xxaa/Obj/ss_twr_init/nrf_drv_spi.o
 .text.nrf_spi_event_clear
                0x00006f1c       0x2a Output/nrf52832_xxaa/Obj/ss_twr_init/nrf_drv_spi.o
 .text.nrf_spi_event_check
                0x00006f46       0x24 Output/nrf52832_xxaa/Obj/ss_twr_init/nrf_drv_spi.o
 .text.nrf_spi_int_enable
                0x00006f6a       0x14 Output/nrf52832_xxaa/Obj/ss_twr_init/nrf_drv_spi.o
 .text.nrf_spi_int_disable
                0x00006f7e       0x14 Output/nrf52832_xxaa/Obj/ss_twr_init/nrf_drv_spi.o
 .text.nrf_spi_enable
                0x00006f92       0x12 Output/nrf52832_xxaa/Obj/ss_twr_init/nrf_drv_spi.o
 .text.nrf_spi_disable
                0x00006fa4       0x12 Output/nrf52832_xxaa/Obj/ss_twr_init/nrf_drv_spi.o
 .text.nrf_spi_pins_set
                0x00006fb6       0x28 Output/nrf52832_xxaa/Obj/ss_twr_init/nrf_drv_spi.o
 .text.nrf_spi_txd_set
                0x00006fde       0x1a Output/nrf52832_xxaa/Obj/ss_twr_init/nrf_drv_spi.o
 .text.nrf_spi_rxd_get
                0x00006ff8       0x12 Output/nrf52832_xxaa/Obj/ss_twr_init/nrf_drv_spi.o
 .text.nrf_spi_frequency_set
                0x0000700a       0x14 Output/nrf52832_xxaa/Obj/ss_twr_init/nrf_drv_spi.o
 .text.nrf_spi_configure
                0x0000701e       0x64 Output/nrf52832_xxaa/Obj/ss_twr_init/nrf_drv_spi.o
 .text.nrf_drv_common_irq_disable
                0x00007082       0x1c Output/nrf52832_xxaa/Obj/ss_twr_init/nrf_drv_spi.o
 .text.nrf_gpio_pin_port_decode
                0x0000709e        0xe Output/nrf52832_xxaa/Obj/ss_twr_init/nrf_drv_spi.o
 .text.nrf_gpio_cfg
                0x000070ac       0x62 Output/nrf52832_xxaa/Obj/ss_twr_init/nrf_drv_spi.o
 .text.nrf_gpio_cfg_output
                0x0000710e       0x22 Output/nrf52832_xxaa/Obj/ss_twr_init/nrf_drv_spi.o
 .text.nrf_gpio_cfg_input
                0x00007130       0x2a Output/nrf52832_xxaa/Obj/ss_twr_init/nrf_drv_spi.o
 .text.nrf_gpio_pin_set
                0x0000715a       0x28 Output/nrf52832_xxaa/Obj/ss_twr_init/nrf_drv_spi.o
 .text.nrf_gpio_pin_clear
                0x00007182       0x28 Output/nrf52832_xxaa/Obj/ss_twr_init/nrf_drv_spi.o
 .text.nrf_gpio_port_out_set
                0x000071aa       0x14 Output/nrf52832_xxaa/Obj/ss_twr_init/nrf_drv_spi.o
 .text.nrf_gpio_port_out_clear
                0x000071be       0x14 Output/nrf52832_xxaa/Obj/ss_twr_init/nrf_drv_spi.o
 *fill*         0x000071d2        0x2 
 .text.nrf_drv_spi_init
                0x000071d4      0x188 Output/nrf52832_xxaa/Obj/ss_twr_init/nrf_drv_spi.o
                0x000071d4                nrf_drv_spi_init
 .text.nrf_drv_spi_uninit
                0x0000735c       0x60 Output/nrf52832_xxaa/Obj/ss_twr_init/nrf_drv_spi.o
                0x0000735c                nrf_drv_spi_uninit
 .text.nrf_drv_spi_transfer
                0x000073bc       0x3e Output/nrf52832_xxaa/Obj/ss_twr_init/nrf_drv_spi.o
                0x000073bc                nrf_drv_spi_transfer
 .text.finish_transfer
                0x000073fa       0x3e Output/nrf52832_xxaa/Obj/ss_twr_init/nrf_drv_spi.o
 .text.transfer_byte
                0x00007438      0x106 Output/nrf52832_xxaa/Obj/ss_twr_init/nrf_drv_spi.o
 .text.spi_xfer
                0x0000753e       0xca Output/nrf52832_xxaa/Obj/ss_twr_init/nrf_drv_spi.o
 .text.nrf_drv_spi_xfer
                0x00007608       0xc4 Output/nrf52832_xxaa/Obj/ss_twr_init/nrf_drv_spi.o
                0x00007608                nrf_drv_spi_xfer
 .text.irq_handler_spi
                0x000076cc       0x34 Output/nrf52832_xxaa/Obj/ss_twr_init/nrf_drv_spi.o
 .text.SPIM1_SPIS1_TWIM1_TWIS1_SPI1_TWI1_IRQHandler
                0x00007700       0x20 Output/nrf52832_xxaa/Obj/ss_twr_init/nrf_drv_spi.o
                0x00007700                SPIM1_SPIS1_TWIM1_TWIS1_SPI1_TWI1_IRQHandler
 .text.nrf_uart_event_clear
                0x00007720       0x2a Output/nrf52832_xxaa/Obj/ss_twr_init/nrf_drv_uart.o
 .text.nrf_uart_event_check
                0x0000774a       0x24 Output/nrf52832_xxaa/Obj/ss_twr_init/nrf_drv_uart.o
 .text.nrf_uart_int_enable_check
                0x0000776e       0x20 Output/nrf52832_xxaa/Obj/ss_twr_init/nrf_drv_uart.o
 .text.nrf_uart_int_disable
                0x0000778e       0x14 Output/nrf52832_xxaa/Obj/ss_twr_init/nrf_drv_uart.o
 .text.nrf_uart_errorsrc_get_and_clear
                0x000077a2       0x1c Output/nrf52832_xxaa/Obj/ss_twr_init/nrf_drv_uart.o
 .text.nrf_uart_rxd_get
                0x000077be       0x12 Output/nrf52832_xxaa/Obj/ss_twr_init/nrf_drv_uart.o
 .text.nrf_uart_txd_set
                0x000077d0       0x1a Output/nrf52832_xxaa/Obj/ss_twr_init/nrf_drv_uart.o
 .text.nrf_uart_task_trigger
                0x000077ea       0x1c Output/nrf52832_xxaa/Obj/ss_twr_init/nrf_drv_uart.o
 .text.nrf_uarte_event_clear
                0x00007806       0x2a Output/nrf52832_xxaa/Obj/ss_twr_init/nrf_drv_uart.o
 .text.nrf_uarte_event_check
                0x00007830       0x24 Output/nrf52832_xxaa/Obj/ss_twr_init/nrf_drv_uart.o
 .text.nrf_uarte_shorts_disable
                0x00007854       0x1e Output/nrf52832_xxaa/Obj/ss_twr_init/nrf_drv_uart.o
 .text.nrf_uarte_errorsrc_get_and_clear
                0x00007872       0x1c Output/nrf52832_xxaa/Obj/ss_twr_init/nrf_drv_uart.o
 .text.nrf_uarte_tx_amount_get
                0x0000788e       0x10 Output/nrf52832_xxaa/Obj/ss_twr_init/nrf_drv_uart.o
 .text.nrf_uarte_rx_amount_get
                0x0000789e       0x10 Output/nrf52832_xxaa/Obj/ss_twr_init/nrf_drv_uart.o
 .text.tx_byte  0x000078ae       0x46 Output/nrf52832_xxaa/Obj/ss_twr_init/nrf_drv_uart.o
 .text.rx_byte  0x000078f4       0x54 Output/nrf52832_xxaa/Obj/ss_twr_init/nrf_drv_uart.o
 .text.rx_done_event
                0x00007948       0x36 Output/nrf52832_xxaa/Obj/ss_twr_init/nrf_drv_uart.o
 .text.tx_done_event
                0x0000797e       0x3c Output/nrf52832_xxaa/Obj/ss_twr_init/nrf_drv_uart.o
 .text.uart_irq_handler
                0x000079ba      0x1d2 Output/nrf52832_xxaa/Obj/ss_twr_init/nrf_drv_uart.o
 .text.uarte_irq_handler
                0x00007b8c      0x160 Output/nrf52832_xxaa/Obj/ss_twr_init/nrf_drv_uart.o
 .text.UARTE0_UART0_IRQHandler
                0x00007cec       0x28 Output/nrf52832_xxaa/Obj/ss_twr_init/nrf_drv_uart.o
                0x00007cec                UARTE0_UART0_IRQHandler
 .text.app_error_handler_bare
                0x00007d14       0x2a Output/nrf52832_xxaa/Obj/ss_twr_init/app_error.o
                0x00007d14                app_error_handler_bare
 *fill*         0x00007d3e        0x2 
 .text.__NVIC_SystemReset
                0x00007d40       0x28 Output/nrf52832_xxaa/Obj/ss_twr_init/app_error_weak.o
 .text.app_error_fault_handler
                0x00007d68       0x20 Output/nrf52832_xxaa/Obj/ss_twr_init/app_error_weak.o
                0x00007d68                app_error_fault_handler
 .text.app_util_disable_irq
                0x00007d88       0x18 Output/nrf52832_xxaa/Obj/ss_twr_init/app_util_platform.o
                0x00007d88                app_util_disable_irq
 .text.app_util_enable_irq
                0x00007da0       0x20 Output/nrf52832_xxaa/Obj/ss_twr_init/app_util_platform.o
                0x00007da0                app_util_enable_irq
 .text.app_util_critical_region_enter
                0x00007dc0       0x12 Output/nrf52832_xxaa/Obj/ss_twr_init/app_util_platform.o
                0x00007dc0                app_util_critical_region_enter
 .text.app_util_critical_region_exit
                0x00007dd2       0x16 Output/nrf52832_xxaa/Obj/ss_twr_init/app_util_platform.o
                0x00007dd2                app_util_critical_region_exit
 .text._DoInit  0x00007de8       0x9c Output/nrf52832_xxaa/Obj/ss_twr_init/SEGGER_RTT.o
 .text._WriteBlocking
                0x00007e84       0xb2 Output/nrf52832_xxaa/Obj/ss_twr_init/SEGGER_RTT.o
 .text._WriteNoCheck
                0x00007f36       0x7e Output/nrf52832_xxaa/Obj/ss_twr_init/SEGGER_RTT.o
 .text._GetAvailWriteSpace
                0x00007fb4       0x3c Output/nrf52832_xxaa/Obj/ss_twr_init/SEGGER_RTT.o
 .text.SEGGER_RTT_WriteNoLock
                0x00007ff0       0xa0 Output/nrf52832_xxaa/Obj/ss_twr_init/SEGGER_RTT.o
                0x00007ff0                SEGGER_RTT_WriteNoLock
 .text.SEGGER_RTT_Write
                0x00008090       0x3c Output/nrf52832_xxaa/Obj/ss_twr_init/SEGGER_RTT.o
                0x00008090                SEGGER_RTT_Write
 .text.libc.putchar
                0x000080cc        0xe C:/Program Files/SEGGER/SEGGER Embedded Studio 8.24/lib/libc_v7em_fpv4_sp_d16_hard_t_le_eabi_balanced.a(fileops.o)
                0x000080cc                putchar
 .text.libc.fputc
                0x000080da       0x22 C:/Program Files/SEGGER/SEGGER Embedded Studio 8.24/lib/libc_v7em_fpv4_sp_d16_hard_t_le_eabi_balanced.a(fileops.o)
                0x000080da                fputc
 .text.libc.puts
                0x000080fc       0x30 C:/Program Files/SEGGER/SEGGER Embedded Studio 8.24/lib/libc_v7em_fpv4_sp_d16_hard_t_le_eabi_balanced.a(fileops.o)
                0x000080fc                puts
 .text.libc.fwrite
                0x0000812c       0x2e C:/Program Files/SEGGER/SEGGER Embedded Studio 8.24/lib/libc_v7em_fpv4_sp_d16_hard_t_le_eabi_balanced.a(fileops.o)
                0x0000812c                fwrite
 .text.libc.__SEGGER_RTL_float32_isnan
                0x0000815a       0x10 C:/Program Files/SEGGER/SEGGER Embedded Studio 8.24/lib/libc_v7em_fpv4_sp_d16_hard_t_le_eabi_balanced.a(floatops.o)
                0x0000815a                __SEGGER_RTL_float32_isnan
 .text.libc.__SEGGER_RTL_float32_isinf
                0x0000816a       0x14 C:/Program Files/SEGGER/SEGGER Embedded Studio 8.24/lib/libc_v7em_fpv4_sp_d16_hard_t_le_eabi_balanced.a(floatops.o)
                0x0000816a                __SEGGER_RTL_float32_isinf
 .text.libc.__SEGGER_RTL_float32_isnormal
                0x0000817e       0x1a C:/Program Files/SEGGER/SEGGER Embedded Studio 8.24/lib/libc_v7em_fpv4_sp_d16_hard_t_le_eabi_balanced.a(floatops.o)
                0x0000817e                __SEGGER_RTL_float32_isnormal
 .text.libc.__SEGGER_RTL_float32_signbit
                0x00008198        0x8 C:/Program Files/SEGGER/SEGGER Embedded Studio 8.24/lib/libc_v7em_fpv4_sp_d16_hard_t_le_eabi_balanced.a(floatops.o)
                0x00008198                __SEGGER_RTL_float32_signbit
 .text.libc.__SEGGER_RTL_float64_isnan
                0x000081a0       0x1a C:/Program Files/SEGGER/SEGGER Embedded Studio 8.24/lib/libc_v7em_fpv4_sp_d16_hard_t_le_eabi_balanced.a(floatops.o)
                0x000081a0                __SEGGER_RTL_float64_isnan
 .text.libc.__SEGGER_RTL_float64_isinf
                0x000081ba       0x1a C:/Program Files/SEGGER/SEGGER Embedded Studio 8.24/lib/libc_v7em_fpv4_sp_d16_hard_t_le_eabi_balanced.a(floatops.o)
                0x000081ba                __SEGGER_RTL_float64_isinf
 .text.libc.ldexpf
                0x000081d4       0x3c C:/Program Files/SEGGER/SEGGER Embedded Studio 8.24/lib/libc_v7em_fpv4_sp_d16_hard_t_le_eabi_balanced.a(floatops.o)
                0x000081d4                ldexpf
 .text.libc.frexpf
                0x00008210       0x2e C:/Program Files/SEGGER/SEGGER Embedded Studio 8.24/lib/libc_v7em_fpv4_sp_d16_hard_t_le_eabi_balanced.a(floatops.o)
                0x00008210                frexpf
 *fill*         0x0000823e        0x2 
 .text.libc.fmodf
                0x00008240      0x114 C:/Program Files/SEGGER/SEGGER Embedded Studio 8.24/lib/libc_v7em_fpv4_sp_d16_hard_t_le_eabi_balanced.a(floatops.o)
                0x00008240                fmodf
 .text.libc.floorf
                0x00008354       0x68 C:/Program Files/SEGGER/SEGGER Embedded Studio 8.24/lib/libc_v7em_fpv4_sp_d16_hard_t_le_eabi_balanced.a(floatops.o)
                0x00008354                floorf
 .text.libc.sqrt
                0x000083bc      0x254 C:/Program Files/SEGGER/SEGGER Embedded Studio 8.24/lib/libc_v7em_fpv4_sp_d16_hard_t_le_eabi_balanced.a(floatops.o)
                0x000083bc                sqrt
 .text.libc.__SEGGER_RTL_float64_normalize
                0x00008610       0x42 C:/Program Files/SEGGER/SEGGER Embedded Studio 8.24/lib/libc_v7em_fpv4_sp_d16_hard_t_le_eabi_balanced.a(floatops.o)
 *fill*         0x00008652        0x2 
 .text.libc.__aeabi_dadd
                0x00008654      0x240 C:/Program Files/SEGGER/SEGGER Embedded Studio 8.24/lib/libc_v7em_fpv4_sp_d16_hard_t_le_eabi_balanced.a(floatasmops_arm.o)
                0x00008654                __aeabi_dadd
 .text.libc.__aeabi_dsub
                0x00008894        0x8 C:/Program Files/SEGGER/SEGGER Embedded Studio 8.24/lib/libc_v7em_fpv4_sp_d16_hard_t_le_eabi_balanced.a(floatasmops_arm.o)
                0x00008894                __aeabi_dsub
 .text.libc.__aeabi_dmul
                0x0000889c      0x130 C:/Program Files/SEGGER/SEGGER Embedded Studio 8.24/lib/libc_v7em_fpv4_sp_d16_hard_t_le_eabi_balanced.a(floatasmops_arm.o)
                0x0000889c                __aeabi_dmul
 .text.libc.__aeabi_ddiv
                0x000089cc      0x1c4 C:/Program Files/SEGGER/SEGGER Embedded Studio 8.24/lib/libc_v7em_fpv4_sp_d16_hard_t_le_eabi_balanced.a(floatasmops_arm.o)
                0x000089cc                __aeabi_ddiv
 .text.libc.__aeabi_dcmpeq
                0x00008b90       0x30 C:/Program Files/SEGGER/SEGGER Embedded Studio 8.24/lib/libc_v7em_fpv4_sp_d16_hard_t_le_eabi_balanced.a(floatasmops_arm.o)
                0x00008b90                __aeabi_dcmpeq
 .text.libc.__aeabi_dcmpgt
                0x00008bc0       0x38 C:/Program Files/SEGGER/SEGGER Embedded Studio 8.24/lib/libc_v7em_fpv4_sp_d16_hard_t_le_eabi_balanced.a(floatasmops_arm.o)
                0x00008bc0                __aeabi_dcmpgt
 .text.libc.__aeabi_dcmplt
                0x00008bf8       0x38 C:/Program Files/SEGGER/SEGGER Embedded Studio 8.24/lib/libc_v7em_fpv4_sp_d16_hard_t_le_eabi_balanced.a(floatasmops_arm.o)
                0x00008bf8                __aeabi_dcmplt
 .text.libc.__aeabi_f2ulz
                0x00008c30       0x40 C:/Program Files/SEGGER/SEGGER Embedded Studio 8.24/lib/libc_v7em_fpv4_sp_d16_hard_t_le_eabi_balanced.a(floatasmops_arm.o)
                0x00008c30                __aeabi_f2ulz
 .text.libc.__aeabi_i2d
                0x00008c70       0x24 C:/Program Files/SEGGER/SEGGER Embedded Studio 8.24/lib/libc_v7em_fpv4_sp_d16_hard_t_le_eabi_balanced.a(floatasmops_arm.o)
                0x00008c70                __aeabi_i2d
 .text.libc.__aeabi_ul2f
                0x00008c94       0x54 C:/Program Files/SEGGER/SEGGER Embedded Studio 8.24/lib/libc_v7em_fpv4_sp_d16_hard_t_le_eabi_balanced.a(floatasmops_arm.o)
                0x00008c94                __aeabi_ul2f
 .text.libc.__aeabi_f2d
                0x00008ce8       0x34 C:/Program Files/SEGGER/SEGGER Embedded Studio 8.24/lib/libc_v7em_fpv4_sp_d16_hard_t_le_eabi_balanced.a(floatasmops_arm.o)
                0x00008ce8                __aeabi_f2d
 .text.libc.__aeabi_d2f
                0x00008d1c       0x4c C:/Program Files/SEGGER/SEGGER Embedded Studio 8.24/lib/libc_v7em_fpv4_sp_d16_hard_t_le_eabi_balanced.a(floatasmops_arm.o)
                0x00008d1c                __aeabi_d2f
 .text.libc.__SEGGER_RTL_putc
                0x00008d68       0x84 C:/Program Files/SEGGER/SEGGER Embedded Studio 8.24/lib/libc_v7em_fpv4_sp_d16_hard_t_le_eabi_balanced.a(prinops.o)
                0x00008d68                __SEGGER_RTL_putc
 .text.libc.__SEGGER_RTL_prin_flush
                0x00008dec       0x1a C:/Program Files/SEGGER/SEGGER Embedded Studio 8.24/lib/libc_v7em_fpv4_sp_d16_hard_t_le_eabi_balanced.a(prinops.o)
                0x00008dec                __SEGGER_RTL_prin_flush
 .text.libc.__SEGGER_RTL_print_padding
                0x00008e06       0x1c C:/Program Files/SEGGER/SEGGER Embedded Studio 8.24/lib/libc_v7em_fpv4_sp_d16_hard_t_le_eabi_balanced.a(prinops.o)
                0x00008e06                __SEGGER_RTL_print_padding
 .text.libc.__SEGGER_RTL_pre_padding
                0x00008e22       0x12 C:/Program Files/SEGGER/SEGGER Embedded Studio 8.24/lib/libc_v7em_fpv4_sp_d16_hard_t_le_eabi_balanced.a(prinops.o)
                0x00008e22                __SEGGER_RTL_pre_padding
 .text.libc.__SEGGER_RTL_init_prin
                0x00008e34       0x18 C:/Program Files/SEGGER/SEGGER Embedded Studio 8.24/lib/libc_v7em_fpv4_sp_d16_hard_t_le_eabi_balanced.a(prinops.o)
                0x00008e34                __SEGGER_RTL_init_prin
 .text.libc.snprintf
                0x00008e4c       0x30 C:/Program Files/SEGGER/SEGGER Embedded Studio 8.24/lib/libc_v7em_fpv4_sp_d16_hard_t_le_eabi_balanced.a(prinops.o)
                0x00008e4c                snprintf
 .text.libc.vfprintf
                0x00008e7c       0x1c C:/Program Files/SEGGER/SEGGER Embedded Studio 8.24/lib/libc_v7em_fpv4_sp_d16_hard_t_le_eabi_balanced.a(prinops.o)
                0x00008e7c                vfprintf
 .text.libc.vfprintf_l
                0x00008e98       0x6c C:/Program Files/SEGGER/SEGGER Embedded Studio 8.24/lib/libc_v7em_fpv4_sp_d16_hard_t_le_eabi_balanced.a(prinops.o)
                0x00008e98                vfprintf_l
 .text.libc.__SEGGER_RTL_stream_write
                0x00008f04        0xa C:/Program Files/SEGGER/SEGGER Embedded Studio 8.24/lib/libc_v7em_fpv4_sp_d16_hard_t_le_eabi_balanced.a(prinops.o)
 .text.libc.printf
                0x00008f0e       0x2a C:/Program Files/SEGGER/SEGGER Embedded Studio 8.24/lib/libc_v7em_fpv4_sp_d16_hard_t_le_eabi_balanced.a(prinops.o)
                0x00008f0e                printf
 .text.libc.__SEGGER_RTL_vfprintf_short_float_long
                0x00008f38      0xbc4 C:/Program Files/SEGGER/SEGGER Embedded Studio 8.24/lib/libc_v7em_fpv4_sp_d16_hard_t_le_eabi_balanced.a(__SEGGER_RTL_vfprintf_short_float_long.o)
                0x00008f38                __SEGGER_RTL_vfprintf_short_float_long
 .text.libc.abs
                0x00009afc        0x8 C:/Program Files/SEGGER/SEGGER Embedded Studio 8.24/lib/libc_v7em_fpv4_sp_d16_hard_t_le_eabi_balanced.a(intops.o)
                0x00009afc                abs
 .text.libc.__SEGGER_RTL_pow10f
                0x00009b04       0x3a C:/Program Files/SEGGER/SEGGER Embedded Studio 8.24/lib/libc_v7em_fpv4_sp_d16_hard_t_le_eabi_balanced.a(utilops.o)
                0x00009b04                __SEGGER_RTL_pow10f
 *fill*         0x00009b3e        0x2 
 .text.libc.__aeabi_uldivmod
                0x00009b40      0x130 C:/Program Files/SEGGER/SEGGER Embedded Studio 8.24/lib/libc_v7em_fpv4_sp_d16_hard_t_le_eabi_balanced.a(intasmops_arm.o)
                0x00009b40                __aeabi_uldivmod
 .text.libc.__SEGGER_RTL_X_file_stat
                0x00009c70       0x38 C:/Program Files/SEGGER/SEGGER Embedded Studio 8.24/lib/prinops_rtt_v7em_fpv4_sp_d16_hard_t_le_eabi_balanced.a(prinops_rtt.o)
                0x00009c70                __SEGGER_RTL_X_file_stat
 .text.libc.__SEGGER_RTL_X_file_bufsize
                0x00009ca8        0x4 C:/Program Files/SEGGER/SEGGER Embedded Studio 8.24/lib/prinops_rtt_v7em_fpv4_sp_d16_hard_t_le_eabi_balanced.a(prinops_rtt.o)
                0x00009ca8                __SEGGER_RTL_X_file_bufsize
 .text.libc.__SEGGER_RTL_X_file_write
                0x00009cac        0x6 C:/Program Files/SEGGER/SEGGER Embedded Studio 8.24/lib/prinops_rtt_v7em_fpv4_sp_d16_hard_t_le_eabi_balanced.a(prinops_rtt.o)
                0x00009cac                __SEGGER_RTL_X_file_write
 .text.libc.strlen
                0x00009cb2       0x2a C:/Program Files/SEGGER/SEGGER Embedded Studio 8.24/lib/strops_unaligned_v7em_fpv4_sp_d16_hard_t_le_eabi_balanced.a(strops.o)
                0x00009cb2                strlen
 .text.libc.strnlen
                0x00009cdc       0x4c C:/Program Files/SEGGER/SEGGER Embedded Studio 8.24/lib/strops_unaligned_v7em_fpv4_sp_d16_hard_t_le_eabi_balanced.a(strops.o)
                0x00009cdc                strnlen
 .text.libc.memcpy
                0x00009d28       0x5c C:/Program Files/SEGGER/SEGGER Embedded Studio 8.24/lib/strops_unaligned_v7em_fpv4_sp_d16_hard_t_le_eabi_balanced.a(strasmops_arm.o)
                0x00009d28                __aeabi_memcpy
                0x00009d28                memcpy
                0x00009d46                __aeabi_memcpy8
                0x00009d46                __aeabi_memcpy4
 .text.libc.__aeabi_memclr
                0x00009d84       0x68 C:/Program Files/SEGGER/SEGGER Embedded Studio 8.24/lib/strops_unaligned_v7em_fpv4_sp_d16_hard_t_le_eabi_balanced.a(strasmops_arm.o)
                0x00009d84                __aeabi_memclr8
                0x00009d84                __aeabi_memclr
                0x00009d84                __aeabi_memclr4
                0x00009d86                __aeabi_memset4
                0x00009d86                __aeabi_memset8
                0x00009d86                __aeabi_memset
                0x00009d8c                memset
 .text.libc.__SEGGER_RTL_current_locale
                0x00009dec       0x18 C:/Program Files/SEGGER/SEGGER Embedded Studio 8.24/lib/mbops_timeops_v7em_fpv4_sp_d16_hard_t_le_eabi_balanced.a(mbops.o)
                0x00009dec                __SEGGER_RTL_current_locale
 .text.libc.__SEGGER_RTL_ascii_mbtowc
                0x00009e04       0x32 C:/Program Files/SEGGER/SEGGER Embedded Studio 8.24/lib/mbops_timeops_v7em_fpv4_sp_d16_hard_t_le_eabi_balanced.a(mbops.o)
                0x00009e04                __SEGGER_RTL_ascii_mbtowc
 .text.libc.__SEGGER_RTL_ascii_wctomb
                0x00009e36        0xe C:/Program Files/SEGGER/SEGGER Embedded Studio 8.24/lib/mbops_timeops_v7em_fpv4_sp_d16_hard_t_le_eabi_balanced.a(mbops.o)
                0x00009e36                __SEGGER_RTL_ascii_wctomb
 .text.libc.__SEGGER_RTL_ascii_isctype
                0x00009e44       0x20 C:/Program Files/SEGGER/SEGGER Embedded Studio 8.24/lib/mbops_timeops_v7em_fpv4_sp_d16_hard_t_le_eabi_balanced.a(mbops.o)
 .text.libc.__SEGGER_RTL_ascii_toupper
                0x00009e64        0xc C:/Program Files/SEGGER/SEGGER Embedded Studio 8.24/lib/mbops_timeops_v7em_fpv4_sp_d16_hard_t_le_eabi_balanced.a(mbops.o)
 .text.libc.__SEGGER_RTL_ascii_tolower
                0x00009e70        0xe C:/Program Files/SEGGER/SEGGER Embedded Studio 8.24/lib/mbops_timeops_v7em_fpv4_sp_d16_hard_t_le_eabi_balanced.a(mbops.o)
 .text.libc.__SEGGER_RTL_ascii_iswctype
                0x00009e7e       0x20 C:/Program Files/SEGGER/SEGGER Embedded Studio 8.24/lib/mbops_timeops_v7em_fpv4_sp_d16_hard_t_le_eabi_balanced.a(mbops.o)
 .text.libc.__SEGGER_RTL_ascii_towupper
                0x00009e9e        0xc C:/Program Files/SEGGER/SEGGER Embedded Studio 8.24/lib/mbops_timeops_v7em_fpv4_sp_d16_hard_t_le_eabi_balanced.a(mbops.o)
 .text.libc.__SEGGER_RTL_ascii_towlower
                0x00009eaa        0xe C:/Program Files/SEGGER/SEGGER Embedded Studio 8.24/lib/mbops_timeops_v7em_fpv4_sp_d16_hard_t_le_eabi_balanced.a(mbops.o)
                0x00009eb8                        __text_end__ = (__text_start__ + SIZEOF (.text))
                0x00009c08                        __text_size__ = SIZEOF (.text)
                0x00009eb8                        __text_load_end__ = __text_end__

.vfp11_veneer   0x00000000        0x0
 .vfp11_veneer  0x00000000        0x0 linker stubs

.v4_bx          0x00000000        0x0
 .v4_bx         0x00000000        0x0 linker stubs

.iplt           0x00000000        0x0
 .iplt          0x00000000        0x0 Output/nrf52832_xxaa/Obj/ss_twr_init/ble_beacon.o
                0x00000001                        . = ASSERT (((__text_start__ == __text_end__) || ((__text_end__ - __FLASH_segment_start__) <= __FLASH_segment_size__)), error: .text is too large to fit in FLASH memory segment)
                0x00009eb8                        __dtors_load_start__ = ALIGN (__text_end__, 0x4)

.dtors          0x00009eb8        0x0
                0x00009eb8                        __dtors_start__ = .
 *(SORT_BY_NAME(.dtors.*))
 *(.dtors)
 *(.fini_array)
 *(SORT_BY_NAME(.fini_array.*))
                0x00009eb8                        __dtors_end__ = (__dtors_start__ + SIZEOF (.dtors))
                0x00000000                        __dtors_size__ = SIZEOF (.dtors)
                0x00009eb8                        __dtors_load_end__ = __dtors_end__
                0x00000001                        . = ASSERT (((__dtors_start__ == __dtors_end__) || ((__dtors_end__ - __FLASH_segment_start__) <= __FLASH_segment_size__)), error: .dtors is too large to fit in FLASH memory segment)
                0x00009eb8                        __ctors_load_start__ = ALIGN (__dtors_end__, 0x4)

.ctors          0x00009eb8        0x0
                0x00009eb8                        __ctors_start__ = .
 *(SORT_BY_NAME(.ctors.*))
 *(.ctors)
 *(.init_array)
 *(SORT_BY_NAME(.init_array.*))
                0x00009eb8                        __ctors_end__ = (__ctors_start__ + SIZEOF (.ctors))
                0x00000000                        __ctors_size__ = SIZEOF (.ctors)
                0x00009eb8                        __ctors_load_end__ = __ctors_end__
                0x00000001                        . = ASSERT (((__ctors_start__ == __ctors_end__) || ((__ctors_end__ - __FLASH_segment_start__) <= __FLASH_segment_size__)), error: .ctors is too large to fit in FLASH memory segment)
                0x00009eb8                        __rodata_load_start__ = ALIGN (__ctors_end__, 0x4)

.rodata         0x00009eb8      0x91d
                0x00009eb8                        __rodata_start__ = .
 *(.rodata .rodata.* .gnu.linkonce.r.* .data.rel.ro .data.rel.ro.*)
 .rodata.ble_freqs
                0x00009eb8        0x3 Output/nrf52832_xxaa/Obj/ss_twr_init/ble_beacon.o
 *fill*         0x00009ebb        0x1 
 .rodata.ble_ch_idx
                0x00009ebc        0x3 Output/nrf52832_xxaa/Obj/ss_twr_init/ble_beacon.o
 *fill*         0x00009ebf        0x1 
 .rodata.ble_freqs
                0x00009ec0        0x3 Output/nrf52832_xxaa/Obj/ss_twr_init/ble_scanner.o
 *fill*         0x00009ec3        0x1 
 .rodata.ble_ch_idx
                0x00009ec4        0x3 Output/nrf52832_xxaa/Obj/ss_twr_init/ble_scanner.o
 *fill*         0x00009ec7        0x1 
 .rodata        0x00009ec8      0x169 Output/nrf52832_xxaa/Obj/ss_twr_init/main.o
 *fill*         0x0000a031        0x3 
 .rodata.HARDCODED_ANCHOR_X
                0x0000a034       0x10 Output/nrf52832_xxaa/Obj/ss_twr_init/ss_init_main.o
 .rodata.HARDCODED_ANCHOR_Y
                0x0000a044       0x10 Output/nrf52832_xxaa/Obj/ss_twr_init/ss_init_main.o
 .rodata.HARDCODED_ANCHOR_Z
                0x0000a054       0x10 Output/nrf52832_xxaa/Obj/ss_twr_init/ss_init_main.o
 .rodata        0x0000a064      0x12a Output/nrf52832_xxaa/Obj/ss_twr_init/ss_init_main.o
 *fill*         0x0000a18e        0x2 
 .rodata        0x0000a190       0x9b Output/nrf52832_xxaa/Obj/ss_twr_init/ss_resp_main.o
 *fill*         0x0000a22b        0x1 
 .rodata.chan_idx
                0x0000a22c        0x8 Output/nrf52832_xxaa/Obj/ss_twr_init/deca_params_init.o
                0x0000a22c                chan_idx
 .rodata.tx_config
                0x0000a234       0x18 Output/nrf52832_xxaa/Obj/ss_twr_init/deca_params_init.o
                0x0000a234                tx_config
 .rodata.fs_pll_cfg
                0x0000a24c       0x18 Output/nrf52832_xxaa/Obj/ss_twr_init/deca_params_init.o
                0x0000a24c                fs_pll_cfg
 .rodata.fs_pll_tune
                0x0000a264        0x6 Output/nrf52832_xxaa/Obj/ss_twr_init/deca_params_init.o
                0x0000a264                fs_pll_tune
 *fill*         0x0000a26a        0x2 
 .rodata.rx_config
                0x0000a26c        0x2 Output/nrf52832_xxaa/Obj/ss_twr_init/deca_params_init.o
                0x0000a26c                rx_config
 *fill*         0x0000a26e        0x2 
 .rodata.agc_config
                0x0000a270        0x8 Output/nrf52832_xxaa/Obj/ss_twr_init/deca_params_init.o
                0x0000a270                agc_config
 .rodata.dwnsSFDlen
                0x0000a278        0x3 Output/nrf52832_xxaa/Obj/ss_twr_init/deca_params_init.o
                0x0000a278                dwnsSFDlen
 *fill*         0x0000a27b        0x1 
 .rodata.sftsh  0x0000a27c        0xc Output/nrf52832_xxaa/Obj/ss_twr_init/deca_params_init.o
                0x0000a27c                sftsh
 .rodata.dtune1
                0x0000a288        0x4 Output/nrf52832_xxaa/Obj/ss_twr_init/deca_params_init.o
                0x0000a288                dtune1
 .rodata.digital_bb_config
                0x0000a28c       0x20 Output/nrf52832_xxaa/Obj/ss_twr_init/deca_params_init.o
                0x0000a28c                digital_bb_config
 .rodata.lde_replicaCoeff
                0x0000a2ac       0x32 Output/nrf52832_xxaa/Obj/ss_twr_init/deca_params_init.o
                0x0000a2ac                lde_replicaCoeff
 *fill*         0x0000a2de        0x2 
 .rodata.spi    0x0000a2e0        0x8 Output/nrf52832_xxaa/Obj/ss_twr_init/port_platform.o
 .rodata        0x0000a2e8       0x20 Output/nrf52832_xxaa/Obj/ss_twr_init/port_platform.o
 .rodata        0x0000a308        0x5 Output/nrf52832_xxaa/Obj/ss_twr_init/tasks.o
 *fill*         0x0000a30d        0x3 
 .rodata        0x0000a310        0xd Output/nrf52832_xxaa/Obj/ss_twr_init/timers.o
 *fill*         0x0000a31d        0x3 
 .rodata        0x0000a320       0x17 Output/nrf52832_xxaa/Obj/ss_twr_init/SEGGER_RTT.o
 .rodata.libc.__SEGGER_RTL_aSqrtData
                0x0000a337      0x180 C:/Program Files/SEGGER/SEGGER Embedded Studio 8.24/lib/libc_v7em_fpv4_sp_d16_hard_t_le_eabi_balanced.a(floatops.o)
 .rodata.libc.__SEGGER_RTL_hex_uc
                0x0000a4b7       0x10 C:/Program Files/SEGGER/SEGGER Embedded Studio 8.24/lib/libc_v7em_fpv4_sp_d16_hard_t_le_eabi_balanced.a(prinops.o)
                0x0000a4b7                __SEGGER_RTL_hex_uc
 .rodata.libc.__SEGGER_RTL_hex_lc
                0x0000a4c7       0x10 C:/Program Files/SEGGER/SEGGER Embedded Studio 8.24/lib/libc_v7em_fpv4_sp_d16_hard_t_le_eabi_balanced.a(prinops.o)
                0x0000a4c7                __SEGGER_RTL_hex_lc
 *fill*         0x0000a4d7        0x1 
 .rodata.libc.__SEGGER_RTL_ipow10
                0x0000a4d8       0xa0 C:/Program Files/SEGGER/SEGGER Embedded Studio 8.24/lib/libc_v7em_fpv4_sp_d16_hard_t_le_eabi_balanced.a(prinops.o)
                0x0000a4d8                __SEGGER_RTL_ipow10
 .rodata.libc..L.str
                0x0000a578        0x7 C:/Program Files/SEGGER/SEGGER Embedded Studio 8.24/lib/libc_v7em_fpv4_sp_d16_hard_t_le_eabi_balanced.a(__SEGGER_RTL_vfprintf_short_float_long.o)
 .rodata.libc..L.str.1
                0x0000a57f        0x5 C:/Program Files/SEGGER/SEGGER Embedded Studio 8.24/lib/libc_v7em_fpv4_sp_d16_hard_t_le_eabi_balanced.a(__SEGGER_RTL_vfprintf_short_float_long.o)
 .rodata.libc..L.str.2
                0x0000a584        0x5 C:/Program Files/SEGGER/SEGGER Embedded Studio 8.24/lib/libc_v7em_fpv4_sp_d16_hard_t_le_eabi_balanced.a(__SEGGER_RTL_vfprintf_short_float_long.o)
 .rodata.libc..L.str.3
                0x0000a589        0x5 C:/Program Files/SEGGER/SEGGER Embedded Studio 8.24/lib/libc_v7em_fpv4_sp_d16_hard_t_le_eabi_balanced.a(__SEGGER_RTL_vfprintf_short_float_long.o)
 .rodata.libc..L.str.4
                0x0000a58e        0x5 C:/Program Files/SEGGER/SEGGER Embedded Studio 8.24/lib/libc_v7em_fpv4_sp_d16_hard_t_le_eabi_balanced.a(__SEGGER_RTL_vfprintf_short_float_long.o)
 .rodata.libc..L.str.5
                0x0000a593        0x4 C:/Program Files/SEGGER/SEGGER Embedded Studio 8.24/lib/libc_v7em_fpv4_sp_d16_hard_t_le_eabi_balanced.a(__SEGGER_RTL_vfprintf_short_float_long.o)
 .rodata.libc..L.str.6
                0x0000a597        0x4 C:/Program Files/SEGGER/SEGGER Embedded Studio 8.24/lib/libc_v7em_fpv4_sp_d16_hard_t_le_eabi_balanced.a(__SEGGER_RTL_vfprintf_short_float_long.o)
 *fill*         0x0000a59b        0x1 
 .rodata.libc.__SEGGER_RTL_aPower2f
                0x0000a59c       0x18 C:/Program Files/SEGGER/SEGGER Embedded Studio 8.24/lib/libc_v7em_fpv4_sp_d16_hard_t_le_eabi_balanced.a(utilops.o)
 .rodata.libc.__SEGGER_RTL_c_locale
                0x0000a5b4        0xc C:/Program Files/SEGGER/SEGGER Embedded Studio 8.24/lib/mbops_timeops_v7em_fpv4_sp_d16_hard_t_le_eabi_balanced.a(mbops.o)
                0x0000a5b4                __SEGGER_RTL_c_locale
 .rodata.libc.__SEGGER_RTL_c_locale_day_names
                0x0000a5c0       0x3a C:/Program Files/SEGGER/SEGGER Embedded Studio 8.24/lib/mbops_timeops_v7em_fpv4_sp_d16_hard_t_le_eabi_balanced.a(mbops.o)
                0x0000a5c0                __SEGGER_RTL_c_locale_day_names
 .rodata.libc.__SEGGER_RTL_c_locale_month_names
                0x0000a5fa       0x57 C:/Program Files/SEGGER/SEGGER Embedded Studio 8.24/lib/mbops_timeops_v7em_fpv4_sp_d16_hard_t_le_eabi_balanced.a(mbops.o)
                0x0000a5fa                __SEGGER_RTL_c_locale_month_names
 .rodata.libc.__SEGGER_RTL_c_locale_am_pm_indicator
                0x0000a651        0x7 C:/Program Files/SEGGER/SEGGER Embedded Studio 8.24/lib/mbops_timeops_v7em_fpv4_sp_d16_hard_t_le_eabi_balanced.a(mbops.o)
                0x0000a651                __SEGGER_RTL_c_locale_am_pm_indicator
 .rodata.libc.__SEGGER_RTL_c_locale_date_format
                0x0000a658        0x9 C:/Program Files/SEGGER/SEGGER Embedded Studio 8.24/lib/mbops_timeops_v7em_fpv4_sp_d16_hard_t_le_eabi_balanced.a(mbops.o)
                0x0000a658                __SEGGER_RTL_c_locale_date_format
 .rodata.libc.__SEGGER_RTL_c_locale_time_format
                0x0000a661        0x9 C:/Program Files/SEGGER/SEGGER Embedded Studio 8.24/lib/mbops_timeops_v7em_fpv4_sp_d16_hard_t_le_eabi_balanced.a(mbops.o)
                0x0000a661                __SEGGER_RTL_c_locale_time_format
 .rodata.libc.__SEGGER_RTL_c_locale_date_time_format
                0x0000a66a        0xf C:/Program Files/SEGGER/SEGGER Embedded Studio 8.24/lib/mbops_timeops_v7em_fpv4_sp_d16_hard_t_le_eabi_balanced.a(mbops.o)
                0x0000a66a                __SEGGER_RTL_c_locale_date_time_format
 .rodata.libc..L.str
                0x0000a679        0x2 C:/Program Files/SEGGER/SEGGER Embedded Studio 8.24/lib/mbops_timeops_v7em_fpv4_sp_d16_hard_t_le_eabi_balanced.a(mbops.o)
 *fill*         0x0000a67b        0x1 
 .rodata.libc.__SEGGER_RTL_codeset_ascii
                0x0000a67c       0x20 C:/Program Files/SEGGER/SEGGER Embedded Studio 8.24/lib/mbops_timeops_v7em_fpv4_sp_d16_hard_t_le_eabi_balanced.a(mbops.o)
                0x0000a67c                __SEGGER_RTL_codeset_ascii
 .rodata.libc.__SEGGER_RTL_c_locale_abbrev_day_names
                0x0000a69c       0x1d C:/Program Files/SEGGER/SEGGER Embedded Studio 8.24/lib/mbops_timeops_v7em_fpv4_sp_d16_hard_t_le_eabi_balanced.a(mbops.o)
                0x0000a69c                __SEGGER_RTL_c_locale_abbrev_day_names
 .rodata.libc.__SEGGER_RTL_c_locale_abbrev_month_names
                0x0000a6b9       0x31 C:/Program Files/SEGGER/SEGGER Embedded Studio 8.24/lib/mbops_timeops_v7em_fpv4_sp_d16_hard_t_le_eabi_balanced.a(mbops.o)
                0x0000a6b9                __SEGGER_RTL_c_locale_abbrev_month_names
 .rodata.libc.__SEGGER_RTL_data_utf8_period
                0x0000a6ea        0x2 C:/Program Files/SEGGER/SEGGER Embedded Studio 8.24/lib/mbops_timeops_v7em_fpv4_sp_d16_hard_t_le_eabi_balanced.a(mbops.o)
                0x0000a6ea                __SEGGER_RTL_data_utf8_period
 .rodata.libc.__SEGGER_RTL_data_empty_string
                0x0000a6ec        0x1 C:/Program Files/SEGGER/SEGGER Embedded Studio 8.24/lib/mbops_timeops_v7em_fpv4_sp_d16_hard_t_le_eabi_balanced.a(mbops.o)
                0x0000a6ec                __SEGGER_RTL_data_empty_string
 *fill*         0x0000a6ed        0x3 
 .rodata.libc.__SEGGER_RTL_c_locale_data
                0x0000a6f0       0x58 C:/Program Files/SEGGER/SEGGER Embedded Studio 8.24/lib/mbops_timeops_v7em_fpv4_sp_d16_hard_t_le_eabi_balanced.a(mbops.o)
                0x0000a6f0                __SEGGER_RTL_c_locale_data
 .rodata.libc.__SEGGER_RTL_ascii_ctype_map
                0x0000a748       0x80 C:/Program Files/SEGGER/SEGGER Embedded Studio 8.24/lib/mbops_timeops_v7em_fpv4_sp_d16_hard_t_le_eabi_balanced.a(mbops.o)
 .rodata.libc.__SEGGER_RTL_ascii_ctype_mask
                0x0000a7c8        0xd C:/Program Files/SEGGER/SEGGER Embedded Studio 8.24/lib/mbops_timeops_v7em_fpv4_sp_d16_hard_t_le_eabi_balanced.a(mbops.o)
                0x0000a7d5                        __rodata_end__ = (__rodata_start__ + SIZEOF (.rodata))
                0x0000091d                        __rodata_size__ = SIZEOF (.rodata)
                0x0000a7d5                        __rodata_load_end__ = __rodata_end__

.rel.dyn        0x00000000        0x0
 .rel.iplt      0x00000000        0x0 Output/nrf52832_xxaa/Obj/ss_twr_init/ble_beacon.o
                0x00000001                        . = ASSERT (((__rodata_start__ == __rodata_end__) || ((__rodata_end__ - __FLASH_segment_start__) <= __FLASH_segment_size__)), error: .rodata is too large to fit in FLASH memory segment)
                0x0000a7d8                        __ARM.exidx_load_start__ = ALIGN (__rodata_end__, 0x4)

.ARM.exidx      0x0000a7d8        0x0
                0x0000a7d8                        __ARM.exidx_start__ = .
                0x0000a7d8                        __exidx_start = __ARM.exidx_start__
 *(.ARM.exidx .ARM.exidx.*)
                0x0000a7d8                        __ARM.exidx_end__ = (__ARM.exidx_start__ + SIZEOF (.ARM.exidx))
                0x00000000                        __ARM.exidx_size__ = SIZEOF (.ARM.exidx)
                0x0000a7d8                        __exidx_end = __ARM.exidx_end__
                0x0000a7d8                        __ARM.exidx_load_end__ = __ARM.exidx_end__
                0x00000001                        . = ASSERT (((__ARM.exidx_start__ == __ARM.exidx_end__) || ((__ARM.exidx_end__ - __FLASH_segment_start__) <= __FLASH_segment_size__)), error: .ARM.exidx is too large to fit in FLASH memory segment)
                0x0000a7d8                        __fast_load_start__ = ALIGN (__ARM.exidx_end__, 0x4)

.fast           0x20000000        0x0 load address 0x0000a7d8
                0x20000000                        __fast_start__ = .
 *(.fast .fast.*)
                0x20000000                        __fast_end__ = (__fast_start__ + SIZEOF (.fast))
                0x00000000                        __fast_size__ = SIZEOF (.fast)
                0x0000a7d8                        __fast_load_end__ = (__fast_load_start__ + SIZEOF (.fast))
                0x00000001                        . = ASSERT (((__fast_load_start__ == __fast_load_end__) || ((__fast_load_end__ - __FLASH_segment_start__) <= __FLASH_segment_size__)), error: .fast is too large to fit in FLASH memory segment)

.fast_run       0x20000000        0x0
                0x20000000                        __fast_run_start__ = .
                0x20000000                        __fast_run_end__ = (__fast_run_start__ + SIZEOF (.fast))
                0x00000000                        __fast_run_size__ = (__fast_run_end__ - __fast_run_start__)
                0x20000000                        __fast_run_load_end__ = __fast_run_end__
                0x00000001                        . = ASSERT (((__fast_run_start__ == __fast_run_end__) || ((__fast_run_end__ - __SRAM_segment_start__) <= __SRAM_segment_size__)), error: .fast_run is too large to fit in SRAM memory segment)
                0x0000a7d8                        __data_load_start__ = ALIGN ((__fast_load_start__ + SIZEOF (.fast)), 0x4)

.data           0x20000000       0x68 load address 0x0000a7d8
                0x20000000                        __data_start__ = .
 *(.data .data.* .gnu.linkonce.d.*)
 .data.config   0x20000000        0xc Output/nrf52832_xxaa/Obj/ss_twr_init/main.o
 .data.tx_poll_msg
                0x2000000c        0xd Output/nrf52832_xxaa/Obj/ss_twr_init/ss_init_main.o
 *fill*         0x20000019        0x3 
 .data.tx_resp_msg
                0x2000001c       0x1f Output/nrf52832_xxaa/Obj/ss_twr_init/ss_resp_main.o
 *fill*         0x2000003b        0x1 
 .data.pdw1000local
                0x2000003c        0x4 Output/nrf52832_xxaa/Obj/ss_twr_init/deca_device.o
 .data.xNextTaskUnblockTime
                0x20000040        0x4 Output/nrf52832_xxaa/Obj/ss_twr_init/tasks.o
 .data.SystemCoreClock
                0x20000044        0x4 Output/nrf52832_xxaa/Obj/ss_twr_init/system_nrf52.o
                0x20000044                SystemCoreClock
 .data.libc.stdin
                0x20000048        0x4 C:/Program Files/SEGGER/SEGGER Embedded Studio 8.24/lib/prinops_rtt_v7em_fpv4_sp_d16_hard_t_le_eabi_balanced.a(prinops_rtt.o)
                0x20000048                stdin
 .data.libc.stdout
                0x2000004c        0x4 C:/Program Files/SEGGER/SEGGER Embedded Studio 8.24/lib/prinops_rtt_v7em_fpv4_sp_d16_hard_t_le_eabi_balanced.a(prinops_rtt.o)
                0x2000004c                stdout
 .data.libc.stderr
                0x20000050        0x4 C:/Program Files/SEGGER/SEGGER Embedded Studio 8.24/lib/prinops_rtt_v7em_fpv4_sp_d16_hard_t_le_eabi_balanced.a(prinops_rtt.o)
                0x20000050                stderr
 .data.libc.__SEGGER_RTL_global_locale
                0x20000054       0x14 C:/Program Files/SEGGER/SEGGER Embedded Studio 8.24/lib/mbops_timeops_v7em_fpv4_sp_d16_hard_t_le_eabi_balanced.a(mbops.o)
                0x20000054                __SEGGER_RTL_global_locale
                0x20000054                __RAL_global_locale
                0x20000068                        __data_end__ = (__data_start__ + SIZEOF (.data))
                0x00000068                        __data_size__ = SIZEOF (.data)
                0x0000a840                        __data_load_end__ = (__data_load_start__ + SIZEOF (.data))

.igot.plt       0x00000000        0x0
 .igot.plt      0x00000000        0x0 Output/nrf52832_xxaa/Obj/ss_twr_init/ble_beacon.o
                0x00000001                        . = ASSERT (((__data_load_start__ == __data_load_end__) || ((__data_load_end__ - __FLASH_segment_start__) <= __FLASH_segment_size__)), error: .data is too large to fit in FLASH memory segment)

.data_run       0x20000000        0x0
                0x20000000                        __data_run_start__ = .
                0x20000068                        __data_run_end__ = (__data_run_start__ + SIZEOF (.data))
                0x00000068                        __data_run_size__ = (__data_run_end__ - __data_run_start__)
                0x20000068                        __data_run_load_end__ = __data_run_end__
                0x00000001                        . = ASSERT (((__data_run_start__ == __data_run_end__) || ((__data_run_end__ - __SRAM_segment_start__) <= __SRAM_segment_size__)), error: .data_run is too large to fit in SRAM memory segment)
                0x0000a840                        __tdata_load_start__ = ALIGN ((__data_load_start__ + SIZEOF (.data)), 0x4)

.tdata          0x20000068        0x0 load address 0x0000a840
                0x20000068                        __tdata_start__ = .
 *(.tdata .tdata.*)
                0x20000068                        __tdata_end__ = (__tdata_start__ + SIZEOF (.tdata))
                0x00000000                        __tdata_size__ = SIZEOF (.tdata)
                0x0000a840                        __tdata_load_end__ = (__tdata_load_start__ + SIZEOF (.tdata))
                0x00000001                        . = ASSERT (((__tdata_load_start__ == __tdata_load_end__) || ((__tdata_load_end__ - __FLASH_segment_start__) <= __FLASH_segment_size__)), error: .tdata is too large to fit in FLASH memory segment)

.tdata_run      0x20000068        0x0
                0x20000068                        __tdata_run_start__ = .
                0x20000068                        __tdata_run_end__ = (__tdata_run_start__ + SIZEOF (.tdata))
                0x00000000                        __tdata_run_size__ = (__tdata_run_end__ - __tdata_run_start__)
                0x20000068                        __tdata_run_load_end__ = __tdata_run_end__
                0x00000001                        . = ASSERT (((__tdata_run_start__ == __tdata_run_end__) || ((__tdata_run_end__ - __SRAM_segment_start__) <= __SRAM_segment_size__)), error: .tdata_run is too large to fit in SRAM memory segment)
                0x20000068                        __nrf_sections_run_load_start__ = ALIGN (__tdata_run_end__, 0x4)

.nrf_sections_run
                0x20000068        0x0
                0x20000068                        __nrf_sections_run_start__ = .
                0x20000068                        __start_nrf_sections_run = __nrf_sections_run_start__
 *(.nrf_sections_run .nrf_sections_run.*)
                0x20000068                        __nrf_sections_run_end__ = (__nrf_sections_run_start__ + SIZEOF (.nrf_sections_run))
                0x00000000                        __nrf_sections_run_size__ = SIZEOF (.nrf_sections_run)
                0x20000068                        __nrf_sections_run_load_end__ = __nrf_sections_run_end__
                0x00000001                        . = ASSERT (((__nrf_sections_run_start__ == __nrf_sections_run_end__) || ((__nrf_sections_run_end__ - __SRAM_segment_start__) <= __SRAM_segment_size__)), error: .nrf_sections_run is too large to fit in SRAM memory segment)
                0x0000a840                        __dfu_trans_load_start__ = ALIGN ((__tdata_load_start__ + SIZEOF (.tdata)), 0x4)

.dfu_trans      0x0000a840        0x0
                0x0000a840                        __dfu_trans_start__ = .
                0x0000a840                        __start_dfu_trans = __dfu_trans_start__
 *(SORT_BY_NAME(.dfu_trans*))
                0x0000a840                        __dfu_trans_end__ = (__dfu_trans_start__ + SIZEOF (.dfu_trans))
                0x00000000                        __dfu_trans_size__ = SIZEOF (.dfu_trans)
                0x0000a840                        __stop_dfu_trans = __dfu_trans_end__
                0x0000a840                        __dfu_trans_load_end__ = __dfu_trans_end__
                0x00000001                        . = ASSERT (((__dfu_trans_start__ == __dfu_trans_end__) || ((__dfu_trans_end__ - __FLASH_segment_start__) <= __FLASH_segment_size__)), error: .dfu_trans is too large to fit in FLASH memory segment)
                0x0000a840                        __log_const_data_load_start__ = ALIGN (__dfu_trans_end__, 0x4)

.log_const_data
                0x0000a840        0x0
                0x0000a840                        __log_const_data_start__ = .
                0x0000a840                        __start_log_const_data = __log_const_data_start__
 *(.log_const_data*)
                0x0000a840                        __log_const_data_end__ = (__log_const_data_start__ + SIZEOF (.log_const_data))
                0x00000000                        __log_const_data_size__ = SIZEOF (.log_const_data)
                0x0000a840                        __stop_log_const_data = __log_const_data_end__
                0x0000a840                        __log_const_data_load_end__ = __log_const_data_end__
                0x00000001                        . = ASSERT (((__log_const_data_start__ == __log_const_data_end__) || ((__log_const_data_end__ - __FLASH_segment_start__) <= __FLASH_segment_size__)), error: .log_const_data is too large to fit in FLASH memory segment)
                0x0000a840                        __svc_data_load_start__ = ALIGN (__log_const_data_end__, 0x4)

.svc_data       0x0000a840        0x0
                0x0000a840                        __svc_data_start__ = .
                0x0000a840                        __start_svc_data = __svc_data_start__
 *(.svc_data*)
                0x0000a840                        __svc_data_end__ = (__svc_data_start__ + SIZEOF (.svc_data))
                0x00000000                        __svc_data_size__ = SIZEOF (.svc_data)
                0x0000a840                        __stop_svc_data = __svc_data_end__
                0x0000a840                        __svc_data_load_end__ = __svc_data_end__
                0x00000001                        . = ASSERT (((__svc_data_start__ == __svc_data_end__) || ((__svc_data_end__ - __FLASH_segment_start__) <= __FLASH_segment_size__)), error: .svc_data is too large to fit in FLASH memory segment)
                0x0000a840                        __sdh_ble_observers_load_start__ = ALIGN (__svc_data_end__, 0x4)

.sdh_ble_observers
                0x0000a840        0x0
                0x0000a840                        __sdh_ble_observers_start__ = .
                0x0000a840                        __start_sdh_ble_observers = __sdh_ble_observers_start__
 *(SORT_BY_NAME(.sdh_ble_observers*))
                0x0000a840                        __sdh_ble_observers_end__ = (__sdh_ble_observers_start__ + SIZEOF (.sdh_ble_observers))
                0x00000000                        __sdh_ble_observers_size__ = SIZEOF (.sdh_ble_observers)
                0x0000a840                        __stop_sdh_ble_observers = __sdh_ble_observers_end__
                0x0000a840                        __sdh_ble_observers_load_end__ = __sdh_ble_observers_end__
                0x00000001                        . = ASSERT (((__sdh_ble_observers_start__ == __sdh_ble_observers_end__) || ((__sdh_ble_observers_end__ - __FLASH_segment_start__) <= __FLASH_segment_size__)), error: .sdh_ble_observers is too large to fit in FLASH memory segment)
                0x0000a840                        __sdh_req_observers_load_start__ = ALIGN (__sdh_ble_observers_end__, 0x4)

.sdh_req_observers
                0x0000a840        0x0
                0x0000a840                        __sdh_req_observers_start__ = .
                0x0000a840                        __start_sdh_req_observers = __sdh_req_observers_start__
 *(SORT_BY_NAME(.sdh_req_observers*))
                0x0000a840                        __sdh_req_observers_end__ = (__sdh_req_observers_start__ + SIZEOF (.sdh_req_observers))
                0x00000000                        __sdh_req_observers_size__ = SIZEOF (.sdh_req_observers)
                0x0000a840                        __stop_sdh_req_observers = __sdh_req_observers_end__
                0x0000a840                        __sdh_req_observers_load_end__ = __sdh_req_observers_end__
                0x00000001                        . = ASSERT (((__sdh_req_observers_start__ == __sdh_req_observers_end__) || ((__sdh_req_observers_end__ - __FLASH_segment_start__) <= __FLASH_segment_size__)), error: .sdh_req_observers is too large to fit in FLASH memory segment)
                0x0000a840                        __sdh_state_observers_load_start__ = ALIGN (__sdh_req_observers_end__, 0x4)

.sdh_state_observers
                0x0000a840        0x0
                0x0000a840                        __sdh_state_observers_start__ = .
                0x0000a840                        __start_sdh_state_observers = __sdh_state_observers_start__
 *(SORT_BY_NAME(.sdh_state_observers*))
                0x0000a840                        __sdh_state_observers_end__ = (__sdh_state_observers_start__ + SIZEOF (.sdh_state_observers))
                0x00000000                        __sdh_state_observers_size__ = SIZEOF (.sdh_state_observers)
                0x0000a840                        __stop_sdh_state_observers = __sdh_state_observers_end__
                0x0000a840                        __sdh_state_observers_load_end__ = __sdh_state_observers_end__
                0x00000001                        . = ASSERT (((__sdh_state_observers_start__ == __sdh_state_observers_end__) || ((__sdh_state_observers_end__ - __FLASH_segment_start__) <= __FLASH_segment_size__)), error: .sdh_state_observers is too large to fit in FLASH memory segment)
                0x0000a840                        __sdh_stack_observers_load_start__ = ALIGN (__sdh_state_observers_end__, 0x4)

.sdh_stack_observers
                0x0000a840        0x0
                0x0000a840                        __sdh_stack_observers_start__ = .
                0x0000a840                        __start_sdh_stack_observers = __sdh_stack_observers_start__
 *(SORT_BY_NAME(.sdh_stack_observers*))
                0x0000a840                        __sdh_stack_observers_end__ = (__sdh_stack_observers_start__ + SIZEOF (.sdh_stack_observers))
                0x00000000                        __sdh_stack_observers_size__ = SIZEOF (.sdh_stack_observers)
                0x0000a840                        __stop_sdh_stack_observers = __sdh_stack_observers_end__
                0x0000a840                        __sdh_stack_observers_load_end__ = __sdh_stack_observers_end__
                0x00000001                        . = ASSERT (((__sdh_stack_observers_start__ == __sdh_stack_observers_end__) || ((__sdh_stack_observers_end__ - __FLASH_segment_start__) <= __FLASH_segment_size__)), error: .sdh_stack_observers is too large to fit in FLASH memory segment)
                0x0000a840                        __sdh_soc_observers_load_start__ = ALIGN (__sdh_stack_observers_end__, 0x4)

.sdh_soc_observers
                0x0000a840        0x0
                0x0000a840                        __sdh_soc_observers_start__ = .
                0x0000a840                        __start_sdh_soc_observers = __sdh_soc_observers_start__
 *(SORT_BY_NAME(.sdh_soc_observers*))
                0x0000a840                        __sdh_soc_observers_end__ = (__sdh_soc_observers_start__ + SIZEOF (.sdh_soc_observers))
                0x00000000                        __sdh_soc_observers_size__ = SIZEOF (.sdh_soc_observers)
                0x0000a840                        __stop_sdh_soc_observers = __sdh_soc_observers_end__
                0x0000a840                        __sdh_soc_observers_load_end__ = __sdh_soc_observers_end__
                0x00000001                        . = ASSERT (((__sdh_soc_observers_start__ == __sdh_soc_observers_end__) || ((__sdh_soc_observers_end__ - __FLASH_segment_start__) <= __FLASH_segment_size__)), error: .sdh_soc_observers is too large to fit in FLASH memory segment)
                0x0000a840                        __nrf_sections_load_start__ = ALIGN (__sdh_soc_observers_end__, 0x4)

.nrf_sections   0x0000a840        0x0
                0x0000a840                        __nrf_sections_start__ = .
                0x0000a840                        __start_nrf_sections = __nrf_sections_start__
 *(.nrf_sections .nrf_sections.*)
                0x0000a840                        __nrf_sections_end__ = (__nrf_sections_start__ + SIZEOF (.nrf_sections))
                0x00000000                        __nrf_sections_size__ = SIZEOF (.nrf_sections)
                0x0000a840                        __nrf_sections_load_end__ = __nrf_sections_end__
                0x00000001                        . = ASSERT (((__nrf_sections_start__ == __nrf_sections_end__) || ((__nrf_sections_end__ - __FLASH_segment_start__) <= __FLASH_segment_size__)), error: .nrf_sections is too large to fit in FLASH memory segment)
                0x0000a840                        __log_dynamic_data_load_start__ = ALIGN (__nrf_sections_end__, 0x4)

.log_dynamic_data
                0x20000068        0x0 load address 0x0000a840
                0x20000068                        __log_dynamic_data_start__ = .
 *(.log_dynamic_data*)
                0x20000068                        __log_dynamic_data_end__ = (__log_dynamic_data_start__ + SIZEOF (.log_dynamic_data))
                0x00000000                        __log_dynamic_data_size__ = SIZEOF (.log_dynamic_data)
                0x0000a840                        __log_dynamic_data_load_end__ = (__log_dynamic_data_load_start__ + SIZEOF (.log_dynamic_data))
                0x00000001                        . = ASSERT (((__log_dynamic_data_load_start__ == __log_dynamic_data_load_end__) || ((__log_dynamic_data_load_end__ - __FLASH_segment_start__) <= __FLASH_segment_size__)), error: .log_dynamic_data is too large to fit in FLASH memory segment)

.log_dynamic_data_run
                0x20000068        0x0
                0x20000068                        __log_dynamic_data_run_start__ = .
                0x20000068                        __start_log_dynamic_data = __log_dynamic_data_run_start__
                0x20000068                        __log_dynamic_data_run_end__ = (__log_dynamic_data_run_start__ + SIZEOF (.log_dynamic_data))
                0x00000000                        __log_dynamic_data_run_size__ = (__log_dynamic_data_run_end__ - __log_dynamic_data_run_start__)
                0x20000068                        __stop_log_dynamic_data = __log_dynamic_data_run_end__