Archive member included to satisfy reference by file (symbol)

C:/Program Files/SEGGER/SEGGER Embedded Studio 8.24/lib/libc_v7em_fpv4_sp_d16_hard_t_le_eabi_balanced.a(fileops.o)
                              Output/nrf52832_xxaa/Obj/ss_twr_init/main.o (puts)
C:/Program Files/SEGGER/SEGGER Embedded Studio 8.24/lib/libc_v7em_fpv4_sp_d16_hard_t_le_eabi_balanced.a(floatops.o)
                              Output/nrf52832_xxaa/Obj/ss_twr_init/utils.o (__SEGGER_RTL_float64_isnan)
C:/Program Files/SEGGER/SEGGER Embedded Studio 8.24/lib/libc_v7em_fpv4_sp_d16_hard_t_le_eabi_balanced.a(floatasmops_arm.o)
                              Output/nrf52832_xxaa/Obj/ss_twr_init/ss_resp_main.o (__aeabi_dadd)
C:/Program Files/SEGGER/SEGGER Embedded Studio 8.24/lib/libc_v7em_fpv4_sp_d16_hard_t_le_eabi_balanced.a(prinops.o)
                              Output/nrf52832_xxaa/Obj/ss_twr_init/main.o (printf)
C:/Program Files/SEGGER/SEGGER Embedded Studio 8.24/lib/libc_v7em_fpv4_sp_d16_hard_t_le_eabi_balanced.a(__SEGGER_RTL_vfprintf_short_float_long.o)
                              (__SEGGER_RTL_vfprintf_short_float_long)
C:/Program Files/SEGGER/SEGGER Embedded Studio 8.24/lib/libc_v7em_fpv4_sp_d16_hard_t_le_eabi_balanced.a(__SEGGER_RTL_vfscanf_int.o)
                              (__SEGGER_RTL_vfscanf_int)
C:/Program Files/SEGGER/SEGGER Embedded Studio 8.24/lib/libc_v7em_fpv4_sp_d16_hard_t_le_eabi_balanced.a(errno.o)
                              C:/Program Files/SEGGER/SEGGER Embedded Studio 8.24/lib/libc_v7em_fpv4_sp_d16_hard_t_le_eabi_balanced.a(fileops.o) (__aeabi_errno_addr)
C:/Program Files/SEGGER/SEGGER Embedded Studio 8.24/lib/libc_v7em_fpv4_sp_d16_hard_t_le_eabi_balanced.a(intops.o)
                              C:/Program Files/SEGGER/SEGGER Embedded Studio 8.24/lib/libc_v7em_fpv4_sp_d16_hard_t_le_eabi_balanced.a(__SEGGER_RTL_vfprintf_short_float_long.o) (abs)
C:/Program Files/SEGGER/SEGGER Embedded Studio 8.24/lib/libc_v7em_fpv4_sp_d16_hard_t_le_eabi_balanced.a(utilops.o)
                              C:/Program Files/SEGGER/SEGGER Embedded Studio 8.24/lib/libc_v7em_fpv4_sp_d16_hard_t_le_eabi_balanced.a(__SEGGER_RTL_vfprintf_short_float_long.o) (__SEGGER_RTL_pow10f)
C:/Program Files/SEGGER/SEGGER Embedded Studio 8.24/lib/libc_v7em_fpv4_sp_d16_hard_t_le_eabi_balanced.a(intasmops_arm.o)
                              C:/Program Files/SEGGER/SEGGER Embedded Studio 8.24/lib/libc_v7em_fpv4_sp_d16_hard_t_le_eabi_balanced.a(intops.o) (__aeabi_ldivmod)
C:/Program Files/SEGGER/SEGGER Embedded Studio 8.24/lib/prinops_rtt_v7em_fpv4_sp_d16_hard_t_le_eabi_balanced.a(prinops_rtt.o)
                              C:/Program Files/SEGGER/SEGGER Embedded Studio 8.24/lib/libc_v7em_fpv4_sp_d16_hard_t_le_eabi_balanced.a(fileops.o) (__SEGGER_RTL_X_file_stat)
C:/Program Files/SEGGER/SEGGER Embedded Studio 8.24/lib/heapops_disable_interrupts_locking_v7em_fpv4_sp_d16_hard_t_le_eabi_balanced.a(heapops.o)
                              C:/Program Files/SEGGER/SEGGER Embedded Studio 8.24/lib/libc_v7em_fpv4_sp_d16_hard_t_le_eabi_balanced.a(prinops.o) (free)
C:/Program Files/SEGGER/SEGGER Embedded Studio 8.24/lib/strops_unaligned_v7em_fpv4_sp_d16_hard_t_le_eabi_balanced.a(strops.o)
                              Output/nrf52832_xxaa/Obj/ss_twr_init/nrf_fprintf_format.o (strlen)
C:/Program Files/SEGGER/SEGGER Embedded Studio 8.24/lib/strops_unaligned_v7em_fpv4_sp_d16_hard_t_le_eabi_balanced.a(strasmops_arm.o)
                              C:/Program Files/SEGGER/SEGGER Embedded Studio 8.24/lib/strops_unaligned_v7em_fpv4_sp_d16_hard_t_le_eabi_balanced.a(strops.o) (strcmp)
C:/Program Files/SEGGER/SEGGER Embedded Studio 8.24/lib/mbops_timeops_v7em_fpv4_sp_d16_hard_t_le_eabi_balanced.a(mbops.o)
                              C:/Program Files/SEGGER/SEGGER Embedded Studio 8.24/lib/libc_v7em_fpv4_sp_d16_hard_t_le_eabi_balanced.a(prinops.o) (__SEGGER_RTL_current_locale)
C:/Program Files/SEGGER/SEGGER Embedded Studio 8.24/lib/mbops_timeops_v7em_fpv4_sp_d16_hard_t_le_eabi_balanced.a(timeops.o)
                              C:/Program Files/SEGGER/SEGGER Embedded Studio 8.24/lib/mbops_timeops_v7em_fpv4_sp_d16_hard_t_le_eabi_balanced.a(mbops.o) (__SEGGER_RTL_string_list_encode)
C:/Program Files/SEGGER/SEGGER Embedded Studio 8.24/lib/libc_v7em_fpv4_sp_d16_hard_t_le_eabi_balanced.a(execops.o)
                              C:/Program Files/SEGGER/SEGGER Embedded Studio 8.24/lib/strops_unaligned_v7em_fpv4_sp_d16_hard_t_le_eabi_balanced.a(strops.o) (__SEGGER_RTL_constraint_violation)
C:/Program Files/SEGGER/SEGGER Embedded Studio 8.24/lib/libc_v7em_fpv4_sp_d16_hard_t_le_eabi_balanced.a(execops_arm.o)
                              C:/Program Files/SEGGER/SEGGER Embedded Studio 8.24/lib/libc_v7em_fpv4_sp_d16_hard_t_le_eabi_balanced.a(execops.o) (__aeabi_SIGABRT)
C:/Program Files/SEGGER/SEGGER Embedded Studio 8.24/lib/libc_v7em_fpv4_sp_d16_hard_t_le_eabi_balanced.a(sortops.o)
[...]
Memory Configuration

Name             Origin             Length             Attributes
UNPLACED_SECTIONS 0x00000000         0x00000000         xw
FLASH            0x00000000         0x00080000         xr
SRAM             0x20000000         0x00010000         xw
*default*        0x00000000         0xffffffff

Linker script and memory map

                0x00000000                        __FLASH_segment_start__ = 0x0
                0x00080000                        __FLASH_segment_end__ = 0x80000
                0x00080000                        __FLASH_segment_size__ = 0x80000
                0x20000000                        __SRAM_segment_start__ = 0x20000000
                0x20010000                        __SRAM_segment_end__ = 0x20010000
                0x00010000                        __SRAM_segment_size__ = 0x10000
                0x00000400                        __HEAPSIZE__ = 0x400
                0x0000a48c                        __SEGGER_RTL_vfprintf = __SEGGER_RTL_vfprintf_short_float_long
                0x00000000                        __SEGGER_RTL_vfscanf = __SEGGER_RTL_vfscanf_int
                0x00000000                        __STACKSIZE_PROCESS__ = 0x0
                0x00000400                        __STACKSIZE__ = 0x400
                0x20000000                        __vectors_ram_load_start__ = ALIGN (__SRAM_segment_start__, 0x100)

.vectors_ram    0x20000000        0x0
                0x20000000                        __vectors_ram_start__ = .
 *(.vectors_ram .vectors_ram.*)
                0x20000000                        __vectors_ram_end__ = (__vectors_ram_start__ + SIZEOF (.vectors_ram))
                0x00000000                        __vectors_ram_size__ = SIZEOF (.vectors_ram)
                0x20000000                        __vectors_ram_load_end__ = __vectors_ram_end__
                0x00000001                        . = ASSERT (((__vectors_ram_start__ == __vectors_ram_end__) || ((__vectors_ram_end__ - __SRAM_segment_start__) <= __SRAM_segment_size__)), error: .vectors_ram is too large to fit in SRAM memory segment)
                0x00000000                        __vectors_load_start__ = ALIGN (__FLASH_segment_start__, 0x100)

.vectors        0x00000000       0xd8
                0x00000000                        __vectors_start__ = .
 *(.vectors .vectors.*)
 .vectors       0x00000000       0xd8 Output/nrf52832_xxaa/Obj/ss_twr_init/ses_nrf52_startup.o
                0x00000000                _vectors
                0x000000d8                        __vectors_end__ = (__vectors_start__ + SIZEOF (.vectors))
                0x000000d8                        __vectors_size__ = SIZEOF (.vectors)
                0x000000d8                        __vectors_load_end__ = __vectors_end__
                0x00000001                        . = ASSERT (((__vectors_start__ == __vectors_end__) || ((__vectors_end__ - __FLASH_segment_start__) <= __FLASH_segment_size__)), error: .vectors is too large to fit in FLASH memory segment)
                0x000000d8                        __init_load_start__ = ALIGN (__vectors_end__, 0x4)

.init           0x000000d8      0x1d8
                0x000000d8                        __init_start__ = .
 *(.init .init.*)
 .init          0x000000d8       0x6c Output/nrf52832_xxaa/Obj/ss_twr_init/ses_nrf52_startup.o
                0x000000d8                NMI_Handler
                0x000000da                HardFault_Handler
                0x000000dc                MemoryManagement_Handler
                0x000000de                BusFault_Handler
                0x000000e0                UsageFault_Handler
                0x000000e4                DebugMon_Handler
                0x000000e8                SysTick_Handler
                0x000000ec                RADIO_IRQHandler
                0x000000f0                SPIM0_SPIS0_TWIM0_TWIS0_SPI0_TWI0_IRQHandler
                0x000000f4                NFCT_IRQHandler
                0x000000f8                SAADC_IRQHandler
                0x000000fa                TIMER0_IRQHandler
                0x000000fc                TIMER1_IRQHandler
                0x000000fe                TIMER2_IRQHandler
                0x00000100                RTC0_IRQHandler
                0x00000102                TEMP_IRQHandler
                0x00000104                RNG_IRQHandler
                0x00000106                ECB_IRQHandler
                0x00000108                CCM_AAR_IRQHandler
                0x0000010a                WDT_IRQHandler
                0x0000010e                QDEC_IRQHandler
                0x00000110                COMP_LPCOMP_IRQHandler
                0x00000112                SWI0_EGU0_IRQHandler
                0x00000114                SWI1_EGU1_IRQHandler
                0x00000116                SWI2_EGU2_IRQHandler
                0x00000118                SWI3_EGU3_IRQHandler
                0x0000011a                SWI4_EGU4_IRQHandler
                0x0000011c                SWI5_EGU5_IRQHandler
                0x0000011e                TIMER3_IRQHandler
                0x00000120                TIMER4_IRQHandler
                0x00000122                PWM0_IRQHandler
                0x00000124                PDM_IRQHandler
                0x00000126                MWU_IRQHandler
                0x00000128                PWM1_IRQHandler
                0x0000012a                PWM2_IRQHandler
                0x0000012c                SPIM2_SPIS2_SPI2_IRQHandler
                0x0000012e                RTC2_IRQHandler
                0x00000130                I2S_IRQHandler
                0x00000132                reset_handler
 .init          0x00000144      0x16c Output/nrf52832_xxaa/Obj/ss_twr_init/thumb_crt0.o
                0x00000144                _start
                0x00000200                exit
                0x000002b0                        __init_end__ = (__init_start__ + SIZEOF (.init))
                0x000001d8                        __init_size__ = SIZEOF (.init)
                0x000002b0                        __init_load_end__ = __init_end__
                0x00000001                        . = ASSERT (((__init_start__ == __init_end__) || ((__init_end__ - __FLASH_segment_start__) <= __FLASH_segment_size__)), error: .init is too large to fit in FLASH memory segment)
                0x000002b0                        __init_rodata_load_start__ = ALIGN (__init_end__, 0x4)

.init_rodata    0x000002b0        0x0
                0x000002b0                        __init_rodata_start__ = .
 *(.init_rodata .init_rodata.*)
                0x000002b0                        __init_rodata_end__ = (__init_rodata_start__ + SIZEOF (.init_rodata))
                0x00000000                        __init_rodata_size__ = SIZEOF (.init_rodata)
                0x000002b0                        __init_rodata_load_end__ = __init_rodata_end__
                0x00000001                        . = ASSERT (((__init_rodata_start__ == __init_rodata_end__) || ((__init_rodata_end__ - __FLASH_segment_start__) <= __FLASH_segment_size__)), error: .init_rodata is too large to fit in FLASH memory segment)
                0x000002b0                        __text_load_start__ = ALIGN (__init_rodata_end__, 0x4)

.text           0x000002b0     0xb15c
                0x000002b0                        __text_start__ = .
 *(.text .text.* .gnu.linkonce.t.* .glue_7t .glue_7 .gcc_except_table .ARM.extab* .gnu.linkonce.armextab.*)
 .glue_7        0x000002b0        0x0 linker stubs
 .glue_7t       0x000002b0        0x0 linker stubs
 .text.hfclk_start_timeout
                0x000002b0       0x44 Output/nrf52832_xxaa/Obj/ss_twr_init/ble_beacon.o
 .text.ble_radio_config
                0x000002f4       0x80 Output/nrf52832_xxaa/Obj/ss_twr_init/ble_beacon.o
 .text.build_adv_manuf
                0x00000374      0x140 Output/nrf52832_xxaa/Obj/ss_twr_init/ble_beacon.o
 .text.ble_raw_beacon_send_index
                0x000004b4       0xec Output/nrf52832_xxaa/Obj/ss_twr_init/ble_beacon.o
 .text.ble_raw_beacon_init
                0x000005a0       0x48 Output/nrf52832_xxaa/Obj/ss_twr_init/ble_beacon.o
                0x000005a0                ble_raw_beacon_init
 .text.ble_raw_beacon_broadcast
                0x000005e8       0x32 Output/nrf52832_xxaa/Obj/ss_twr_init/ble_beacon.o
                0x000005e8                ble_raw_beacon_broadcast
 .text.ble_raw_beacon_send_payload
                0x0000061a       0x24 Output/nrf52832_xxaa/Obj/ss_twr_init/ble_beacon.o
                0x0000061a                ble_raw_beacon_send_payload
 .text.ble_beacon_send_geometry
                0x0000063e       0x3e Output/nrf52832_xxaa/Obj/ss_twr_init/ble_beacon.o
                0x0000063e                ble_beacon_send_geometry
 .text.hfclk_start_timeout
                0x0000067c       0x44 Output/nrf52832_xxaa/Obj/ss_twr_init/ble_scanner.o
 .text.ble_scanner_init
                0x000006c0       0x84 Output/nrf52832_xxaa/Obj/ss_twr_init/ble_scanner.o
                0x000006c0                ble_scanner_init
 .text.ble_scan_for_config
                0x00000744      0x1cc Output/nrf52832_xxaa/Obj/ss_twr_init/ble_scanner.o
                0x00000744                ble_scan_for_config
 .text.ble_scan_packet
                0x00000910      0x1a4 Output/nrf52832_xxaa/Obj/ss_twr_init/ble_scanner.o
                0x00000910                ble_scan_packet
 .text.ble_scan_for_geometry
                0x00000ab4      0x1c8 Output/nrf52832_xxaa/Obj/ss_twr_init/ble_scanner.o
                0x00000ab4                ble_scan_for_geometry
 .text.ble_scan_for_anchor_config
                0x00000c7c      0x1cc Output/nrf52832_xxaa/Obj/ss_twr_init/ble_scanner.o
                0x00000c7c                ble_scan_for_anchor_config
 .text.__NVIC_SystemReset
                0x00000e48       0x28 Output/nrf52832_xxaa/Obj/ss_twr_init/main.o
 .text.nrf_gpio_pin_port_decode
                0x00000e70        0xe Output/nrf52832_xxaa/Obj/ss_twr_init/main.o
 .text.nrf_gpio_cfg
                0x00000e7e       0x62 Output/nrf52832_xxaa/Obj/ss_twr_init/main.o
 .text.nrf_gpio_cfg_output
                0x00000ee0       0x22 Output/nrf52832_xxaa/Obj/ss_twr_init/main.o
 .text.nrf_gpio_cfg_input
                0x00000f02       0x2a Output/nrf52832_xxaa/Obj/ss_twr_init/main.o
 .text.nrf_gpio_pin_read
                0x00000f2c       0x2a Output/nrf52832_xxaa/Obj/ss_twr_init/main.o
 .text.nrf_gpio_port_in_read
                0x00000f56       0x10 Output/nrf52832_xxaa/Obj/ss_twr_init/main.o
 *fill*         0x00000f66        0x2 
 .text.nrf_delay_us
                0x00000f68       0xa0 Output/nrf52832_xxaa/Obj/ss_twr_init/main.o
 .text.nrf_delay_ms
                0x00001008       0x1e Output/nrf52832_xxaa/Obj/ss_twr_init/main.o
 *fill*         0x00001026        0x2 
 .text.flash_config_write
                0x00001028       0xa8 Output/nrf52832_xxaa/Obj/ss_twr_init/main.o
                0x00001028                flash_config_write
 .text.led_toggle_task_function
                0x000010d0       0x9c Output/nrf52832_xxaa/Obj/ss_twr_init/main.o
 .text.led_toggle_timer_callback
                0x0000116c       0x32 Output/nrf52832_xxaa/Obj/ss_twr_init/main.o
 *fill*         0x0000119e        0x2 
 .text.main     0x000011a0      0x460 Output/nrf52832_xxaa/Obj/ss_twr_init/main.o
                0x000011a0                main
 .text.__NVIC_SystemReset
                0x00001600       0x28 Output/nrf52832_xxaa/Obj/ss_twr_init/ss_init_main.o
 .text.reset_uwb_state
                0x00001628       0x1c Output/nrf52832_xxaa/Obj/ss_twr_init/ss_init_main.o
                0x00001628                reset_uwb_state
 .text.calculate_tag_position
                0x00001644      0x134 Output/nrf52832_xxaa/Obj/ss_twr_init/ss_init_main.o
                0x00001644                calculate_tag_position
 .text.ss_initiator_task_function
                0x00001778      0x898 Output/nrf52832_xxaa/Obj/ss_twr_init/ss_init_main.o
                0x00001778                ss_initiator_task_function
 .text.__NVIC_SystemReset
                0x00002010       0x28 Output/nrf52832_xxaa/Obj/ss_twr_init/ss_resp_main.o
 .text.average_measure_tof
                0x00002038      0x220 Output/nrf52832_xxaa/Obj/ss_twr_init/ss_resp_main.o
 .text.robust_ble_blast_distances
                0x00002258      0x138 Output/nrf52832_xxaa/Obj/ss_twr_init/ss_resp_main.o
 .text.flash_coords_valid
                0x00002390       0x48 Output/nrf52832_xxaa/Obj/ss_twr_init/ss_resp_main.o
 .text.ss_responder_task_function
                0x000023d8      0xf10 Output/nrf52832_xxaa/Obj/ss_twr_init/ss_resp_main.o
                0x000023d8                ss_responder_task_function
 .text.tof_2d_localize
                0x000032e8      0x968 Output/nrf52832_xxaa/Obj/ss_twr_init/utils.o
                0x000032e8                tof_2d_localize
 .text.calculate_anchor_geometry
                0x00003c50      0x2f8 Output/nrf52832_xxaa/Obj/ss_twr_init/utils.o
                0x00003c50                calculate_anchor_geometry
 .text.get_rx_timestamp_u64
                0x00003f48       0x6e Output/nrf52832_xxaa/Obj/ss_twr_init/uwb_calib.o
                0x00003f48                get_rx_timestamp_u64
 .text.resp_msg_set_ts
                0x00003fb6       0x54 Output/nrf52832_xxaa/Obj/ss_twr_init/uwb_calib.o
                0x00003fb6                resp_msg_set_ts
 .text.uwb_calib_init
                0x0000400a       0x1c Output/nrf52832_xxaa/Obj/ss_twr_init/uwb_calib.o
                0x0000400a                uwb_calib_init
 *fill*         0x00004026        0x2 
 .text.measure_inter_anchor_tof
                0x00004028      0x208 Output/nrf52832_xxaa/Obj/ss_twr_init/uwb_calib.o
                0x00004028                measure_inter_anchor_tof
 .text.serve_as_inter_anchor_responder
                0x00004230      0x1a0 Output/nrf52832_xxaa/Obj/ss_twr_init/uwb_calib.o
                0x00004230                serve_as_inter_anchor_responder
 .text.dwt_initialise
                0x000043d0      0x184 Output/nrf52832_xxaa/Obj/ss_twr_init/deca_device.o
                0x000043d0                dwt_initialise
 .text.dwt_readdevid
                0x00004554       0x10 Output/nrf52832_xxaa/Obj/ss_twr_init/deca_device.o
                0x00004554                dwt_readdevid
 .text.dwt_configure
                0x00004564      0x304 Output/nrf52832_xxaa/Obj/ss_twr_init/deca_device.o
                0x00004564                dwt_configure
 .text.dwt_setrxantennadelay
                0x00004868       0x22 Output/nrf52832_xxaa/Obj/ss_twr_init/deca_device.o
                0x00004868                dwt_setrxantennadelay
 .text.dwt_settxantennadelay
                0x0000488a       0x20 Output/nrf52832_xxaa/Obj/ss_twr_init/deca_device.o
                0x0000488a                dwt_settxantennadelay
 .text.dwt_writetxdata
                0x000048aa       0x46 Output/nrf52832_xxaa/Obj/ss_twr_init/deca_device.o
                0x000048aa                dwt_writetxdata
 .text.dwt_writetxfctrl
                0x000048f0       0x44 Output/nrf52832_xxaa/Obj/ss_twr_init/deca_device.o
                0x000048f0                dwt_writetxfctrl
 .text.dwt_readrxdata
                0x00004934       0x2a Output/nrf52832_xxaa/Obj/ss_twr_init/deca_device.o
                0x00004934                dwt_readrxdata
 .text.dwt_readcarrierintegrator
                0x0000495e       0x60 Output/nrf52832_xxaa/Obj/ss_twr_init/deca_device.o
                0x0000495e                dwt_readcarrierintegrator
 .text.dwt_readtxtimestamplo32
                0x000049be       0x10 Output/nrf52832_xxaa/Obj/ss_twr_init/deca_device.o
                0x000049be                dwt_readtxtimestamplo32
 .text.dwt_readrxtimestamp
                0x000049ce       0x1a Output/nrf52832_xxaa/Obj/ss_twr_init/deca_device.o
                0x000049ce                dwt_readrxtimestamp
 .text.dwt_readrxtimestamplo32
                0x000049e8       0x10 Output/nrf52832_xxaa/Obj/ss_twr_init/deca_device.o
                0x000049e8                dwt_readrxtimestamplo32
 .text.dwt_writetodevice
                0x000049f8       0xbc Output/nrf52832_xxaa/Obj/ss_twr_init/deca_device.o
                0x000049f8                dwt_writetodevice
 .text.dwt_readfromdevice
                0x00004ab4       0xb6 Output/nrf52832_xxaa/Obj/ss_twr_init/deca_device.o
                0x00004ab4                dwt_readfromdevice
 .text.dwt_read32bitoffsetreg
                0x00004b6a       0x48 Output/nrf52832_xxaa/Obj/ss_twr_init/deca_device.o
                0x00004b6a                dwt_read32bitoffsetreg
 .text.dwt_read16bitoffsetreg
                0x00004bb2       0x3c Output/nrf52832_xxaa/Obj/ss_twr_init/deca_device.o
                0x00004bb2                dwt_read16bitoffsetreg
 .text.dwt_read8bitoffsetreg
                0x00004bee       0x26 Output/nrf52832_xxaa/Obj/ss_twr_init/deca_device.o
                0x00004bee                dwt_read8bitoffsetreg
 .text.dwt_write8bitoffsetreg
                0x00004c14       0x28 Output/nrf52832_xxaa/Obj/ss_twr_init/deca_device.o
                0x00004c14                dwt_write8bitoffsetreg
 .text.dwt_write16bitoffsetreg
                0x00004c3c       0x3e Output/nrf52832_xxaa/Obj/ss_twr_init/deca_device.o
                0x00004c3c                dwt_write16bitoffsetreg
 .text.dwt_write32bitoffsetreg
                0x00004c7a       0x48 Output/nrf52832_xxaa/Obj/ss_twr_init/deca_device.o
                0x00004c7a                dwt_write32bitoffsetreg
 .text._dwt_otpread
                0x00004cc2       0x3c Output/nrf52832_xxaa/Obj/ss_twr_init/deca_device.o
                0x00004cc2                _dwt_otpread
 .text._dwt_aonarrayupload
                0x00004cfe       0x1a Output/nrf52832_xxaa/Obj/ss_twr_init/deca_device.o
                0x00004cfe                _dwt_aonarrayupload
 .text._dwt_configlde
                0x00004d18       0x3e Output/nrf52832_xxaa/Obj/ss_twr_init/deca_device.o
                0x00004d18                _dwt_configlde
 .text._dwt_loaducodefromrom
                0x00004d56       0x24 Output/nrf52832_xxaa/Obj/ss_twr_init/deca_device.o
                0x00004d56                _dwt_loaducodefromrom
 .text.dwt_setrxaftertxdelay
                0x00004d7a       0x36 Output/nrf52832_xxaa/Obj/ss_twr_init/deca_device.o
                0x00004d7a                dwt_setrxaftertxdelay
 .text._dwt_enableclocks
                0x00004db0      0x158 Output/nrf52832_xxaa/Obj/ss_twr_init/deca_device.o
                0x00004db0                _dwt_enableclocks
 .text._dwt_disablesequencing
                0x00004f08       0x16 Output/nrf52832_xxaa/Obj/ss_twr_init/deca_device.o
                0x00004f08                _dwt_disablesequencing
 .text.dwt_setdelayedtrxtime
                0x00004f1e       0x18 Output/nrf52832_xxaa/Obj/ss_twr_init/deca_device.o
                0x00004f1e                dwt_setdelayedtrxtime
 *fill*         0x00004f36        0x2 
 .text.dwt_starttx
                0x00004f38       0xd4 Output/nrf52832_xxaa/Obj/ss_twr_init/deca_device.o
                0x00004f38                dwt_starttx
 .text.dwt_forcetrxoff
                0x0000500c       0x60 Output/nrf52832_xxaa/Obj/ss_twr_init/deca_device.o
                0x0000500c                dwt_forcetrxoff
 .text.dwt_syncrxbufptrs
                0x0000506c       0x38 Output/nrf52832_xxaa/Obj/ss_twr_init/deca_device.o
                0x0000506c                dwt_syncrxbufptrs
 .text.dwt_rxenable
                0x000050a4       0x8e Output/nrf52832_xxaa/Obj/ss_twr_init/deca_device.o
                0x000050a4                dwt_rxenable
 *fill*         0x00005132        0x2 
 .text.dwt_setrxtimeout
                0x00005134       0x90 Output/nrf52832_xxaa/Obj/ss_twr_init/deca_device.o
                0x00005134                dwt_setrxtimeout
 .text.dwt_rxreset
                0x000051c4       0x1a Output/nrf52832_xxaa/Obj/ss_twr_init/deca_device.o
                0x000051c4                dwt_rxreset
 *fill*         0x000051de        0x2 
 .text.dwt_softreset
                0x000051e0       0x48 Output/nrf52832_xxaa/Obj/ss_twr_init/deca_device.o
                0x000051e0                dwt_softreset
 .text.dwt_setxtaltrim
                0x00005228       0x34 Output/nrf52832_xxaa/Obj/ss_twr_init/deca_device.o
                0x00005228                dwt_setxtaltrim
 .text.nrf_gpio_pin_port_decode
                0x0000525c        0xe Output/nrf52832_xxaa/Obj/ss_twr_init/port_platform.o
 .text.nrf_gpio_cfg
                0x0000526a       0x62 Output/nrf52832_xxaa/Obj/ss_twr_init/port_platform.o
 .text.nrf_gpio_cfg_output
                0x000052cc       0x22 Output/nrf52832_xxaa/Obj/ss_twr_init/port_platform.o
 .text.nrf_gpio_cfg_input
                0x000052ee       0x2a Output/nrf52832_xxaa/Obj/ss_twr_init/port_platform.o
 .text.nrf_gpio_pin_clear
                0x00005318       0x28 Output/nrf52832_xxaa/Obj/ss_twr_init/port_platform.o
 .text.nrf_gpio_port_out_clear
                0x00005340       0x14 Output/nrf52832_xxaa/Obj/ss_twr_init/port_platform.o
 .text.nrf_delay_us
                0x00005354       0xa0 Output/nrf52832_xxaa/Obj/ss_twr_init/port_platform.o
 .text.nrf_delay_ms
                0x000053f4       0x1e Output/nrf52832_xxaa/Obj/ss_twr_init/port_platform.o
 *fill*         0x00005412        0x2 
 .text.spi_event_handler
                0x00005414       0x18 Output/nrf52832_xxaa/Obj/ss_twr_init/port_platform.o
                0x00005414                spi_event_handler
 .text.readfromspi
                0x0000542c      0x140 Output/nrf52832_xxaa/Obj/ss_twr_init/port_platform.o
                0x0000542c                readfromspi
 .text.writetospi
                0x0000556c      0x12c Output/nrf52832_xxaa/Obj/ss_twr_init/port_platform.o
                0x0000556c                writetospi
 .text.reset_DW1000
                0x00005698       0x26 Output/nrf52832_xxaa/Obj/ss_twr_init/port_platform.o
                0x00005698                reset_DW1000
 *fill*         0x000056be        0x2 
 .text.port_set_dw1000_slowrate
                0x000056c0       0x48 Output/nrf52832_xxaa/Obj/ss_twr_init/port_platform.o
                0x000056c0                port_set_dw1000_slowrate
 .text.port_set_dw1000_fastrate
                0x00005708       0x4c Output/nrf52832_xxaa/Obj/ss_twr_init/port_platform.o
                0x00005708                port_set_dw1000_fastrate
 .text.deca_sleep
                0x00005754       0x14 Output/nrf52832_xxaa/Obj/ss_twr_init/port_platform.o
                0x00005754                deca_sleep
 .text.decamutexon
                0x00005768        0x6 Output/nrf52832_xxaa/Obj/ss_twr_init/port_platform.o
                0x00005768                decamutexon
 .text.decamutexoff
                0x0000576e        0xa Output/nrf52832_xxaa/Obj/ss_twr_init/port_platform.o
                0x0000576e                decamutexoff
 .text.pvPortMalloc
                0x00005778       0x88 Output/nrf52832_xxaa/Obj/ss_twr_init/heap_1.o
                0x00005778                pvPortMalloc
 .text.vPortFree
                0x00005800        0xa Output/nrf52832_xxaa/Obj/ss_twr_init/heap_1.o
                0x00005800                vPortFree
 .text.vListInitialise
                0x0000580a       0x36 Output/nrf52832_xxaa/Obj/ss_twr_init/list.o
                0x0000580a                vListInitialise
 .text.vListInitialiseItem
                0x00005840       0x10 Output/nrf52832_xxaa/Obj/ss_twr_init/list.o
                0x00005840                vListInitialiseItem
 .text.vListInsertEnd
                0x00005850       0x3e Output/nrf52832_xxaa/Obj/ss_twr_init/list.o
                0x00005850                vListInsertEnd
 .text.vListInsert
                0x0000588e       0x68 Output/nrf52832_xxaa/Obj/ss_twr_init/list.o
                0x0000588e                vListInsert
 .text.uxListRemove
                0x000058f6       0x4a Output/nrf52832_xxaa/Obj/ss_twr_init/list.o
                0x000058f6                uxListRemove
 .text.vPortStartFirstTask
                0x00005940       0x20 Output/nrf52832_xxaa/Obj/ss_twr_init/port.o
                0x00005940                vPortStartFirstTask
 .text.SVC_Handler
                0x00005960       0x24 Output/nrf52832_xxaa/Obj/ss_twr_init/port.o
                0x00005960                SVC_Handler
 .text.PendSV_Handler
                0x00005984       0x64 Output/nrf52832_xxaa/Obj/ss_twr_init/port.o
                0x00005984                PendSV_Handler
 .text.__NVIC_SetPriority
                0x000059e8       0x50 Output/nrf52832_xxaa/Obj/ss_twr_init/port_cmsis.o
 .text.pxPortInitialiseStack
                0x00005a38       0x60 Output/nrf52832_xxaa/Obj/ss_twr_init/port_cmsis.o
                0x00005a38                pxPortInitialiseStack
 .text.prvTaskExitError
                0x00005a98       0x10 Output/nrf52832_xxaa/Obj/ss_twr_init/port_cmsis.o
 .text.xPortStartScheduler
                0x00005aa8       0x4c Output/nrf52832_xxaa/Obj/ss_twr_init/port_cmsis.o
                0x00005aa8                xPortStartScheduler
 .text.vPortEnterCritical
                0x00005af4       0x24 Output/nrf52832_xxaa/Obj/ss_twr_init/port_cmsis.o
                0x00005af4                vPortEnterCritical
 .text.vPortExitCritical
                0x00005b18       0x2c Output/nrf52832_xxaa/Obj/ss_twr_init/port_cmsis.o
                0x00005b18                vPortExitCritical
 .text.vPortEnableVFP
                0x00005b44       0x18 Output/nrf52832_xxaa/Obj/ss_twr_init/port_cmsis.o
 .text.__NVIC_EnableIRQ
                0x00005b5c       0x34 Output/nrf52832_xxaa/Obj/ss_twr_init/port_cmsis_systick.o
 .text.__NVIC_SetPriority
                0x00005b90       0x50 Output/nrf52832_xxaa/Obj/ss_twr_init/port_cmsis_systick.o
 .text.ulPortRaiseBASEPRI
                0x00005be0       0x20 Output/nrf52832_xxaa/Obj/ss_twr_init/port_cmsis_systick.o
 .text.nrf_rtc_int_enable
                0x00005c00       0x14 Output/nrf52832_xxaa/Obj/ss_twr_init/port_cmsis_systick.o
 .text.nrf_rtc_event_clear
                0x00005c14       0x2a Output/nrf52832_xxaa/Obj/ss_twr_init/port_cmsis_systick.o
 .text.nrf_rtc_counter_get
                0x00005c3e       0x10 Output/nrf52832_xxaa/Obj/ss_twr_init/port_cmsis_systick.o
 .text.nrf_rtc_prescaler_set
                0x00005c4e       0x14 Output/nrf52832_xxaa/Obj/ss_twr_init/port_cmsis_systick.o
 .text.nrf_rtc_task_trigger
                0x00005c62       0x1e Output/nrf52832_xxaa/Obj/ss_twr_init/port_cmsis_systick.o
 .text.nrf_rtc_event_enable
                0x00005c80       0x14 Output/nrf52832_xxaa/Obj/ss_twr_init/port_cmsis_systick.o
 .text.RTC1_IRQHandler
                0x00005c94       0x88 Output/nrf52832_xxaa/Obj/ss_twr_init/port_cmsis_systick.o
                0x00005c94                RTC1_IRQHandler
 .text.vPortSetupTimerInterrupt
                0x00005d1c       0x48 Output/nrf52832_xxaa/Obj/ss_twr_init/port_cmsis_systick.o
                0x00005d1c                vPortSetupTimerInterrupt
 .text.ulPortRaiseBASEPRI
                0x00005d64       0x20 Output/nrf52832_xxaa/Obj/ss_twr_init/queue.o
 .text.xQueueGenericReset
                0x00005d84       0xb8 Output/nrf52832_xxaa/Obj/ss_twr_init/queue.o
                0x00005d84                xQueueGenericReset
 .text.xQueueGenericCreate
                0x00005e3c       0x7a Output/nrf52832_xxaa/Obj/ss_twr_init/queue.o
                0x00005e3c                xQueueGenericCreate
 *fill*         0x00005eb6        0x2 
 .text.xQueueGenericSend
                0x00005eb8      0x154 Output/nrf52832_xxaa/Obj/ss_twr_init/queue.o
                0x00005eb8                xQueueGenericSend
 .text.xQueueGenericSendFromISR
                0x0000600c       0x8c Output/nrf52832_xxaa/Obj/ss_twr_init/queue.o
                0x0000600c                xQueueGenericSendFromISR
 .text.xQueueGenericReceive
                0x00006098      0x1a0 Output/nrf52832_xxaa/Obj/ss_twr_init/queue.o
                0x00006098                xQueueGenericReceive
 .text.prvCopyDataToQueue
                0x00006238       0xd4 Output/nrf52832_xxaa/Obj/ss_twr_init/queue.o
 .text.prvCopyDataFromQueue
                0x0000630c       0x4a Output/nrf52832_xxaa/Obj/ss_twr_init/queue.o
 .text.prvUnlockQueue
                0x00006356       0x96 Output/nrf52832_xxaa/Obj/ss_twr_init/queue.o
 .text.prvIsQueueEmpty
                0x000063ec       0x2a Output/nrf52832_xxaa/Obj/ss_twr_init/queue.o
 .text.prvIsQueueFull
                0x00006416       0x2e Output/nrf52832_xxaa/Obj/ss_twr_init/queue.o
 .text.vQueueAddToRegistry
                0x00006444       0x48 Output/nrf52832_xxaa/Obj/ss_twr_init/queue.o
                0x00006444                vQueueAddToRegistry
 .text.vQueueWaitForMessageRestricted
                0x0000648c       0x56 Output/nrf52832_xxaa/Obj/ss_twr_init/queue.o
                0x0000648c                vQueueWaitForMessageRestricted
 *fill*         0x000064e2        0x2 
 .text.xTaskGenericCreate
                0x000064e4      0x154 Output/nrf52832_xxaa/Obj/ss_twr_init/tasks.o
                0x000064e4                xTaskGenericCreate
 .text.vTaskDelay
                0x00006638       0x68 Output/nrf52832_xxaa/Obj/ss_twr_init/tasks.o
                0x00006638                vTaskDelay
 .text.vTaskStartScheduler
                0x000066a0       0x6c Output/nrf52832_xxaa/Obj/ss_twr_init/tasks.o
                0x000066a0                vTaskStartScheduler
 .text.vTaskSuspendAll
                0x0000670c       0x14 Output/nrf52832_xxaa/Obj/ss_twr_init/tasks.o
                0x0000670c                vTaskSuspendAll
 .text.xTaskResumeAll
                0x00006720      0x110 Output/nrf52832_xxaa/Obj/ss_twr_init/tasks.o
                0x00006720                xTaskResumeAll
 .text.xTaskGetTickCount
                0x00006830       0x14 Output/nrf52832_xxaa/Obj/ss_twr_init/tasks.o
                0x00006830                xTaskGetTickCount
 .text.xTaskIncrementTick
                0x00006844      0x13c Output/nrf52832_xxaa/Obj/ss_twr_init/tasks.o
                0x00006844                xTaskIncrementTick
 .text.vTaskSwitchContext
                0x00006980       0x90 Output/nrf52832_xxaa/Obj/ss_twr_init/tasks.o
                0x00006980                vTaskSwitchContext
 .text.vTaskPlaceOnEventList
                0x00006a10       0x60 Output/nrf52832_xxaa/Obj/ss_twr_init/tasks.o
                0x00006a10                vTaskPlaceOnEventList
 .text.vTaskPlaceOnEventListRestricted
                0x00006a70       0x44 Output/nrf52832_xxaa/Obj/ss_twr_init/tasks.o
                0x00006a70                vTaskPlaceOnEventListRestricted
 .text.xTaskRemoveFromEventList
                0x00006ab4       0xa8 Output/nrf52832_xxaa/Obj/ss_twr_init/tasks.o
                0x00006ab4                xTaskRemoveFromEventList
 .text.vTaskSetTimeOutState
                0x00006b5c       0x24 Output/nrf52832_xxaa/Obj/ss_twr_init/tasks.o
                0x00006b5c                vTaskSetTimeOutState
 .text.xTaskCheckForTimeOut
                0x00006b80       0x88 Output/nrf52832_xxaa/Obj/ss_twr_init/tasks.o
                0x00006b80                xTaskCheckForTimeOut
 .text.vTaskMissedYield
                0x00006c08       0x10 Output/nrf52832_xxaa/Obj/ss_twr_init/tasks.o
                0x00006c08                vTaskMissedYield
 .text.prvIdleTask
                0x00006c18       0x34 Output/nrf52832_xxaa/Obj/ss_twr_init/tasks.o
 .text.prvInitialiseTCBVariables
                0x00006c4c       0xa6 Output/nrf52832_xxaa/Obj/ss_twr_init/tasks.o
 *fill*         0x00006cf2        0x2 
 .text.prvInitialiseTaskLists
                0x00006cf4       0x7c Output/nrf52832_xxaa/Obj/ss_twr_init/tasks.o
 .text.prvCheckTasksWaitingTermination
                0x00006d70       0x78 Output/nrf52832_xxaa/Obj/ss_twr_init/tasks.o
 .text.prvAddCurrentTaskToDelayedList
                0x00006de8       0x6c Output/nrf52832_xxaa/Obj/ss_twr_init/tasks.o
 .text.prvAllocateTCBAndStack
                0x00006e54       0x70 Output/nrf52832_xxaa/Obj/ss_twr_init/tasks.o
 .text.prvDeleteTCB
                0x00006ec4       0x1e Output/nrf52832_xxaa/Obj/ss_twr_init/tasks.o
 *fill*         0x00006ee2        0x2 
 .text.prvResetNextTaskUnblockTime
                0x00006ee4       0x40 Output/nrf52832_xxaa/Obj/ss_twr_init/tasks.o
 .text.xTaskGetSchedulerState
                0x00006f24       0x34 Output/nrf52832_xxaa/Obj/ss_twr_init/tasks.o
                0x00006f24                xTaskGetSchedulerState
 .text.vTaskPriorityInherit
                0x00006f58       0xbc Output/nrf52832_xxaa/Obj/ss_twr_init/tasks.o
                0x00006f58                vTaskPriorityInherit
 .text.xTaskPriorityDisinherit
                0x00007014       0x98 Output/nrf52832_xxaa/Obj/ss_twr_init/tasks.o
                0x00007014                xTaskPriorityDisinherit
 .text.pvTaskIncrementMutexHeldCount
                0x000070ac       0x20 Output/nrf52832_xxaa/Obj/ss_twr_init/tasks.o
                0x000070ac                pvTaskIncrementMutexHeldCount
 .text.xTimerCreateTimerTask
                0x000070cc       0x4c Output/nrf52832_xxaa/Obj/ss_twr_init/timers.o
                0x000070cc                xTimerCreateTimerTask
 .text.xTimerCreate
                0x00007118       0x5c Output/nrf52832_xxaa/Obj/ss_twr_init/timers.o
                0x00007118                xTimerCreate
 .text.xTimerGenericCommand
                0x00007174       0x78 Output/nrf52832_xxaa/Obj/ss_twr_init/timers.o
                0x00007174                xTimerGenericCommand
 .text.prvProcessExpiredTimer
                0x000071ec       0x64 Output/nrf52832_xxaa/Obj/ss_twr_init/timers.o
 .text.prvTimerTask
                0x00007250       0x20 Output/nrf52832_xxaa/Obj/ss_twr_init/timers.o
 .text.prvProcessTimerOrBlockTask
                0x00007270       0x80 Output/nrf52832_xxaa/Obj/ss_twr_init/timers.o
 .text.prvGetNextExpireTime
                0x000072f0       0x40 Output/nrf52832_xxaa/Obj/ss_twr_init/timers.o
 .text.prvSampleTimeNow
                0x00007330       0x3c Output/nrf52832_xxaa/Obj/ss_twr_init/timers.o
 .text.prvInsertTimerInActiveList
                0x0000736c       0x84 Output/nrf52832_xxaa/Obj/ss_twr_init/timers.o
 .text.prvProcessReceivedCommands
                0x000073f0      0x104 Output/nrf52832_xxaa/Obj/ss_twr_init/timers.o
 .text.prvSwitchTimerLists
                0x000074f4       0xa4 Output/nrf52832_xxaa/Obj/ss_twr_init/timers.o
 .text.prvCheckForValidListAndQueue
                0x00007598       0x6c Output/nrf52832_xxaa/Obj/ss_twr_init/timers.o
 .text.__NVIC_SystemReset
                0x00007604       0x28 Output/nrf52832_xxaa/Obj/ss_twr_init/system_nrf52.o
 .text.SystemCoreClockUpdate
                0x0000762c       0x14 Output/nrf52832_xxaa/Obj/ss_twr_init/system_nrf52.o
                0x0000762c                SystemCoreClockUpdate
 .text.SystemInit
                0x00007640      0x2c0 Output/nrf52832_xxaa/Obj/ss_twr_init/system_nrf52.o
                0x00007640                SystemInit
 .text.errata_12
                0x00007900       0x58 Output/nrf52832_xxaa/Obj/ss_twr_init/system_nrf52.o
 .text.errata_16
                0x00007958       0x38 Output/nrf52832_xxaa/Obj/ss_twr_init/system_nrf52.o
 .text.errata_31
                0x00007990       0x58 Output/nrf52832_xxaa/Obj/ss_twr_init/system_nrf52.o
 .text.errata_32
                0x000079e8       0x38 Output/nrf52832_xxaa/Obj/ss_twr_init/system_nrf52.o
 .text.errata_36
                0x00007a20       0x58 Output/nrf52832_xxaa/Obj/ss_twr_init/system_nrf52.o
 .text.errata_37
                0x00007a78       0x38 Output/nrf52832_xxaa/Obj/ss_twr_init/system_nrf52.o
 .text.errata_57
                0x00007ab0       0x38 Output/nrf52832_xxaa/Obj/ss_twr_init/system_nrf52.o
 .text.errata_66
                0x00007ae8       0x38 Output/nrf52832_xxaa/Obj/ss_twr_init/system_nrf52.o
 .text.errata_108
                0x00007b20       0x58 Output/nrf52832_xxaa/Obj/ss_twr_init/system_nrf52.o
 .text.errata_136
                0x00007b78       0x58 Output/nrf52832_xxaa/Obj/ss_twr_init/system_nrf52.o
 .text.nrf_clock_int_enable
                0x00007bd0       0x14 Output/nrf52832_xxaa/Obj/ss_twr_init/nrf_drv_clock.o
 .text.nrf_clock_int_disable
                0x00007be4       0x14 Output/nrf52832_xxaa/Obj/ss_twr_init/nrf_drv_clock.o
 .text.nrf_clock_task_trigger
                0x00007bf8       0x1a Output/nrf52832_xxaa/Obj/ss_twr_init/nrf_drv_clock.o
 .text.nrf_clock_event_clear
                0x00007c12       0x28 Output/nrf52832_xxaa/Obj/ss_twr_init/nrf_drv_clock.o
 .text.nrf_clock_event_check
                0x00007c3a       0x22 Output/nrf52832_xxaa/Obj/ss_twr_init/nrf_drv_clock.o
 .text.lfclk_start
                0x00007c5c       0x1a Output/nrf52832_xxaa/Obj/ss_twr_init/nrf_drv_clock.o
 .text.item_enqueue
                0x00007c76       0x38 Output/nrf52832_xxaa/Obj/ss_twr_init/nrf_drv_clock.o
 .text.item_dequeue
                0x00007cae       0x20 Output/nrf52832_xxaa/Obj/ss_twr_init/nrf_drv_clock.o
 *fill*         0x00007cce        0x2 
 .text.nrf_drv_clock_lfclk_request
                0x00007cd0       0x78 Output/nrf52832_xxaa/Obj/ss_twr_init/nrf_drv_clock.o
                0x00007cd0                nrf_drv_clock_lfclk_request
 .text.clock_clk_started_notify
                0x00007d48       0x4c Output/nrf52832_xxaa/Obj/ss_twr_init/nrf_drv_clock.o
 .text.POWER_CLOCK_IRQHandler
                0x00007d94       0x5c Output/nrf52832_xxaa/Obj/ss_twr_init/nrf_drv_clock.o
                0x00007d94                POWER_CLOCK_IRQHandler
 .text.__NVIC_EnableIRQ
                0x00007df0       0x34 Output/nrf52832_xxaa/Obj/ss_twr_init/nrf_drv_common.o
 .text.__NVIC_ClearPendingIRQ
                0x00007e24       0x38 Output/nrf52832_xxaa/Obj/ss_twr_init/nrf_drv_common.o
 .text.__NVIC_SetPriority
                0x00007e5c       0x50 Output/nrf52832_xxaa/Obj/ss_twr_init/nrf_drv_common.o
 .text.nrf_drv_common_irq_enable
                0x00007eac       0x3e Output/nrf52832_xxaa/Obj/ss_twr_init/nrf_drv_common.o
                0x00007eac                nrf_drv_common_irq_enable
 .text.nrf_gpiote_event_is_set
                0x00007eea       0x2a Output/nrf52832_xxaa/Obj/ss_twr_init/nrf_drv_gpiote.o
 .text.nrf_gpiote_event_clear
                0x00007f14       0x36 Output/nrf52832_xxaa/Obj/ss_twr_init/nrf_drv_gpiote.o
 .text.nrf_gpiote_event_addr_get
                0x00007f4a       0x1a Output/nrf52832_xxaa/Obj/ss_twr_init/nrf_drv_gpiote.o
 .text.nrf_gpiote_int_is_enabled
                0x00007f64       0x18 Output/nrf52832_xxaa/Obj/ss_twr_init/nrf_drv_gpiote.o
 .text.nrf_gpiote_event_pin_get
                0x00007f7c       0x20 Output/nrf52832_xxaa/Obj/ss_twr_init/nrf_drv_gpiote.o
 .text.nrf_gpiote_event_polarity_get
                0x00007f9c       0x24 Output/nrf52832_xxaa/Obj/ss_twr_init/nrf_drv_gpiote.o
 .text.nrf_gpio_pin_port_decode
                0x00007fc0        0xe Output/nrf52832_xxaa/Obj/ss_twr_init/nrf_drv_gpiote.o
 .text.nrf_gpio_cfg_sense_set
                0x00007fce       0x5a Output/nrf52832_xxaa/Obj/ss_twr_init/nrf_drv_gpiote.o
 .text.nrf_gpio_pin_sense_get
                0x00008028       0x2c Output/nrf52832_xxaa/Obj/ss_twr_init/nrf_drv_gpiote.o
 .text.nrf_gpio_port_in_read
                0x00008054       0x10 Output/nrf52832_xxaa/Obj/ss_twr_init/nrf_drv_gpiote.o
 .text.nrf_gpio_ports_read
                0x00008064       0x50 Output/nrf52832_xxaa/Obj/ss_twr_init/nrf_drv_gpiote.o
 .text.nrf_bitmask_bit_is_set
                0x000080b4       0x30 Output/nrf52832_xxaa/Obj/ss_twr_init/nrf_drv_gpiote.o
 .text.nrf_bitmask_bit_set
                0x000080e4       0x40 Output/nrf52832_xxaa/Obj/ss_twr_init/nrf_drv_gpiote.o
 .text.channel_port_get
                0x00008124       0x1c Output/nrf52832_xxaa/Obj/ss_twr_init/nrf_drv_gpiote.o
 .text.channel_handler_get
                0x00008140       0x18 Output/nrf52832_xxaa/Obj/ss_twr_init/nrf_drv_gpiote.o
 .text.GPIOTE_IRQHandler
                0x00008158      0x2e0 Output/nrf52832_xxaa/Obj/ss_twr_init/nrf_drv_gpiote.o
                0x00008158                GPIOTE_IRQHandler
 .text.__NVIC_DisableIRQ
                0x00008438       0x44 Output/nrf52832_xxaa/Obj/ss_twr_init/nrf_drv_spi.o
 .text.nrf_spi_event_clear
                0x0000847c       0x2a Output/nrf52832_xxaa/Obj/ss_twr_init/nrf_drv_spi.o
 .text.nrf_spi_event_check
                0x000084a6       0x24 Output/nrf52832_xxaa/Obj/ss_twr_init/nrf_drv_spi.o
 .text.nrf_spi_int_enable
                0x000084ca       0x14 Output/nrf52832_xxaa/Obj/ss_twr_init/nrf_drv_spi.o
 .text.nrf_spi_int_disable
                0x000084de       0x14 Output/nrf52832_xxaa/Obj/ss_twr_init/nrf_drv_spi.o
 .text.nrf_spi_enable
                0x000084f2       0x12 Output/nrf52832_xxaa/Obj/ss_twr_init/nrf_drv_spi.o
 .text.nrf_spi_disable
                0x00008504       0x12 Output/nrf52832_xxaa/Obj/ss_twr_init/nrf_drv_spi.o
 .text.nrf_spi_pins_set
                0x00008516       0x28 Output/nrf52832_xxaa/Obj/ss_twr_init/nrf_drv_spi.o
 .text.nrf_spi_txd_set
                0x0000853e       0x1a Output/nrf52832_xxaa/Obj/ss_twr_init/nrf_drv_spi.o
 .text.nrf_spi_rxd_get
                0x00008558       0x12 Output/nrf52832_xxaa/Obj/ss_twr_init/nrf_drv_spi.o
 .text.nrf_spi_frequency_set
                0x0000856a       0x14 Output/nrf52832_xxaa/Obj/ss_twr_init/nrf_drv_spi.o
 .text.nrf_spi_configure
                0x0000857e       0x64 Output/nrf52832_xxaa/Obj/ss_twr_init/nrf_drv_spi.o
 .text.nrf_drv_common_irq_disable
                0x000085e2       0x1c Output/nrf52832_xxaa/Obj/ss_twr_init/nrf_drv_spi.o
 .text.nrf_gpio_pin_port_decode
                0x000085fe        0xe Output/nrf52832_xxaa/Obj/ss_twr_init/nrf_drv_spi.o
 .text.nrf_gpio_cfg
                0x0000860c       0x62 Output/nrf52832_xxaa/Obj/ss_twr_init/nrf_drv_spi.o
 .text.nrf_gpio_cfg_output
                0x0000866e       0x22 Output/nrf52832_xxaa/Obj/ss_twr_init/nrf_drv_spi.o
 .text.nrf_gpio_cfg_input
                0x00008690       0x2a Output/nrf52832_xxaa/Obj/ss_twr_init/nrf_drv_spi.o
 .text.nrf_gpio_pin_set
                0x000086ba       0x28 Output/nrf52832_xxaa/Obj/ss_twr_init/nrf_drv_spi.o
 .text.nrf_gpio_pin_clear
                0x000086e2       0x28 Output/nrf52832_xxaa/Obj/ss_twr_init/nrf_drv_spi.o
 .text.nrf_gpio_port_out_set
                0x0000870a       0x14 Output/nrf52832_xxaa/Obj/ss_twr_init/nrf_drv_spi.o
 .text.nrf_gpio_port_out_clear
                0x0000871e       0x14 Output/nrf52832_xxaa/Obj/ss_twr_init/nrf_drv_spi.o
 *fill*         0x00008732        0x2 
 .text.nrf_drv_spi_init
                0x00008734      0x188 Output/nrf52832_xxaa/Obj/ss_twr_init/nrf_drv_spi.o
                0x00008734                nrf_drv_spi_init
 .text.nrf_drv_spi_uninit
                0x000088bc       0x60 Output/nrf52832_xxaa/Obj/ss_twr_init/nrf_drv_spi.o
                0x000088bc                nrf_drv_spi_uninit
 .text.nrf_drv_spi_transfer
                0x0000891c       0x3e Output/nrf52832_xxaa/Obj/ss_twr_init/nrf_drv_spi.o
                0x0000891c                nrf_drv_spi_transfer
 .text.finish_transfer
                0x0000895a       0x3e Output/nrf52832_xxaa/Obj/ss_twr_init/nrf_drv_spi.o
 .text.transfer_byte
                0x00008998      0x106 Output/nrf52832_xxaa/Obj/ss_twr_init/nrf_drv_spi.o
 .text.spi_xfer
                0x00008a9e       0xca Output/nrf52832_xxaa/Obj/ss_twr_init/nrf_drv_spi.o
 .text.nrf_drv_spi_xfer
                0x00008b68       0xc4 Output/nrf52832_xxaa/Obj/ss_twr_init/nrf_drv_spi.o
                0x00008b68                nrf_drv_spi_xfer
 .text.irq_handler_spi
                0x00008c2c       0x34 Output/nrf52832_xxaa/Obj/ss_twr_init/nrf_drv_spi.o
 .text.SPIM1_SPIS1_TWIM1_TWIS1_SPI1_TWI1_IRQHandler
                0x00008c60       0x20 Output/nrf52832_xxaa/Obj/ss_twr_init/nrf_drv_spi.o
                0x00008c60                SPIM1_SPIS1_TWIM1_TWIS1_SPI1_TWI1_IRQHandler
 .text.nrf_uart_event_clear
                0x00008c80       0x2a Output/nrf52832_xxaa/Obj/ss_twr_init/nrf_drv_uart.o
 .text.nrf_uart_event_check
                0x00008caa       0x24 Output/nrf52832_xxaa/Obj/ss_twr_init/nrf_drv_uart.o
 .text.nrf_uart_int_enable_check
                0x00008cce       0x20 Output/nrf52832_xxaa/Obj/ss_twr_init/nrf_drv_uart.o
 .text.nrf_uart_int_disable
                0x00008cee       0x14 Output/nrf52832_xxaa/Obj/ss_twr_init/nrf_drv_uart.o
 .text.nrf_uart_errorsrc_get_and_clear
                0x00008d02       0x1c Output/nrf52832_xxaa/Obj/ss_twr_init/nrf_drv_uart.o
 .text.nrf_uart_rxd_get
                0x00008d1e       0x12 Output/nrf52832_xxaa/Obj/ss_twr_init/nrf_drv_uart.o
 .text.nrf_uart_txd_set
                0x00008d30       0x1a Output/nrf52832_xxaa/Obj/ss_twr_init/nrf_drv_uart.o
 .text.nrf_uart_task_trigger
                0x00008d4a       0x1c Output/nrf52832_xxaa/Obj/ss_twr_init/nrf_drv_uart.o
 .text.nrf_uarte_event_clear
                0x00008d66       0x2a Output/nrf52832_xxaa/Obj/ss_twr_init/nrf_drv_uart.o
 .text.nrf_uarte_event_check
                0x00008d90       0x24 Output/nrf52832_xxaa/Obj/ss_twr_init/nrf_drv_uart.o
 .text.nrf_uarte_shorts_disable
                0x00008db4       0x1e Output/nrf52832_xxaa/Obj/ss_twr_init/nrf_drv_uart.o
 .text.nrf_uarte_errorsrc_get_and_clear
                0x00008dd2       0x1c Output/nrf52832_xxaa/Obj/ss_twr_init/nrf_drv_uart.o
 .text.nrf_uarte_tx_amount_get
                0x00008dee       0x10 Output/nrf52832_xxaa/Obj/ss_twr_init/nrf_drv_uart.o
 .text.nrf_uarte_rx_amount_get
                0x00008dfe       0x10 Output/nrf52832_xxaa/Obj/ss_twr_init/nrf_drv_uart.o
 .text.tx_byte  0x00008e0e       0x46 Output/nrf52832_xxaa/Obj/ss_twr_init/nrf_drv_uart.o
 .text.rx_byte  0x00008e54       0x54 Output/nrf52832_xxaa/Obj/ss_twr_init/nrf_drv_uart.o
 .text.rx_done_event
                0x00008ea8       0x36 Output/nrf52832_xxaa/Obj/ss_twr_init/nrf_drv_uart.o
 .text.tx_done_event
                0x00008ede       0x3c Output/nrf52832_xxaa/Obj/ss_twr_init/nrf_drv_uart.o
 .text.uart_irq_handler
                0x00008f1a      0x1d2 Output/nrf52832_xxaa/Obj/ss_twr_init/nrf_drv_uart.o
 .text.uarte_irq_handler
                0x000090ec      0x160 Output/nrf52832_xxaa/Obj/ss_twr_init/nrf_drv_uart.o
 .text.UARTE0_UART0_IRQHandler
                0x0000924c       0x28 Output/nrf52832_xxaa/Obj/ss_twr_init/nrf_drv_uart.o
                0x0000924c                UARTE0_UART0_IRQHandler
 .text.app_error_handler_bare
                0x00009274       0x2a Output/nrf52832_xxaa/Obj/ss_twr_init/app_error.o
                0x00009274                app_error_handler_bare
 *fill*         0x0000929e        0x2 
 .text.__NVIC_SystemReset
                0x000092a0       0x28 Output/nrf52832_xxaa/Obj/ss_twr_init/app_error_weak.o
 .text.app_error_fault_handler
                0x000092c8       0x20 Output/nrf52832_xxaa/Obj/ss_twr_init/app_error_weak.o
                0x000092c8                app_error_fault_handler
 .text.app_util_disable_irq
                0x000092e8       0x18 Output/nrf52832_xxaa/Obj/ss_twr_init/app_util_platform.o
                0x000092e8                app_util_disable_irq
 .text.app_util_enable_irq
                0x00009300       0x20 Output/nrf52832_xxaa/Obj/ss_twr_init/app_util_platform.o
                0x00009300                app_util_enable_irq
 .text.app_util_critical_region_enter
                0x00009320       0x12 Output/nrf52832_xxaa/Obj/ss_twr_init/app_util_platform.o
                0x00009320                app_util_critical_region_enter
 .text.app_util_critical_region_exit
                0x00009332       0x16 Output/nrf52832_xxaa/Obj/ss_twr_init/app_util_platform.o
                0x00009332                app_util_critical_region_exit
 .text._DoInit  0x00009348       0x9c Output/nrf52832_xxaa/Obj/ss_twr_init/SEGGER_RTT.o
 .text._WriteBlocking
                0x000093e4       0xb2 Output/nrf52832_xxaa/Obj/ss_twr_init/SEGGER_RTT.o
 .text._WriteNoCheck
                0x00009496       0x7e Output/nrf52832_xxaa/Obj/ss_twr_init/SEGGER_RTT.o
 .text._GetAvailWriteSpace
                0x00009514       0x3c Output/nrf52832_xxaa/Obj/ss_twr_init/SEGGER_RTT.o
 .text.SEGGER_RTT_WriteNoLock
                0x00009550       0xa0 Output/nrf52832_xxaa/Obj/ss_twr_init/SEGGER_RTT.o
                0x00009550                SEGGER_RTT_WriteNoLock
 .text.SEGGER_RTT_Write
                0x000095f0       0x3c Output/nrf52832_xxaa/Obj/ss_twr_init/SEGGER_RTT.o
                0x000095f0                SEGGER_RTT_Write
 .text.libc.putchar
                0x0000962c        0xe C:/Program Files/SEGGER/SEGGER Embedded Studio 8.24/lib/libc_v7em_fpv4_sp_d16_hard_t_le_eabi_balanced.a(fileops.o)
                0x0000962c                putchar
 .text.libc.fputc
                0x0000963a       0x22 C:/Program Files/SEGGER/SEGGER Embedded Studio 8.24/lib/libc_v7em_fpv4_sp_d16_hard_t_le_eabi_balanced.a(fileops.o)
                0x0000963a                fputc
 .text.libc.puts
                0x0000965c       0x30 C:/Program Files/SEGGER/SEGGER Embedded Studio 8.24/lib/libc_v7em_fpv4_sp_d16_hard_t_le_eabi_balanced.a(fileops.o)
                0x0000965c                puts
 .text.libc.fwrite
                0x0000968c       0x2e C:/Program Files/SEGGER/SEGGER Embedded Studio 8.24/lib/libc_v7em_fpv4_sp_d16_hard_t_le_eabi_balanced.a(fileops.o)
                0x0000968c                fwrite
 .text.libc.__SEGGER_RTL_float32_isnan
                0x000096ba       0x10 C:/Program Files/SEGGER/SEGGER Embedded Studio 8.24/lib/libc_v7em_fpv4_sp_d16_hard_t_le_eabi_balanced.a(floatops.o)
                0x000096ba                __SEGGER_RTL_float32_isnan
 .text.libc.__SEGGER_RTL_float32_isinf
                0x000096ca       0x14 C:/Program Files/SEGGER/SEGGER Embedded Studio 8.24/lib/libc_v7em_fpv4_sp_d16_hard_t_le_eabi_balanced.a(floatops.o)
                0x000096ca                __SEGGER_RTL_float32_isinf
 .text.libc.__SEGGER_RTL_float32_isnormal
                0x000096de       0x1a C:/Program Files/SEGGER/SEGGER Embedded Studio 8.24/lib/libc_v7em_fpv4_sp_d16_hard_t_le_eabi_balanced.a(floatops.o)
                0x000096de                __SEGGER_RTL_float32_isnormal
 .text.libc.__SEGGER_RTL_float32_signbit
                0x000096f8        0x8 C:/Program Files/SEGGER/SEGGER Embedded Studio 8.24/lib/libc_v7em_fpv4_sp_d16_hard_t_le_eabi_balanced.a(floatops.o)
                0x000096f8                __SEGGER_RTL_float32_signbit
 .text.libc.__SEGGER_RTL_float64_isnan
                0x00009700       0x1a C:/Program Files/SEGGER/SEGGER Embedded Studio 8.24/lib/libc_v7em_fpv4_sp_d16_hard_t_le_eabi_balanced.a(floatops.o)
                0x00009700                __SEGGER_RTL_float64_isnan
 .text.libc.__SEGGER_RTL_float64_isinf
                0x0000971a       0x1a C:/Program Files/SEGGER/SEGGER Embedded Studio 8.24/lib/libc_v7em_fpv4_sp_d16_hard_t_le_eabi_balanced.a(floatops.o)
                0x0000971a                __SEGGER_RTL_float64_isinf
 .text.libc.ldexpf
                0x00009734       0x3c C:/Program Files/SEGGER/SEGGER Embedded Studio 8.24/lib/libc_v7em_fpv4_sp_d16_hard_t_le_eabi_balanced.a(floatops.o)
                0x00009734                ldexpf
 .text.libc.frexpf
                0x00009770       0x2e C:/Program Files/SEGGER/SEGGER Embedded Studio 8.24/lib/libc_v7em_fpv4_sp_d16_hard_t_le_eabi_balanced.a(floatops.o)
                0x00009770                frexpf
 *fill*         0x0000979e        0x2 
 .text.libc.fmodf
                0x000097a0      0x114 C:/Program Files/SEGGER/SEGGER Embedded Studio 8.24/lib/libc_v7em_fpv4_sp_d16_hard_t_le_eabi_balanced.a(floatops.o)
                0x000097a0                fmodf
 .text.libc.floorf
                0x000098b4       0x68 C:/Program Files/SEGGER/SEGGER Embedded Studio 8.24/lib/libc_v7em_fpv4_sp_d16_hard_t_le_eabi_balanced.a(floatops.o)
                0x000098b4                floorf
 .text.libc.sqrt
                0x0000991c      0x254 C:/Program Files/SEGGER/SEGGER Embedded Studio 8.24/lib/libc_v7em_fpv4_sp_d16_hard_t_le_eabi_balanced.a(floatops.o)
                0x0000991c                sqrt
 .text.libc.__SEGGER_RTL_float64_normalize
                0x00009b70       0x42 C:/Program Files/SEGGER/SEGGER Embedded Studio 8.24/lib/libc_v7em_fpv4_sp_d16_hard_t_le_eabi_balanced.a(floatops.o)
 *fill*         0x00009bb2        0x2 
 .text.libc.__aeabi_dadd
                0x00009bb4      0x240 C:/Program Files/SEGGER/SEGGER Embedded Studio 8.24/lib/libc_v7em_fpv4_sp_d16_hard_t_le_eabi_balanced.a(floatasmops_arm.o)
                0x00009bb4                __aeabi_dadd
 .text.libc.__aeabi_dsub
                0x00009df4        0x8 C:/Program Files/SEGGER/SEGGER Embedded Studio 8.24/lib/libc_v7em_fpv4_sp_d16_hard_t_le_eabi_balanced.a(floatasmops_arm.o)
                0x00009df4                __aeabi_dsub
 .text.libc.__aeabi_dmul
                0x00009dfc      0x130 C:/Program Files/SEGGER/SEGGER Embedded Studio 8.24/lib/libc_v7em_fpv4_sp_d16_hard_t_le_eabi_balanced.a(floatasmops_arm.o)
                0x00009dfc                __aeabi_dmul
 .text.libc.__aeabi_ddiv
                0x00009f2c      0x1c4 C:/Program Files/SEGGER/SEGGER Embedded Studio 8.24/lib/libc_v7em_fpv4_sp_d16_hard_t_le_eabi_balanced.a(floatasmops_arm.o)
                0x00009f2c                __aeabi_ddiv
 .text.libc.__aeabi_dcmple
                0x0000a0f0       0x3c C:/Program Files/SEGGER/SEGGER Embedded Studio 8.24/lib/libc_v7em_fpv4_sp_d16_hard_t_le_eabi_balanced.a(floatasmops_arm.o)
                0x0000a0f0                __aeabi_dcmple
 .text.libc.__aeabi_dcmpeq
                0x0000a12c       0x30 C:/Program Files/SEGGER/SEGGER Embedded Studio 8.24/lib/libc_v7em_fpv4_sp_d16_hard_t_le_eabi_balanced.a(floatasmops_arm.o)
                0x0000a12c                __aeabi_dcmpeq
 .text.libc.__aeabi_dcmpgt
                0x0000a15c       0x38 C:/Program Files/SEGGER/SEGGER Embedded Studio 8.24/lib/libc_v7em_fpv4_sp_d16_hard_t_le_eabi_balanced.a(floatasmops_arm.o)
                0x0000a15c                __aeabi_dcmpgt
 .text.libc.__aeabi_dcmplt
                0x0000a194       0x38 C:/Program Files/SEGGER/SEGGER Embedded Studio 8.24/lib/libc_v7em_fpv4_sp_d16_hard_t_le_eabi_balanced.a(floatasmops_arm.o)
                0x0000a194                __aeabi_dcmplt
 .text.libc.__aeabi_f2ulz
                0x0000a1cc       0x40 C:/Program Files/SEGGER/SEGGER Embedded Studio 8.24/lib/libc_v7em_fpv4_sp_d16_hard_t_le_eabi_balanced.a(floatasmops_arm.o)
                0x0000a1cc                __aeabi_f2ulz
 .text.libc.__aeabi_i2d
                0x0000a20c       0x24 C:/Program Files/SEGGER/SEGGER Embedded Studio 8.24/lib/libc_v7em_fpv4_sp_d16_hard_t_le_eabi_balanced.a(floatasmops_arm.o)
                0x0000a20c                __aeabi_i2d
 .text.libc.__aeabi_ul2f
                0x0000a230       0x54 C:/Program Files/SEGGER/SEGGER Embedded Studio 8.24/lib/libc_v7em_fpv4_sp_d16_hard_t_le_eabi_balanced.a(floatasmops_arm.o)
                0x0000a230                __aeabi_ul2f
 .text.libc.__aeabi_f2d
                0x0000a284       0x34 C:/Program Files/SEGGER/SEGGER Embedded Studio 8.24/lib/libc_v7em_fpv4_sp_d16_hard_t_le_eabi_balanced.a(floatasmops_arm.o)
                0x0000a284                __aeabi_f2d
 .text.libc.__aeabi_d2f
                0x0000a2b8       0x4c C:/Program Files/SEGGER/SEGGER Embedded Studio 8.24/lib/libc_v7em_fpv4_sp_d16_hard_t_le_eabi_balanced.a(floatasmops_arm.o)
                0x0000a2b8                __aeabi_d2f
 .text.libc.__SEGGER_RTL_putc
                0x0000a304       0x84 C:/Program Files/SEGGER/SEGGER Embedded Studio 8.24/lib/libc_v7em_fpv4_sp_d16_hard_t_le_eabi_balanced.a(prinops.o)
                0x0000a304                __SEGGER_RTL_putc
 .text.libc.__SEGGER_RTL_prin_flush
                0x0000a388       0x1a C:/Program Files/SEGGER/SEGGER Embedded Studio 8.24/lib/libc_v7em_fpv4_sp_d16_hard_t_le_eabi_balanced.a(prinops.o)
                0x0000a388                __SEGGER_RTL_prin_flush
 .text.libc.__SEGGER_RTL_print_padding
                0x0000a3a2       0x1c C:/Program Files/SEGGER/SEGGER Embedded Studio 8.24/lib/libc_v7em_fpv4_sp_d16_hard_t_le_eabi_balanced.a(prinops.o)
                0x0000a3a2                __SEGGER_RTL_print_padding
 .text.libc.__SEGGER_RTL_pre_padding
                0x0000a3be       0x12 C:/Program Files/SEGGER/SEGGER Embedded Studio 8.24/lib/libc_v7em_fpv4_sp_d16_hard_t_le_eabi_balanced.a(prinops.o)
                0x0000a3be                __SEGGER_RTL_pre_padding
 .text.libc.vfprintf
                0x0000a3d0       0x1c C:/Program Files/SEGGER/SEGGER Embedded Studio 8.24/lib/libc_v7em_fpv4_sp_d16_hard_t_le_eabi_balanced.a(prinops.o)
                0x0000a3d0                vfprintf
 .text.libc.vfprintf_l
                0x0000a3ec       0x6c C:/Program Files/SEGGER/SEGGER Embedded Studio 8.24/lib/libc_v7em_fpv4_sp_d16_hard_t_le_eabi_balanced.a(prinops.o)
                0x0000a3ec                vfprintf_l
 .text.libc.__SEGGER_RTL_stream_write
                0x0000a458        0xa C:/Program Files/SEGGER/SEGGER Embedded Studio 8.24/lib/libc_v7em_fpv4_sp_d16_hard_t_le_eabi_balanced.a(prinops.o)
 .text.libc.printf
                0x0000a462       0x2a C:/Program Files/SEGGER/SEGGER Embedded Studio 8.24/lib/libc_v7em_fpv4_sp_d16_hard_t_le_eabi_balanced.a(prinops.o)
                0x0000a462                printf
 .text.libc.__SEGGER_RTL_vfprintf_short_float_long
                0x0000a48c      0xbc4 C:/Program Files/SEGGER/SEGGER Embedded Studio 8.24/lib/libc_v7em_fpv4_sp_d16_hard_t_le_eabi_balanced.a(__SEGGER_RTL_vfprintf_short_float_long.o)
                0x0000a48c                __SEGGER_RTL_vfprintf_short_float_long
 .text.libc.abs
                0x0000b050        0x8 C:/Program Files/SEGGER/SEGGER Embedded Studio 8.24/lib/libc_v7em_fpv4_sp_d16_hard_t_le_eabi_balanced.a(intops.o)
                0x0000b050                abs
 .text.libc.__SEGGER_RTL_pow10f
                0x0000b058       0x3a C:/Program Files/SEGGER/SEGGER Embedded Studio 8.24/lib/libc_v7em_fpv4_sp_d16_hard_t_le_eabi_balanced.a(utilops.o)
                0x0000b058                __SEGGER_RTL_pow10f
 *fill*         0x0000b092        0x2 
 .text.libc.__aeabi_uldivmod
                0x0000b094      0x130 C:/Program Files/SEGGER/SEGGER Embedded Studio 8.24/lib/libc_v7em_fpv4_sp_d16_hard_t_le_eabi_balanced.a(intasmops_arm.o)
                0x0000b094                __aeabi_uldivmod
 .text.libc.__SEGGER_RTL_X_file_stat
                0x0000b1c4       0x38 C:/Program Files/SEGGER/SEGGER Embedded Studio 8.24/lib/prinops_rtt_v7em_fpv4_sp_d16_hard_t_le_eabi_balanced.a(prinops_rtt.o)
                0x0000b1c4                __SEGGER_RTL_X_file_stat
 .text.libc.__SEGGER_RTL_X_file_bufsize
                0x0000b1fc        0x4 C:/Program Files/SEGGER/SEGGER Embedded Studio 8.24/lib/prinops_rtt_v7em_fpv4_sp_d16_hard_t_le_eabi_balanced.a(prinops_rtt.o)
                0x0000b1fc                __SEGGER_RTL_X_file_bufsize
 .text.libc.__SEGGER_RTL_X_file_write
                0x0000b200        0x6 C:/Program Files/SEGGER/SEGGER Embedded Studio 8.24/lib/prinops_rtt_v7em_fpv4_sp_d16_hard_t_le_eabi_balanced.a(prinops_rtt.o)
                0x0000b200                __SEGGER_RTL_X_file_write
 .text.libc.strlen
                0x0000b206       0x2a C:/Program Files/SEGGER/SEGGER Embedded Studio 8.24/lib/strops_unaligned_v7em_fpv4_sp_d16_hard_t_le_eabi_balanced.a(strops.o)
                0x0000b206                strlen
 .text.libc.strnlen
                0x0000b230       0x4c C:/Program Files/SEGGER/SEGGER Embedded Studio 8.24/lib/strops_unaligned_v7em_fpv4_sp_d16_hard_t_le_eabi_balanced.a(strops.o)
                0x0000b230                strnlen
 .text.libc.memcpy
                0x0000b27c       0x5c C:/Program Files/SEGGER/SEGGER Embedded Studio 8.24/lib/strops_unaligned_v7em_fpv4_sp_d16_hard_t_le_eabi_balanced.a(strasmops_arm.o)
                0x0000b27c                __aeabi_memcpy
                0x0000b27c                memcpy
                0x0000b29a                __aeabi_memcpy8
                0x0000b29a                __aeabi_memcpy4
 .text.libc.__aeabi_memclr
                0x0000b2d8       0x68 C:/Program Files/SEGGER/SEGGER Embedded Studio 8.24/lib/strops_unaligned_v7em_fpv4_sp_d16_hard_t_le_eabi_balanced.a(strasmops_arm.o)
                0x0000b2d8                __aeabi_memclr8
                0x0000b2d8                __aeabi_memclr
                0x0000b2d8                __aeabi_memclr4
                0x0000b2da                __aeabi_memset4
                0x0000b2da                __aeabi_memset8
                0x0000b2da                __aeabi_memset
                0x0000b2e0                memset
 .text.libc.__SEGGER_RTL_current_locale
                0x0000b340       0x18 C:/Program Files/SEGGER/SEGGER Embedded Studio 8.24/lib/mbops_timeops_v7em_fpv4_sp_d16_hard_t_le_eabi_balanced.a(mbops.o)
                0x0000b340                __SEGGER_RTL_current_locale
 .text.libc.__SEGGER_RTL_ascii_mbtowc
                0x0000b358       0x32 C:/Program Files/SEGGER/SEGGER Embedded Studio 8.24/lib/mbops_timeops_v7em_fpv4_sp_d16_hard_t_le_eabi_balanced.a(mbops.o)
                0x0000b358                __SEGGER_RTL_ascii_mbtowc
 .text.libc.__SEGGER_RTL_ascii_wctomb
                0x0000b38a        0xe C:/Program Files/SEGGER/SEGGER Embedded Studio 8.24/lib/mbops_timeops_v7em_fpv4_sp_d16_hard_t_le_eabi_balanced.a(mbops.o)
                0x0000b38a                __SEGGER_RTL_ascii_wctomb
 .text.libc.__SEGGER_RTL_ascii_isctype
                0x0000b398       0x20 C:/Program Files/SEGGER/SEGGER Embedded Studio 8.24/lib/mbops_timeops_v7em_fpv4_sp_d16_hard_t_le_eabi_balanced.a(mbops.o)
 .text.libc.__SEGGER_RTL_ascii_toupper
                0x0000b3b8        0xc C:/Program Files/SEGGER/SEGGER Embedded Studio 8.24/lib/mbops_timeops_v7em_fpv4_sp_d16_hard_t_le_eabi_balanced.a(mbops.o)
 .text.libc.__SEGGER_RTL_ascii_tolower
                0x0000b3c4        0xe C:/Program Files/SEGGER/SEGGER Embedded Studio 8.24/lib/mbops_timeops_v7em_fpv4_sp_d16_hard_t_le_eabi_balanced.a(mbops.o)
 .text.libc.__SEGGER_RTL_ascii_iswctype
                0x0000b3d2       0x20 C:/Program Files/SEGGER/SEGGER Embedded Studio 8.24/lib/mbops_timeops_v7em_fpv4_sp_d16_hard_t_le_eabi_balanced.a(mbops.o)
 .text.libc.__SEGGER_RTL_ascii_towupper
                0x0000b3f2        0xc C:/Program Files/SEGGER/SEGGER Embedded Studio 8.24/lib/mbops_timeops_v7em_fpv4_sp_d16_hard_t_le_eabi_balanced.a(mbops.o)
 .text.libc.__SEGGER_RTL_ascii_towlower
                0x0000b3fe        0xe C:/Program Files/SEGGER/SEGGER Embedded Studio 8.24/lib/mbops_timeops_v7em_fpv4_sp_d16_hard_t_le_eabi_balanced.a(mbops.o)
                0x0000b40c                        __text_end__ = (__text_start__ + SIZEOF (.text))
                0x0000b15c                        __text_size__ = SIZEOF (.text)
                0x0000b40c                        __text_load_end__ = __text_end__

.vfp11_veneer   0x00000000        0x0
 .vfp11_veneer  0x00000000        0x0 linker stubs

.v4_bx          0x00000000        0x0
 .v4_bx         0x00000000        0x0 linker stubs

.iplt           0x00000000        0x0
 .iplt          0x00000000        0x0 Output/nrf52832_xxaa/Obj/ss_twr_init/ble_beacon.o
                0x00000001                        . = ASSERT (((__text_start__ == __text_end__) || ((__text_end__ - __FLASH_segment_start__) <= __FLASH_segment_size__)), error: .text is too large to fit in FLASH memory segment)
                0x0000b40c                        __dtors_load_start__ = ALIGN (__text_end__, 0x4)

.dtors          0x0000b40c        0x0
                0x0000b40c                        __dtors_start__ = .
 *(SORT_BY_NAME(.dtors.*))
 *(.dtors)
 *(.fini_array)
 *(SORT_BY_NAME(.fini_array.*))
                0x0000b40c                        __dtors_end__ = (__dtors_start__ + SIZEOF (.dtors))
                0x00000000                        __dtors_size__ = SIZEOF (.dtors)
                0x0000b40c                        __dtors_load_end__ = __dtors_end__
                0x00000001                        . = ASSERT (((__dtors_start__ == __dtors_end__) || ((__dtors_end__ - __FLASH_segment_start__) <= __FLASH_segment_size__)), error: .dtors is too large to fit in FLASH memory segment)
                0x0000b40c                        __ctors_load_start__ = ALIGN (__dtors_end__, 0x4)

.ctors          0x0000b40c        0x0
                0x0000b40c                        __ctors_start__ = .
 *(SORT_BY_NAME(.ctors.*))
 *(.ctors)
 *(.init_array)
 *(SORT_BY_NAME(.init_array.*))
                0x0000b40c                        __ctors_end__ = (__ctors_start__ + SIZEOF (.ctors))
                0x00000000                        __ctors_size__ = SIZEOF (.ctors)
                0x0000b40c                        __ctors_load_end__ = __ctors_end__
                0x00000001                        . = ASSERT (((__ctors_start__ == __ctors_end__) || ((__ctors_end__ - __FLASH_segment_start__) <= __FLASH_segment_size__)), error: .ctors is too large to fit in FLASH memory segment)
                0x0000b40c                        __rodata_load_start__ = ALIGN (__ctors_end__, 0x4)

.rodata         0x0000b40c     0x10c1
                0x0000b40c                        __rodata_start__ = .
 *(.rodata .rodata.* .gnu.linkonce.r.* .data.rel.ro .data.rel.ro.*)
 .rodata.ble_freqs
                0x0000b40c        0x3 Output/nrf52832_xxaa/Obj/ss_twr_init/ble_beacon.o
 *fill*         0x0000b40f        0x1 
 .rodata.ble_ch_idx
                0x0000b410        0x3 Output/nrf52832_xxaa/Obj/ss_twr_init/ble_beacon.o
 *fill*         0x0000b413        0x1 
 .rodata.ble_freqs
                0x0000b414        0x3 Output/nrf52832_xxaa/Obj/ss_twr_init/ble_scanner.o
 *fill*         0x0000b417        0x1 
 .rodata.ble_ch_idx
                0x0000b418        0x3 Output/nrf52832_xxaa/Obj/ss_twr_init/ble_scanner.o
 *fill*         0x0000b41b        0x1 
 .rodata        0x0000b41c      0x20d Output/nrf52832_xxaa/Obj/ss_twr_init/main.o
 *fill*         0x0000b629        0x3 
 .rodata        0x0000b62c      0x440 Output/nrf52832_xxaa/Obj/ss_twr_init/ss_init_main.o
 .rodata        0x0000ba6c      0x4b5 Output/nrf52832_xxaa/Obj/ss_twr_init/ss_resp_main.o
 *fill*         0x0000bf21        0x3 
 .rodata.chan_idx
                0x0000bf24        0x8 Output/nrf52832_xxaa/Obj/ss_twr_init/deca_params_init.o
                0x0000bf24                chan_idx
 .rodata.tx_config
                0x0000bf2c       0x18 Output/nrf52832_xxaa/Obj/ss_twr_init/deca_params_init.o
                0x0000bf2c                tx_config
 .rodata.fs_pll_cfg
                0x0000bf44       0x18 Output/nrf52832_xxaa/Obj/ss_twr_init/deca_params_init.o
                0x0000bf44                fs_pll_cfg
 .rodata.fs_pll_tune
                0x0000bf5c        0x6 Output/nrf52832_xxaa/Obj/ss_twr_init/deca_params_init.o
                0x0000bf5c                fs_pll_tune
 *fill*         0x0000bf62        0x2 
 .rodata.rx_config
                0x0000bf64        0x2 Output/nrf52832_xxaa/Obj/ss_twr_init/deca_params_init.o
                0x0000bf64                rx_config
 *fill*         0x0000bf66        0x2 
 .rodata.agc_config
                0x0000bf68        0x8 Output/nrf52832_xxaa/Obj/ss_twr_init/deca_params_init.o
                0x0000bf68                agc_config
 .rodata.dwnsSFDlen
                0x0000bf70        0x3 Output/nrf52832_xxaa/Obj/ss_twr_init/deca_params_init.o
                0x0000bf70                dwnsSFDlen
 *fill*         0x0000bf73        0x1 
 .rodata.sftsh  0x0000bf74        0xc Output/nrf52832_xxaa/Obj/ss_twr_init/deca_params_init.o
                0x0000bf74                sftsh
 .rodata.dtune1
                0x0000bf80        0x4 Output/nrf52832_xxaa/Obj/ss_twr_init/deca_params_init.o
                0x0000bf80                dtune1
 .rodata.digital_bb_config
                0x0000bf84       0x20 Output/nrf52832_xxaa/Obj/ss_twr_init/deca_params_init.o
                0x0000bf84                digital_bb_config
 .rodata.lde_replicaCoeff
                0x0000bfa4       0x32 Output/nrf52832_xxaa/Obj/ss_twr_init/deca_params_init.o
                0x0000bfa4                lde_replicaCoeff
 *fill*         0x0000bfd6        0x2 
 .rodata.spi    0x0000bfd8        0x8 Output/nrf52832_xxaa/Obj/ss_twr_init/port_platform.o
 .rodata        0x0000bfe0       0x20 Output/nrf52832_xxaa/Obj/ss_twr_init/port_platform.o
 .rodata        0x0000c000        0x5 Output/nrf52832_xxaa/Obj/ss_twr_init/tasks.o
 *fill*         0x0000c005        0x3 
 .rodata        0x0000c008        0xd Output/nrf52832_xxaa/Obj/ss_twr_init/timers.o
 *fill*         0x0000c015        0x3 
 .rodata        0x0000c018       0x17 Output/nrf52832_xxaa/Obj/ss_twr_init/SEGGER_RTT.o
 .rodata.libc.__SEGGER_RTL_aSqrtData
                0x0000c02f      0x180 C:/Program Files/SEGGER/SEGGER Embedded Studio 8.24/lib/libc_v7em_fpv4_sp_d16_hard_t_le_eabi_balanced.a(floatops.o)
 .rodata.libc.__SEGGER_RTL_hex_uc
                0x0000c1af       0x10 C:/Program Files/SEGGER/SEGGER Embedded Studio 8.24/lib/libc_v7em_fpv4_sp_d16_hard_t_le_eabi_balanced.a(prinops.o)
                0x0000c1af                __SEGGER_RTL_hex_uc
 .rodata.libc.__SEGGER_RTL_hex_lc
                0x0000c1bf       0x10 C:/Program Files/SEGGER/SEGGER Embedded Studio 8.24/lib/libc_v7em_fpv4_sp_d16_hard_t_le_eabi_balanced.a(prinops.o)
                0x0000c1bf                __SEGGER_RTL_hex_lc
 *fill*         0x0000c1cf        0x1 
 .rodata.libc.__SEGGER_RTL_ipow10
                0x0000c1d0       0xa0 C:/Program Files/SEGGER/SEGGER Embedded Studio 8.24/lib/libc_v7em_fpv4_sp_d16_hard_t_le_eabi_balanced.a(prinops.o)
                0x0000c1d0                __SEGGER_RTL_ipow10
 .rodata.libc..L.str
                0x0000c270        0x7 C:/Program Files/SEGGER/SEGGER Embedded Studio 8.24/lib/libc_v7em_fpv4_sp_d16_hard_t_le_eabi_balanced.a(__SEGGER_RTL_vfprintf_short_float_long.o)
 .rodata.libc..L.str.1
                0x0000c277        0x5 C:/Program Files/SEGGER/SEGGER Embedded Studio 8.24/lib/libc_v7em_fpv4_sp_d16_hard_t_le_eabi_balanced.a(__SEGGER_RTL_vfprintf_short_float_long.o)
 .rodata.libc..L.str.2
                0x0000c27c        0x5 C:/Program Files/SEGGER/SEGGER Embedded Studio 8.24/lib/libc_v7em_fpv4_sp_d16_hard_t_le_eabi_balanced.a(__SEGGER_RTL_vfprintf_short_float_long.o)
 .rodata.libc..L.str.3
                0x0000c281        0x5 C:/Program Files/SEGGER/SEGGER Embedded Studio 8.24/lib/libc_v7em_fpv4_sp_d16_hard_t_le_eabi_balanced.a(__SEGGER_RTL_vfprintf_short_float_long.o)
 .rodata.libc..L.str.4
                0x0000c286        0x5 C:/Program Files/SEGGER/SEGGER Embedded Studio 8.24/lib/libc_v7em_fpv4_sp_d16_hard_t_le_eabi_balanced.a(__SEGGER_RTL_vfprintf_short_float_long.o)
 .rodata.libc..L.str.5
                0x0000c28b        0x4 C:/Program Files/SEGGER/SEGGER Embedded Studio 8.24/lib/libc_v7em_fpv4_sp_d16_hard_t_le_eabi_balanced.a(__SEGGER_RTL_vfprintf_short_float_long.o)
 .rodata.libc..L.str.6
                0x0000c28f        0x4 C:/Program Files/SEGGER/SEGGER Embedded Studio 8.24/lib/libc_v7em_fpv4_sp_d16_hard_t_le_eabi_balanced.a(__SEGGER_RTL_vfprintf_short_float_long.o)
 *fill*         0x0000c293        0x1 
 .rodata.libc.__SEGGER_RTL_aPower2f
                0x0000c294       0x18 C:/Program Files/SEGGER/SEGGER Embedded Studio 8.24/lib/libc_v7em_fpv4_sp_d16_hard_t_le_eabi_balanced.a(utilops.o)
 .rodata.libc.__SEGGER_RTL_c_locale
                0x0000c2ac        0xc C:/Program Files/SEGGER/SEGGER Embedded Studio 8.24/lib/mbops_timeops_v7em_fpv4_sp_d16_hard_t_le_eabi_balanced.a(mbops.o)
                0x0000c2ac                __SEGGER_RTL_c_locale
 .rodata.libc.__SEGGER_RTL_c_locale_day_names
                0x0000c2b8       0x3a C:/Program Files/SEGGER/SEGGER Embedded Studio 8.24/lib/mbops_timeops_v7em_fpv4_sp_d16_hard_t_le_eabi_balanced.a(mbops.o)
                0x0000c2b8                __SEGGER_RTL_c_locale_day_names
 .rodata.libc.__SEGGER_RTL_c_locale_month_names
                0x0000c2f2       0x57 C:/Program Files/SEGGER/SEGGER Embedded Studio 8.24/lib/mbops_timeops_v7em_fpv4_sp_d16_hard_t_le_eabi_balanced.a(mbops.o)
                0x0000c2f2                __SEGGER_RTL_c_locale_month_names
 .rodata.libc.__SEGGER_RTL_c_locale_am_pm_indicator
                0x0000c349        0x7 C:/Program Files/SEGGER/SEGGER Embedded Studio 8.24/lib/mbops_timeops_v7em_fpv4_sp_d16_hard_t_le_eabi_balanced.a(mbops.o)
                0x0000c349                __SEGGER_RTL_c_locale_am_pm_indicator
 .rodata.libc.__SEGGER_RTL_c_locale_date_format
                0x0000c350        0x9 C:/Program Files/SEGGER/SEGGER Embedded Studio 8.24/lib/mbops_timeops_v7em_fpv4_sp_d16_hard_t_le_eabi_balanced.a(mbops.o)
                0x0000c350                __SEGGER_RTL_c_locale_date_format
 .rodata.libc.__SEGGER_RTL_c_locale_time_format
                0x0000c359        0x9 C:/Program Files/SEGGER/SEGGER Embedded Studio 8.24/lib/mbops_timeops_v7em_fpv4_sp_d16_hard_t_le_eabi_balanced.a(mbops.o)
                0x0000c359                __SEGGER_RTL_c_locale_time_format
 .rodata.libc.__SEGGER_RTL_c_locale_date_time_format
                0x0000c362        0xf C:/Program Files/SEGGER/SEGGER Embedded Studio 8.24/lib/mbops_timeops_v7em_fpv4_sp_d16_hard_t_le_eabi_balanced.a(mbops.o)
                0x0000c362                __SEGGER_RTL_c_locale_date_time_format
 .rodata.libc..L.str
                0x0000c371        0x2 C:/Program Files/SEGGER/SEGGER Embedded Studio 8.24/lib/mbops_timeops_v7em_fpv4_sp_d16_hard_t_le_eabi_balanced.a(mbops.o)
 *fill*         0x0000c373        0x1 
 .rodata.libc.__SEGGER_RTL_codeset_ascii
                0x0000c374       0x20 C:/Program Files/SEGGER/SEGGER Embedded Studio 8.24/lib/mbops_timeops_v7em_fpv4_sp_d16_hard_t_le_eabi_balanced.a(mbops.o)
                0x0000c374                __SEGGER_RTL_codeset_ascii
 .rodata.libc.__SEGGER_RTL_c_locale_abbrev_day_names
                0x0000c394       0x1d C:/Program Files/SEGGER/SEGGER Embedded Studio 8.24/lib/mbops_timeops_v7em_fpv4_sp_d16_hard_t_le_eabi_balanced.a(mbops.o)
                0x0000c394                __SEGGER_RTL_c_locale_abbrev_day_names
 .rodata.libc.__SEGGER_RTL_c_locale_abbrev_month_names
                0x0000c3b1       0x31 C:/Program Files/SEGGER/SEGGER Embedded Studio 8.24/lib/mbops_timeops_v7em_fpv4_sp_d16_hard_t_le_eabi_balanced.a(mbops.o)
                0x0000c3b1                __SEGGER_RTL_c_locale_abbrev_month_names
 .rodata.libc.__SEGGER_RTL_data_utf8_period
                0x0000c3e2        0x2 C:/Program Files/SEGGER/SEGGER Embedded Studio 8.24/lib/mbops_timeops_v7em_fpv4_sp_d16_hard_t_le_eabi_balanced.a(mbops.o)
                0x0000c3e2                __SEGGER_RTL_data_utf8_period
 .rodata.libc.__SEGGER_RTL_data_empty_string
                0x0000c3e4        0x1 C:/Program Files/SEGGER/SEGGER Embedded Studio 8.24/lib/mbops_timeops_v7em_fpv4_sp_d16_hard_t_le_eabi_balanced.a(mbops.o)
                0x0000c3e4                __SEGGER_RTL_data_empty_string
 *fill*         0x0000c3e5        0x3 
 .rodata.libc.__SEGGER_RTL_c_locale_data
                0x0000c3e8       0x58 C:/Program Files/SEGGER/SEGGER Embedded Studio 8.24/lib/mbops_timeops_v7em_fpv4_sp_d16_hard_t_le_eabi_balanced.a(mbops.o)
                0x0000c3e8                __SEGGER_RTL_c_locale_data
 .rodata.libc.__SEGGER_RTL_ascii_ctype_map
                0x0000c440       0x80 C:/Program Files/SEGGER/SEGGER Embedded Studio 8.24/lib/mbops_timeops_v7em_fpv4_sp_d16_hard_t_le_eabi_balanced.a(mbops.o)
 .rodata.libc.__SEGGER_RTL_ascii_ctype_mask
                0x0000c4c0        0xd C:/Program Files/SEGGER/SEGGER Embedded Studio 8.24/lib/mbops_timeops_v7em_fpv4_sp_d16_hard_t_le_eabi_balanced.a(mbops.o)
                0x0000c4cd                        __rodata_end__ = (__rodata_start__ + SIZEOF (.rodata))
                0x000010c1                        __rodata_size__ = SIZEOF (.rodata)
                0x0000c4cd                        __rodata_load_end__ = __rodata_end__

.rel.dyn        0x00000000        0x0
 .rel.iplt      0x00000000        0x0 Output/nrf52832_xxaa/Obj/ss_twr_init/ble_beacon.o
                0x00000001                        . = ASSERT (((__rodata_start__ == __rodata_end__) || ((__rodata_end__ - __FLASH_segment_start__) <= __FLASH_segment_size__)), error: .rodata is too large to fit in FLASH memory segment)
                0x0000c4d0                        __ARM.exidx_load_start__ = ALIGN (__rodata_end__, 0x4)

.ARM.exidx      0x0000c4d0        0x0
                0x0000c4d0                        __ARM.exidx_start__ = .
                0x0000c4d0                        __exidx_start = __ARM.exidx_start__
 *(.ARM.exidx .ARM.exidx.*)
                0x0000c4d0                        __ARM.exidx_end__ = (__ARM.exidx_start__ + SIZEOF (.ARM.exidx))
                0x00000000                        __ARM.exidx_size__ = SIZEOF (.ARM.exidx)
                0x0000c4d0                        __exidx_end = __ARM.exidx_end__
                0x0000c4d0                        __ARM.exidx_load_end__ = __ARM.exidx_end__
                0x00000001                        . = ASSERT (((__ARM.exidx_start__ == __ARM.exidx_end__) || ((__ARM.exidx_end__ - __FLASH_segment_start__) <= __FLASH_segment_size__)), error: .ARM.exidx is too large to fit in FLASH memory segment)
                0x0000c4d0                        __fast_load_start__ = ALIGN (__ARM.exidx_end__, 0x4)

.fast           0x20000000        0x0 load address 0x0000c4d0
                0x20000000                        __fast_start__ = .
 *(.fast .fast.*)
                0x20000000                        __fast_end__ = (__fast_start__ + SIZEOF (.fast))
                0x00000000                        __fast_size__ = SIZEOF (.fast)
                0x0000c4d0                        __fast_load_end__ = (__fast_load_start__ + SIZEOF (.fast))
                0x00000001                        . = ASSERT (((__fast_load_start__ == __fast_load_end__) || ((__fast_load_end__ - __FLASH_segment_start__) <= __FLASH_segment_size__)), error: .fast is too large to fit in FLASH memory segment)

.fast_run       0x20000000        0x0
                0x20000000                        __fast_run_start__ = .
                0x20000000                        __fast_run_end__ = (__fast_run_start__ + SIZEOF (.fast))
                0x00000000                        __fast_run_size__ = (__fast_run_end__ - __fast_run_start__)
                0x20000000                        __fast_run_load_end__ = __fast_run_end__
                0x00000001                        . = ASSERT (((__fast_run_start__ == __fast_run_end__) || ((__fast_run_end__ - __SRAM_segment_start__) <= __SRAM_segment_size__)), error: .fast_run is too large to fit in SRAM memory segment)
                0x0000c4d0                        __data_load_start__ = ALIGN ((__fast_load_start__ + SIZEOF (.fast)), 0x4)

.data           0x20000000       0x88 load address 0x0000c4d0
                0x20000000                        __data_start__ = .
 *(.data .data.* .gnu.linkonce.d.*)
 .data.config   0x20000000        0xc Output/nrf52832_xxaa/Obj/ss_twr_init/main.o
 .data.tx_poll_msg
                0x2000000c        0xd Output/nrf52832_xxaa/Obj/ss_twr_init/ss_init_main.o
 *fill*         0x20000019        0x3 
 .data.tx_resp_msg
                0x2000001c       0x1f Output/nrf52832_xxaa/Obj/ss_twr_init/ss_resp_main.o
 *fill*         0x2000003b        0x1 
 .data.tx_resp_msg
                0x2000003c       0x1f Output/nrf52832_xxaa/Obj/ss_twr_init/uwb_calib.o
 *fill*         0x2000005b        0x1 
 .data.pdw1000local
                0x2000005c        0x4 Output/nrf52832_xxaa/Obj/ss_twr_init/deca_device.o
 .data.xNextTaskUnblockTime
                0x20000060        0x4 Output/nrf52832_xxaa/Obj/ss_twr_init/tasks.o
 .data.SystemCoreClock
                0x20000064        0x4 Output/nrf52832_xxaa/Obj/ss_twr_init/system_nrf52.o
                0x20000064                SystemCoreClock
 .data.libc.stdin
                0x20000068        0x4 C:/Program Files/SEGGER/SEGGER Embedded Studio 8.24/lib/prinops_rtt_v7em_fpv4_sp_d16_hard_t_le_eabi_balanced.a(prinops_rtt.o)
                0x20000068                stdin
 .data.libc.stdout
                0x2000006c        0x4 C:/Program Files/SEGGER/SEGGER Embedded Studio 8.24/lib/prinops_rtt_v7em_fpv4_sp_d16_hard_t_le_eabi_balanced.a(prinops_rtt.o)
                0x2000006c                stdout
 .data.libc.stderr
                0x20000070        0x4 C:/Program Files/SEGGER/SEGGER Embedded Studio 8.24/lib/prinops_rtt_v7em_fpv4_sp_d16_hard_t_le_eabi_balanced.a(prinops_rtt.o)
                0x20000070                stderr
 .data.libc.__SEGGER_RTL_global_locale
                0x20000074       0x14 C:/Program Files/SEGGER/SEGGER Embedded Studio 8.24/lib/mbops_timeops_v7em_fpv4_sp_d16_hard_t_le_eabi_balanced.a(mbops.o)
                0x20000074                __SEGGER_RTL_global_locale
                0x20000074                __RAL_global_locale
                0x20000088                        __data_end__ = (__data_start__ + SIZEOF (.data))
                0x00000088                        __data_size__ = SIZEOF (.data)
                0x0000c558                        __data_load_end__ = (__data_load_start__ + SIZEOF (.data))

.igot.plt       0x00000000        0x0
 .igot.plt      0x00000000        0x0 Output/nrf52832_xxaa/Obj/ss_twr_init/ble_beacon.o
                0x00000001                        . = ASSERT (((__data_load_start__ == __data_load_end__) || ((__data_load_end__ - __FLASH_segment_start__) <= __FLASH_segment_size__)), error: .data is too large to fit in FLASH memory segment)

.data_run       0x20000000        0x0
                0x20000000                        __data_run_start__ = .
                0x20000088                        __data_run_end__ = (__data_run_start__ + SIZEOF (.data))
                0x00000088                        __data_run_size__ = (__data_run_end__ - __data_run_start__)
                0x20000088                        __data_run_load_end__ = __data_run_end__
                0x00000001                        . = ASSERT (((__data_run_start__ == __data_run_end__) || ((__data_run_end__ - __SRAM_segment_start__) <= __SRAM_segment_size__)), error: .data_run is too large to fit in SRAM memory segment)
                0x0000c558                        __tdata_load_start__ = ALIGN ((__data_load_start__ + SIZEOF (.data)), 0x4)

.tdata          0x20000088        0x0 load address 0x0000c558
                0x20000088                        __tdata_start__ = .
 *(.tdata .tdata.*)
                0x20000088                        __tdata_end__ = (__tdata_start__ + SIZEOF (.tdata))
                0x00000000                        __tdata_size__ = SIZEOF (.tdata)
                0x0000c558                        __tdata_load_end__ = (__tdata_load_start__ + SIZEOF (.tdata))
                0x00000001                        . = ASSERT (((__tdata_load_start__ == __tdata_load_end__) || ((__tdata_load_end__ - __FLASH_segment_start__) <= __FLASH_segment_size__)), error: .tdata is too large to fit in FLASH memory segment)

.tdata_run      0x20000088        0x0
                0x20000088                        __tdata_run_start__ = .
                0x20000088                        __tdata_run_end__ = (__tdata_run_start__ + SIZEOF (.tdata))
                0x00000000                        __tdata_run_size__ = (__tdata_run_end__ - __tdata_run_start__)
                0x20000088                        __tdata_run_load_end__ = __tdata_run_end__
                0x00000001                        . = ASSERT (((__tdata_run_start__ == __tdata_run_end__) || ((__tdata_run_end__ - __SRAM_segment_start__) <= __SRAM_segment_size__)), error: .tdata_run is too large to fit in SRAM memory segment)
                0x20000088                        __nrf_sections_run_load_start__ = ALIGN (__tdata_run_end__, 0x4)

.nrf_sections_run
                0x20000088        0x0
                0x20000088                        __nrf_sections_run_start__ = .
                0x20000088                        __start_nrf_sections_run = __nrf_sections_run_start__
 *(.nrf_sections_run .nrf_sections_run.*)
                0x20000088                        __nrf_sections_run_end__ = (__nrf_sections_run_start__ + SIZEOF (.nrf_sections_run))
                0x00000000                        __nrf_sections_run_size__ = SIZEOF (.nrf_sections_run)
                0x20000088                        __nrf_sections_run_load_end__ = __nrf_sections_run_end__
                0x00000001                        . = ASSERT (((__nrf_sections_run_start__ == __nrf_sections_run_end__) || ((__nrf_sections_run_end__ - __SRAM_segment_start__) <= __SRAM_segment_size__)), error: .nrf_sections_run is too large to fit in SRAM memory segment)
                0x0000c558                        __dfu_trans_load_start__ = ALIGN ((__tdata_load_start__ + SIZEOF (.tdata)), 0x4)

.dfu_trans      0x0000c558        0x0
                0x0000c558                        __dfu_trans_start__ = .
                0x0000c558                        __start_dfu_trans = __dfu_trans_start__
 *(SORT_BY_NAME(.dfu_trans*))
                0x0000c558                        __dfu_trans_end__ = (__dfu_trans_start__ + SIZEOF (.dfu_trans))
                0x00000000                        __dfu_trans_size__ = SIZEOF (.dfu_trans)
                0x0000c558                        __stop_dfu_trans = __dfu_trans_end__
                0x0000c558                        __dfu_trans_load_end__ = __dfu_trans_end__
                0x00000001                        . = ASSERT (((__dfu_trans_start__ == __dfu_trans_end__) || ((__dfu_trans_end__ - __FLASH_segment_start__) <= __FLASH_segment_size__)), error: .dfu_trans is too large to fit in FLASH memory segment)
                0x0000c558                        __log_const_data_load_start__ = ALIGN (__dfu_trans_end__, 0x4)

.log_const_data
                0x0000c558        0x0
                0x0000c558                        __log_const_data_start__ = .
                0x0000c558                        __start_log_const_data = __log_const_data_start__
 *(.log_const_data*)
                0x0000c558                        __log_const_data_end__ = (__log_const_data_start__ + SIZEOF (.log_const_data))
                0x00000000                        __log_const_data_size__ = SIZEOF (.log_const_data)
                0x0000c558                        __stop_log_const_data = __log_const_data_end__
                0x0000c558                        __log_const_data_load_end__ = __log_const_data_end__
                0x00000001                        . = ASSERT (((__log_const_data_start__ == __log_const_data_end__) || ((__log_const_data_end__ - __FLASH_segment_start__) <= __FLASH_segment_size__)), error: .log_const_data is too large to fit in FLASH memory segment)
                0x0000c558                        __svc_data_load_start__ = ALIGN (__log_const_data_end__, 0x4)

.svc_data       0x0000c558        0x0
                0x0000c558                        __svc_data_start__ = .
                0x0000c558                        __start_svc_data = __svc_data_start__
 *(.svc_data*)
                0x0000c558                        __svc_data_end__ = (__svc_data_start__ + SIZEOF (.svc_data))
                0x00000000                        __svc_data_size__ = SIZEOF (.svc_data)
                0x0000c558                        __stop_svc_data = __svc_data_end__
                0x0000c558                        __svc_data_load_end__ = __svc_data_end__
                0x00000001                        . = ASSERT (((__svc_data_start__ == __svc_data_end__) || ((__svc_data_end__ - __FLASH_segment_start__) <= __FLASH_segment_size__)), error: .svc_data is too large to fit in FLASH memory segment)
                0x0000c558                        __sdh_ble_observers_load_start__ = ALIGN (__svc_data_end__, 0x4)

.sdh_ble_observers
                0x0000c558        0x0
                0x0000c558                        __sdh_ble_observers_start__ = .
                0x0000c558                        __start_sdh_ble_observers = __sdh_ble_observers_start__
 *(SORT_BY_NAME(.sdh_ble_observers*))
                0x0000c558                        __sdh_ble_observers_end__ = (__sdh_ble_observers_start__ + SIZEOF (.sdh_ble_observers))
                0x00000000                        __sdh_ble_observers_size__ = SIZEOF (.sdh_ble_observers)
                0x0000c558                        __stop_sdh_ble_observers = __sdh_ble_observers_end__
                0x0000c558                        __sdh_ble_observers_load_end__ = __sdh_ble_observers_end__
                0x00000001                        . = ASSERT (((__sdh_ble_observers_start__ == __sdh_ble_observers_end__) || ((__sdh_ble_observers_end__ - __FLASH_segment_start__) <= __FLASH_segment_size__)), error: .sdh_ble_observers is too large to fit in FLASH memory segment)
                0x0000c558                        __sdh_req_observers_load_start__ = ALIGN (__sdh_ble_observers_end__, 0x4)

.sdh_req_observers
                0x0000c558        0x0
                0x0000c558                        __sdh_req_observers_start__ = .
                0x0000c558                        __start_sdh_req_observers = __sdh_req_observers_start__
 *(SORT_BY_NAME(.sdh_req_observers*))
                0x0000c558                        __sdh_req_observers_end__ = (__sdh_req_observers_start__ + SIZEOF (.sdh_req_observers))
                0x00000000                        __sdh_req_observers_size__ = SIZEOF (.sdh_req_observers)
                0x0000c558                        __stop_sdh_req_observers = __sdh_req_observers_end__
                0x0000c558                        __sdh_req_observers_load_end__ = __sdh_req_observers_end__
                0x00000001                        . = ASSERT (((__sdh_req_observers_start__ == __sdh_req_observers_end__) || ((__sdh_req_observers_end__ - __FLASH_segment_start__) <= __FLASH_segment_size__)), error: .sdh_req_observers is too large to fit in FLASH memory segment)
                0x0000c558                        __sdh_state_observers_load_start__ = ALIGN (__sdh_req_observers_end__, 0x4)

.sdh_state_observers
                0x0000c558        0x0
                0x0000c558                        __sdh_state_observers_start__ = .
                0x0000c558                        __start_sdh_state_observers = __sdh_state_observers_start__
 *(SORT_BY_NAME(.sdh_state_observers*))
                0x0000c558                        __sdh_state_observers_end__ = (__sdh_state_observers_start__ + SIZEOF (.sdh_state_observers))
                0x00000000                        __sdh_state_observers_size__ = SIZEOF (.sdh_state_observers)
                0x0000c558                        __stop_sdh_state_observers = __sdh_state_observers_end__
                0x0000c558                        __sdh_state_observers_load_end__ = __sdh_state_observers_end__
                0x00000001                        . = ASSERT (((__sdh_state_observers_start__ == __sdh_state_observers_end__) || ((__sdh_state_observers_end__ - __FLASH_segment_start__) <= __FLASH_segment_size__)), error: .sdh_state_observers is too large to fit in FLASH memory segment)
                0x0000c558                        __sdh_stack_observers_load_start__ = ALIGN (__sdh_state_observers_end__, 0x4)

.sdh_stack_observers
                0x0000c558        0x0
                0x0000c558                        __sdh_stack_observers_start__ = .
                0x0000c558                        __start_sdh_stack_observers = __sdh_stack_observers_start__
 *(SORT_BY_NAME(.sdh_stack_observers*))
                0x0000c558                        __sdh_stack_observers_end__ = (__sdh_stack_observers_start__ + SIZEOF (.sdh_stack_observers))
                0x00000000                        __sdh_stack_observers_size__ = SIZEOF (.sdh_stack_observers)
                0x0000c558                        __stop_sdh_stack_observers = __sdh_stack_observers_end__
                0x0000c558                        __sdh_stack_observers_load_end__ = __sdh_stack_observers_end__
                0x00000001                        . = ASSERT (((__sdh_stack_observers_start__ == __sdh_stack_observers_end__) || ((__sdh_stack_observers_end__ - __FLASH_segment_start__) <= __FLASH_segment_size__)), error: .sdh_stack_observers is too large to fit in FLASH memory segment)
                0x0000c558                        __sdh_soc_observers_load_start__ = ALIGN (__sdh_stack_observers_end__, 0x4)

.sdh_soc_observers
                0x0000c558        0x0
                0x0000c558                        __sdh_soc_observers_start__ = .
                0x0000c558                        __start_sdh_soc_observers = __sdh_soc_observers_start__
 *(SORT_BY_NAME(.sdh_soc_observers*))
                0x0000c558                        __sdh_soc_observers_end__ = (__sdh_soc_observers_start__ + SIZEOF (.sdh_soc_observers))
                0x00000000                        __sdh_soc_observers_size__ = SIZEOF (.sdh_soc_observers)
                0x0000c558                        __stop_sdh_soc_observers = __sdh_soc_observers_end__
                0x0000c558                        __sdh_soc_observers_load_end__ = __sdh_soc_observers_end__
                0x00000001                        . = ASSERT (((__sdh_soc_observers_start__ == __sdh_soc_observers_end__) || ((__sdh_soc_observers_end__ - __FLASH_segment_start__) <= __FLASH_segment_size__)), error: .sdh_soc_observers is too large to fit in FLASH memory segment)
                0x0000c558                        __nrf_sections_load_start__ = ALIGN (__sdh_soc_observers_end__, 0x4)

.nrf_sections   0x0000c558        0x0
                0x0000c558                        __nrf_sections_start__ = .
                0x0000c558                        __start_nrf_sections = __nrf_sections_start__
 *(.nrf_sections .nrf_sections.*)
                0x0000c558                        __nrf_sections_end__ = (__nrf_sections_start__ + SIZEOF (.nrf_sections))
                0x00000000                        __nrf_sections_size__ = SIZEOF (.nrf_sections)
                0x0000c558                        __nrf_sections_load_end__ = __nrf_sections_end__
                0x00000001                        . = ASSERT (((__nrf_sections_start__ == __nrf_sections_end__) || ((__nrf_sections_end__ - __FLASH_segment_start__) <= __FLASH_segment_size__)), error: .nrf_sections is too large to fit in FLASH memory segment)